Component: ARM Compiler 5.06 update 6 (build 750) Tool: armlink [4d35ed]

==============================================================================

Section Cross References

    startup_stm32f103xb.o(RESET) refers to startup_stm32f103xb.o(STACK) for __initial_sp
    startup_stm32f103xb.o(RESET) refers to startup_stm32f103xb.o(.text) for Reset_Handler
    startup_stm32f103xb.o(RESET) refers to stm32f1xx_it.o(i.NMI_Handler) for NMI_Handler
    startup_stm32f103xb.o(RESET) refers to stm32f1xx_it.o(i.HardFault_Handler) for HardFault_Handler
    startup_stm32f103xb.o(RESET) refers to stm32f1xx_it.o(i.MemManage_Handler) for MemManage_Handler
    startup_stm32f103xb.o(RESET) refers to stm32f1xx_it.o(i.BusFault_Handler) for BusFault_Handler
    startup_stm32f103xb.o(RESET) refers to stm32f1xx_it.o(i.UsageFault_Handler) for UsageFault_Handler
    startup_stm32f103xb.o(RESET) refers to stm32f1xx_it.o(i.SVC_Handler) for SVC_Handler
    startup_stm32f103xb.o(RESET) refers to stm32f1xx_it.o(i.DebugMon_Handler) for DebugMon_Handler
    startup_stm32f103xb.o(RESET) refers to stm32f1xx_it.o(i.PendSV_Handler) for PendSV_Handler
    startup_stm32f103xb.o(RESET) refers to stm32f1xx_it.o(i.SysTick_Handler) for SysTick_Handler
    startup_stm32f103xb.o(.text) refers to system_stm32f1xx.o(i.SystemInit) for SystemInit
    startup_stm32f103xb.o(.text) refers to entry.o(.ARM.Collect$$$$00000000) for __main
    main.o(i.MX_I2C1_Init) refers to stm32f1xx_hal_i2c.o(i.HAL_I2C_Init) for HAL_I2C_Init
    main.o(i.MX_I2C1_Init) refers to main.o(i.Error_Handler) for Error_Handler
    main.o(i.MX_I2C1_Init) refers to main.o(.bss) for hi2c1
    main.o(i.MX_USART1_UART_Init) refers to stm32f1xx_hal_uart.o(i.HAL_UART_Init) for HAL_UART_Init
    main.o(i.MX_USART1_UART_Init) refers to main.o(i.Error_Handler) for Error_Handler
    main.o(i.MX_USART1_UART_Init) refers to main.o(.bss) for huart1
    main.o(i.SystemClock_Config) refers to memseta.o(.text) for __aeabi_memclr4
    main.o(i.SystemClock_Config) refers to stm32f1xx_hal_rcc.o(i.HAL_RCC_OscConfig) for HAL_RCC_OscConfig
    main.o(i.SystemClock_Config) refers to main.o(i.Error_Handler) for Error_Handler
    main.o(i.SystemClock_Config) refers to stm32f1xx_hal_rcc.o(i.HAL_RCC_ClockConfig) for HAL_RCC_ClockConfig
    main.o(i.main) refers to stm32f1xx_hal.o(i.HAL_Init) for HAL_Init
    main.o(i.main) refers to main.o(i.SystemClock_Config) for SystemClock_Config
    main.o(i.main) refers to main.o(i.MX_GPIO_Init) for MX_GPIO_Init
    main.o(i.main) refers to main.o(i.MX_I2C1_Init) for MX_I2C1_Init
    main.o(i.main) refers to main.o(i.MX_USART1_UART_Init) for MX_USART1_UART_Init
    main.o(i.main) refers to mpu9250.o(i.MPU9250_Init) for MPU9250_Init
    main.o(i.main) refers to mpu9250.o(i.MPU9250_MagnetometerInit) for MPU9250_MagnetometerInit
    main.o(i.main) refers to quaternion.o(i.select_filter) for select_filter
    main.o(i.main) refers to mpu9250.o(i.MPU9250_UpdateMag) for MPU9250_UpdateMag
    main.o(i.main) refers to main.o(.bss) for hi2c1
    stm32f1xx_it.o(i.SysTick_Handler) refers to stm32f1xx_hal.o(i.HAL_IncTick) for HAL_IncTick
    stm32f1xx_hal_msp.o(i.HAL_I2C_MspDeInit) refers to stm32f1xx_hal_gpio.o(i.HAL_GPIO_DeInit) for HAL_GPIO_DeInit
    stm32f1xx_hal_msp.o(i.HAL_I2C_MspInit) refers to stm32f1xx_hal_gpio.o(i.HAL_GPIO_Init) for HAL_GPIO_Init
    stm32f1xx_hal_msp.o(i.HAL_UART_MspDeInit) refers to stm32f1xx_hal_gpio.o(i.HAL_GPIO_DeInit) for HAL_GPIO_DeInit
    stm32f1xx_hal_msp.o(i.HAL_UART_MspInit) refers to stm32f1xx_hal_gpio.o(i.HAL_GPIO_Init) for HAL_GPIO_Init
    stm32f1xx_hal_i2c.o(i.HAL_I2C_DeInit) refers to stm32f1xx_hal_msp.o(i.HAL_I2C_MspDeInit) for HAL_I2C_MspDeInit
    stm32f1xx_hal_i2c.o(i.HAL_I2C_ER_IRQHandler) refers to stm32f1xx_hal_i2c.o(i.I2C_Slave_AF) for I2C_Slave_AF
    stm32f1xx_hal_i2c.o(i.HAL_I2C_ER_IRQHandler) refers to stm32f1xx_hal_i2c.o(i.I2C_ITError) for I2C_ITError
    stm32f1xx_hal_i2c.o(i.HAL_I2C_EV_IRQHandler) refers to stm32f1xx_hal_i2c.o(i.I2C_ConvertOtherXferOptions) for I2C_ConvertOtherXferOptions
    stm32f1xx_hal_i2c.o(i.HAL_I2C_EV_IRQHandler) refers to stm32f1xx_hal_i2c.o(i.I2C_Master_SB) for I2C_Master_SB
    stm32f1xx_hal_i2c.o(i.HAL_I2C_EV_IRQHandler) refers to stm32f1xx_hal_i2c.o(i.I2C_Master_ADD10) for I2C_Master_ADD10
    stm32f1xx_hal_i2c.o(i.HAL_I2C_EV_IRQHandler) refers to stm32f1xx_hal_i2c.o(i.I2C_Master_ADDR) for I2C_Master_ADDR
    stm32f1xx_hal_i2c.o(i.HAL_I2C_EV_IRQHandler) refers to stm32f1xx_hal_i2c.o(i.I2C_MasterTransmit_TXE) for I2C_MasterTransmit_TXE
    stm32f1xx_hal_i2c.o(i.HAL_I2C_EV_IRQHandler) refers to stm32f1xx_hal_i2c.o(i.I2C_MasterTransmit_BTF) for I2C_MasterTransmit_BTF
    stm32f1xx_hal_i2c.o(i.HAL_I2C_EV_IRQHandler) refers to stm32f1xx_hal_i2c.o(i.I2C_MemoryTransmit_TXE_BTF) for I2C_MemoryTransmit_TXE_BTF
    stm32f1xx_hal_i2c.o(i.HAL_I2C_EV_IRQHandler) refers to stm32f1xx_hal_i2c.o(i.I2C_MasterReceive_RXNE) for I2C_MasterReceive_RXNE
[...]
    atan2f_x.o(i.__atan2f$lsc) refers to fadd.o(.text) for __aeabi_fsub
    atan2f_x.o(i.__atan2f$lsc) refers to fmul.o(.text) for __aeabi_fmul
    atan2f_x.o(i.__atan2f$lsc) refers to funder.o(i.__mathlib_flt_infnan2) for __mathlib_flt_infnan2
    atan2f_x.o(i.__atan2f$lsc) refers to errno.o(i.__set_errno) for __set_errno
    sqrt.o(i.__softfp_sqrt) refers (Special) to iusefp.o(.text) for __I$use$fp
    sqrt.o(i.__softfp_sqrt) refers to dsqrt.o(.text) for _dsqrt
    sqrt.o(i.__softfp_sqrt) refers to errno.o(i.__set_errno) for __set_errno
    sqrt.o(i.sqrt) refers (Special) to iusefp.o(.text) for __I$use$fp
    sqrt.o(i.sqrt) refers to dsqrt.o(.text) for _dsqrt
    sqrt.o(i.sqrt) refers to errno.o(i.__set_errno) for __set_errno
    sqrt_x.o(i.____softfp_sqrt$lsc) refers (Special) to iusefp.o(.text) for __I$use$fp
    sqrt_x.o(i.____softfp_sqrt$lsc) refers to cdcmple.o(.text) for __aeabi_cdcmple
    sqrt_x.o(i.____softfp_sqrt$lsc) refers to errno.o(i.__set_errno) for __set_errno
    sqrt_x.o(i.____softfp_sqrt$lsc) refers to dsqrt.o(.text) for _dsqrt
    sqrt_x.o(i.__sqrt$lsc) refers (Special) to iusefp.o(.text) for __I$use$fp
    sqrt_x.o(i.__sqrt$lsc) refers to cdcmple.o(.text) for __aeabi_cdcmple
    sqrt_x.o(i.__sqrt$lsc) refers to errno.o(i.__set_errno) for __set_errno
    sqrt_x.o(i.__sqrt$lsc) refers to dsqrt.o(.text) for _dsqrt
    sqrtf.o(i.__softfp_sqrtf) refers (Special) to iusefp.o(.text) for __I$use$fp
    sqrtf.o(i.__softfp_sqrtf) refers to fsqrt.o(.text) for _fsqrt
    sqrtf.o(i.__softfp_sqrtf) refers to errno.o(i.__set_errno) for __set_errno
    sqrtf.o(i.sqrtf) refers (Special) to iusefp.o(.text) for __I$use$fp
    sqrtf.o(i.sqrtf) refers to fsqrt.o(.text) for _fsqrt
    sqrtf.o(i.sqrtf) refers to errno.o(i.__set_errno) for __set_errno
    sqrtf_x.o(i.____softfp_sqrtf$lsc) refers (Special) to iusefp.o(.text) for __I$use$fp
    sqrtf_x.o(i.____softfp_sqrtf$lsc) refers to errno.o(i.__set_errno) for __set_errno
    sqrtf_x.o(i.____softfp_sqrtf$lsc) refers to fsqrt.o(.text) for _fsqrt
    sqrtf_x.o(i.__sqrtf$lsc) refers (Special) to iusefp.o(.text) for __I$use$fp
    sqrtf_x.o(i.__sqrtf$lsc) refers to errno.o(i.__set_errno) for __set_errno
    sqrtf_x.o(i.__sqrtf$lsc) refers to fsqrt.o(.text) for _fsqrt
    entry.o(.ARM.Collect$$$$00000000) refers (Special) to entry10a.o(.ARM.Collect$$$$0000000D) for __rt_final_cpp
    entry.o(.ARM.Collect$$$$00000000) refers (Special) to entry11a.o(.ARM.Collect$$$$0000000F) for __rt_final_exit
    entry.o(.ARM.Collect$$$$00000000) refers (Special) to entry7b.o(.ARM.Collect$$$$00000008) for _main_clock
    entry.o(.ARM.Collect$$$$00000000) refers (Special) to entry8b.o(.ARM.Collect$$$$0000000A) for _main_cpp_init
    entry.o(.ARM.Collect$$$$00000000) refers (Special) to entry9a.o(.ARM.Collect$$$$0000000B) for _main_init
    entry.o(.ARM.Collect$$$$00000000) refers (Special) to entry5.o(.ARM.Collect$$$$00000004) for _main_scatterload
    entry.o(.ARM.Collect$$$$00000000) refers (Special) to entry2.o(.ARM.Collect$$$$00000001) for _main_stk
    fadd.o(.text) refers (Special) to iusefp.o(.text) for __I$use$fp
    fadd.o(.text) refers to fepilogue.o(.text) for _float_epilogue
    fmul.o(.text) refers (Special) to iusefp.o(.text) for __I$use$fp
    fdiv.o(.text) refers (Special) to iusefp.o(.text) for __I$use$fp
    fdiv.o(.text) refers to fepilogue.o(.text) for _float_round
    dadd.o(.text) refers (Special) to iusefp.o(.text) for __I$use$fp
    dadd.o(.text) refers to llshl.o(.text) for __aeabi_llsl
    dadd.o(.text) refers to llsshr.o(.text) for __aeabi_lasr
    dadd.o(.text) refers to depilogue.o(.text) for _double_epilogue
    dmul.o(.text) refers (Special) to iusefp.o(.text) for __I$use$fp
    dmul.o(.text) refers to depilogue.o(.text) for _double_epilogue
    ddiv.o(.text) refers (Special) to iusefp.o(.text) for __I$use$fp
    ddiv.o(.text) refers to depilogue.o(.text) for _double_round
    fflti.o(.text) refers (Special) to iusefp.o(.text) for __I$use$fp
    fflti.o(.text) refers to fepilogue.o(.text) for _float_epilogue
    ffltui.o(.text) refers (Special) to iusefp.o(.text) for __I$use$fp
    ffltui.o(.text) refers to fepilogue.o(.text) for _float_epilogue
    dflti.o(.text) refers (Special) to iusefp.o(.text) for __I$use$fp
    dflti.o(.text) refers to depilogue.o(.text) for _double_epilogue
    dfltui.o(.text) refers (Special) to iusefp.o(.text) for __I$use$fp
    dfltui.o(.text) refers to depilogue.o(.text) for _double_epilogue
    ffixi.o(.text) refers (Special) to iusefp.o(.text) for __I$use$fp
    ffixui.o(.text) refers (Special) to iusefp.o(.text) for __I$use$fp
    f2d.o(.text) refers (Special) to iusefp.o(.text) for __I$use$fp
    cdcmple.o(.text) refers (Special) to iusefp.o(.text) for __I$use$fp
    d2f.o(.text) refers (Special) to iusefp.o(.text) for __I$use$fp
    d2f.o(.text) refers to fepilogue.o(.text) for _float_round
    cfcmple.o(.text) refers (Special) to iusefp.o(.text) for __I$use$fp
    cfrcmple.o(.text) refers (Special) to iusefp.o(.text) for __I$use$fp
    fpclassifyf.o(i.__ARM_fpclassifyf) refers (Special) to iusefp.o(.text) for __I$use$fp
    funder.o(i.__mathlib_flt_divzero) refers to fdiv.o(.text) for __aeabi_fdiv
    funder.o(i.__mathlib_flt_infnan) refers to fscalb.o(.text) for __ARM_scalbnf
    funder.o(i.__mathlib_flt_infnan2) refers to fadd.o(.text) for __aeabi_fadd
    funder.o(i.__mathlib_flt_invalid) refers to fdiv.o(.text) for __aeabi_fdiv
    funder.o(i.__mathlib_flt_overflow) refers to fscalb.o(.text) for __ARM_scalbnf
    funder.o(i.__mathlib_flt_posinfnan) refers to fmul.o(.text) for __aeabi_fmul
    funder.o(i.__mathlib_flt_underflow) refers to fscalb.o(.text) for __ARM_scalbnf
    entry2.o(.ARM.Collect$$$$00000001) refers to entry2.o(.ARM.Collect$$$$00002712) for __lit__00000000
    entry2.o(.ARM.Collect$$$$00002712) refers to startup_stm32f103xb.o(STACK) for __initial_sp
    entry2.o(__vectab_stack_and_reset_area) refers to startup_stm32f103xb.o(STACK) for __initial_sp
    entry2.o(__vectab_stack_and_reset_area) refers to entry.o(.ARM.Collect$$$$00000000) for __main
    entry5.o(.ARM.Collect$$$$00000004) refers to init.o(.text) for __scatterload
    entry9a.o(.ARM.Collect$$$$0000000B) refers to main.o(i.main) for main
    entry9b.o(.ARM.Collect$$$$0000000C) refers to main.o(i.main) for main
    errno.o(i.__aeabi_errno_addr) refers to errno.o(.data) for .data
    errno.o(i.__read_errno) refers to errno.o(.data) for .data
    errno.o(i.__set_errno) refers to errno.o(.data) for .data
    fsqrt.o(.text) refers to fepilogue.o(.text) for _float_round
    depilogue.o(.text) refers to llshl.o(.text) for __aeabi_llsl
    depilogue.o(.text) refers to llushr.o(.text) for __aeabi_llsr
    dsqrt.o(.text) refers to llushr.o(.text) for __aeabi_llsr
    dsqrt.o(.text) refers to depilogue.o(.text) for _double_round
    init.o(.text) refers to entry5.o(.ARM.Collect$$$$00000004) for __main_after_scatterload


==============================================================================

Removing Unused input sections from the image.

    Removing startup_stm32f103xb.o(HEAP), (512 bytes).
    Removing main.o(.rev16_text), (4 bytes).
    Removing main.o(.revsh_text), (4 bytes).
    Removing main.o(.rrx_text), (6 bytes).
    Removing main.o(.data), (84 bytes).
    Removing stm32f1xx_it.o(.rev16_text), (4 bytes).
    Removing stm32f1xx_it.o(.revsh_text), (4 bytes).
    Removing stm32f1xx_it.o(.rrx_text), (6 bytes).
    Removing stm32f1xx_hal_msp.o(.rev16_text), (4 bytes).
    Removing stm32f1xx_hal_msp.o(.revsh_text), (4 bytes).
    Removing stm32f1xx_hal_msp.o(.rrx_text), (6 bytes).
    Removing stm32f1xx_hal_msp.o(i.HAL_I2C_MspDeInit), (56 bytes).
    Removing stm32f1xx_hal_msp.o(i.HAL_UART_MspDeInit), (48 bytes).
    Removing stm32f1xx_hal_gpio_ex.o(.rev16_text), (4 bytes).
    Removing stm32f1xx_hal_gpio_ex.o(.revsh_text), (4 bytes).
    Removing stm32f1xx_hal_gpio_ex.o(.rrx_text), (6 bytes).
    Removing stm32f1xx_hal_gpio_ex.o(i.HAL_GPIOEx_ConfigEventout), (24 bytes).
    Removing stm32f1xx_hal_gpio_ex.o(i.HAL_GPIOEx_DisableEventout), (20 bytes).
    Removing stm32f1xx_hal_gpio_ex.o(i.HAL_GPIOEx_EnableEventout), (20 bytes).
    Removing stm32f1xx_hal_i2c.o(.rev16_text), (4 bytes).
    Removing stm32f1xx_hal_i2c.o(.revsh_text), (4 bytes).
    Removing stm32f1xx_hal_i2c.o(.rrx_text), (6 bytes).
    Removing stm32f1xx_hal_i2c.o(i.HAL_I2C_AbortCpltCallback), (2 bytes).
    Removing stm32f1xx_hal_i2c.o(i.HAL_I2C_AddrCallback), (2 bytes).
    Removing stm32f1xx_hal_i2c.o(i.HAL_I2C_DeInit), (60 bytes).
    Removing stm32f1xx_hal_i2c.o(i.HAL_I2C_DisableListen_IT), (70 bytes).
    Removing stm32f1xx_hal_i2c.o(i.HAL_I2C_ER_IRQHandler), (224 bytes).
    Removing stm32f1xx_hal_i2c.o(i.HAL_I2C_EV_IRQHandler), (468 bytes).
    Removing stm32f1xx_hal_i2c.o(i.HAL_I2C_EnableListen_IT), (70 bytes).
    Removing stm32f1xx_hal_i2c.o(i.HAL_I2C_ErrorCallback), (2 bytes).
    Removing stm32f1xx_hal_i2c.o(i.HAL_I2C_GetError), (6 bytes).
    Removing stm32f1xx_hal_i2c.o(i.HAL_I2C_GetMode), (8 bytes).
    Removing stm32f1xx_hal_i2c.o(i.HAL_I2C_GetState), (8 bytes).
    Removing stm32f1xx_hal_i2c.o(i.HAL_I2C_IsDeviceReady), (440 bytes).
    Removing stm32f1xx_hal_i2c.o(i.HAL_I2C_ListenCpltCallback), (2 bytes).
    Removing stm32f1xx_hal_i2c.o(i.HAL_I2C_MasterRxCpltCallback), (2 bytes).
    Removing stm32f1xx_hal_i2c.o(i.HAL_I2C_MasterTxCpltCallback), (2 bytes).
    Removing stm32f1xx_hal_i2c.o(i.HAL_I2C_Master_Abort_IT), (122 bytes).
    Removing stm32f1xx_hal_i2c.o(i.HAL_I2C_Master_Receive), (856 bytes).
    Removing stm32f1xx_hal_i2c.o(i.HAL_I2C_Master_Receive_DMA), (424 bytes).
    Removing stm32f1xx_hal_i2c.o(i.HAL_I2C_Master_Receive_IT), (256 bytes).
    Removing stm32f1xx_hal_i2c.o(i.HAL_I2C_Master_Seq_Receive_DMA), (648 bytes).
    Removing stm32f1xx_hal_i2c.o(i.HAL_I2C_Master_Seq_Receive_IT), (376 bytes).
    Removing stm32f1xx_hal_i2c.o(i.HAL_I2C_Master_Seq_Transmit_DMA), (520 bytes).
    Removing stm32f1xx_hal_i2c.o(i.HAL_I2C_Master_Seq_Transmit_IT), (296 bytes).
    Removing stm32f1xx_hal_i2c.o(i.HAL_I2C_Master_Transmit), (368 bytes).
    Removing stm32f1xx_hal_i2c.o(i.HAL_I2C_Master_Transmit_DMA), (424 bytes).
    Removing stm32f1xx_hal_i2c.o(i.HAL_I2C_Master_Transmit_IT), (244 bytes).
    Removing stm32f1xx_hal_i2c.o(i.HAL_I2C_MemRxCpltCallback), (2 bytes).
    Removing stm32f1xx_hal_i2c.o(i.HAL_I2C_MemTxCpltCallback), (2 bytes).
    Removing stm32f1xx_hal_i2c.o(i.HAL_I2C_Mem_Read_DMA), (568 bytes).
    Removing stm32f1xx_hal_i2c.o(i.HAL_I2C_Mem_Read_IT), (272 bytes).
    Removing stm32f1xx_hal_i2c.o(i.HAL_I2C_Mem_Write_DMA), (492 bytes).
    Removing stm32f1xx_hal_i2c.o(i.HAL_I2C_Mem_Write_IT), (256 bytes).
    Removing stm32f1xx_hal_i2c.o(i.HAL_I2C_MspDeInit), (2 bytes).
    Removing stm32f1xx_hal_i2c.o(i.HAL_I2C_MspInit), (2 bytes).
    Removing stm32f1xx_hal_i2c.o(i.HAL_I2C_SlaveRxCpltCallback), (2 bytes).
    Removing stm32f1xx_hal_i2c.o(i.HAL_I2C_SlaveTxCpltCallback), (2 bytes).
    Removing stm32f1xx_hal_i2c.o(i.HAL_I2C_Slave_Receive), (384 bytes).
    Removing stm32f1xx_hal_i2c.o(i.HAL_I2C_Slave_Receive_DMA), (256 bytes).
    Removing stm32f1xx_hal_i2c.o(i.HAL_I2C_Slave_Receive_IT), (152 bytes).
    Removing stm32f1xx_hal_i2c.o(i.HAL_I2C_Slave_Seq_Receive_DMA), (420 bytes).
    Removing stm32f1xx_hal_i2c.o(i.HAL_I2C_Slave_Seq_Receive_IT), (158 bytes).
    Removing stm32f1xx_hal_i2c.o(i.HAL_I2C_Slave_Seq_Transmit_DMA), (420 bytes).
    Removing stm32f1xx_hal_i2c.o(i.HAL_I2C_Slave_Seq_Transmit_IT), (158 bytes).
    Removing stm32f1xx_hal_i2c.o(i.HAL_I2C_Slave_Transmit), (404 bytes).
    Removing stm32f1xx_hal_i2c.o(i.HAL_I2C_Slave_Transmit_DMA), (256 bytes).
    Removing stm32f1xx_hal_i2c.o(i.HAL_I2C_Slave_Transmit_IT), (152 bytes).
    Removing stm32f1xx_hal_i2c.o(i.I2C_ConvertOtherXferOptions), (28 bytes).
    Removing stm32f1xx_hal_i2c.o(i.I2C_DMAAbort), (248 bytes).
    Removing stm32f1xx_hal_i2c.o(i.I2C_DMAError), (70 bytes).
    Removing stm32f1xx_hal_i2c.o(i.I2C_DMAXferCplt), (304 bytes).
    Removing stm32f1xx_hal_i2c.o(i.I2C_ITError), (428 bytes).
    Removing stm32f1xx_hal_i2c.o(i.I2C_MasterReceive_BTF), (294 bytes).
    Removing stm32f1xx_hal_i2c.o(i.I2C_MasterReceive_RXNE), (226 bytes).
    Removing stm32f1xx_hal_i2c.o(i.I2C_MasterRequestRead), (312 bytes).
    Removing stm32f1xx_hal_i2c.o(i.I2C_MasterRequestWrite), (192 bytes).
    Removing stm32f1xx_hal_i2c.o(i.I2C_MasterTransmit_BTF), (138 bytes).
    Removing stm32f1xx_hal_i2c.o(i.I2C_MasterTransmit_TXE), (216 bytes).
    Removing stm32f1xx_hal_i2c.o(i.I2C_Master_ADD10), (42 bytes).
    Removing stm32f1xx_hal_i2c.o(i.I2C_Master_ADDR), (640 bytes).
    Removing stm32f1xx_hal_i2c.o(i.I2C_Master_SB), (158 bytes).
    Removing stm32f1xx_hal_i2c.o(i.I2C_MemoryTransmit_TXE_BTF), (184 bytes).
    Removing stm32f1xx_hal_i2c.o(i.I2C_SlaveReceive_BTF), (26 bytes).
    Removing stm32f1xx_hal_i2c.o(i.I2C_SlaveReceive_RXNE), (70 bytes).
    Removing stm32f1xx_hal_i2c.o(i.I2C_SlaveTransmit_BTF), (26 bytes).
    Removing stm32f1xx_hal_i2c.o(i.I2C_SlaveTransmit_TXE), (70 bytes).
    Removing stm32f1xx_hal_i2c.o(i.I2C_Slave_ADDR), (102 bytes).
    Removing stm32f1xx_hal_i2c.o(i.I2C_Slave_AF), (160 bytes).
    Removing stm32f1xx_hal_i2c.o(i.I2C_Slave_STOPF), (396 bytes).
    Removing stm32f1xx_hal_i2c.o(i.I2C_WaitOnSTOPFlagUntilTimeout), (88 bytes).
    Removing stm32f1xx_hal_i2c.o(i.I2C_WaitOnSTOPRequestThroughIT), (80 bytes).
    Removing stm32f1xx_hal.o(.rev16_text), (4 bytes).
    Removing stm32f1xx_hal.o(.revsh_text), (4 bytes).
    Removing stm32f1xx_hal.o(.rrx_text), (6 bytes).
    Removing stm32f1xx_hal.o(i.HAL_DBGMCU_DisableDBGSleepMode), (20 bytes).
    Removing stm32f1xx_hal.o(i.HAL_DBGMCU_DisableDBGStandbyMode), (20 bytes).
    Removing stm32f1xx_hal.o(i.HAL_DBGMCU_DisableDBGStopMode), (20 bytes).
    Removing stm32f1xx_hal.o(i.HAL_DBGMCU_EnableDBGSleepMode), (20 bytes).
    Removing stm32f1xx_hal.o(i.HAL_DBGMCU_EnableDBGStandbyMode), (20 bytes).
    Removing stm32f1xx_hal.o(i.HAL_DBGMCU_EnableDBGStopMode), (20 bytes).
    Removing stm32f1xx_hal.o(i.HAL_DeInit), (36 bytes).
    Removing stm32f1xx_hal.o(i.HAL_Delay), (40 bytes).
    Removing stm32f1xx_hal.o(i.HAL_GetDEVID), (16 bytes).
    Removing stm32f1xx_hal.o(i.HAL_GetHalVersion), (8 bytes).
    Removing stm32f1xx_hal.o(i.HAL_GetREVID), (12 bytes).
    Removing stm32f1xx_hal.o(i.HAL_GetTickFreq), (12 bytes).
    Removing stm32f1xx_hal.o(i.HAL_GetTickPrio), (12 bytes).
    Removing stm32f1xx_hal.o(i.HAL_GetUIDw0), (12 bytes).
    Removing stm32f1xx_hal.o(i.HAL_GetUIDw1), (12 bytes).
    Removing stm32f1xx_hal.o(i.HAL_GetUIDw2), (12 bytes).
    Removing stm32f1xx_hal.o(i.HAL_MspDeInit), (2 bytes).
    Removing stm32f1xx_hal.o(i.HAL_MspInit), (2 bytes).
    Removing stm32f1xx_hal.o(i.HAL_ResumeTick), (18 bytes).
    Removing stm32f1xx_hal.o(i.HAL_SetTickFreq), (48 bytes).
    Removing stm32f1xx_hal.o(i.HAL_SuspendTick), (18 bytes).
    Removing stm32f1xx_hal_rcc.o(.rev16_text), (4 bytes).
    Removing stm32f1xx_hal_rcc.o(.revsh_text), (4 bytes).
    Removing stm32f1xx_hal_rcc.o(.rrx_text), (6 bytes).
    Removing stm32f1xx_hal_rcc.o(i.HAL_RCC_CSSCallback), (2 bytes).
    Removing stm32f1xx_hal_rcc.o(i.HAL_RCC_DeInit), (272 bytes).
    Removing stm32f1xx_hal_rcc.o(i.HAL_RCC_DisableCSS), (12 bytes).
    Removing stm32f1xx_hal_rcc.o(i.HAL_RCC_EnableCSS), (12 bytes).
    Removing stm32f1xx_hal_rcc.o(i.HAL_RCC_GetClockConfig), (68 bytes).
    Removing stm32f1xx_hal_rcc.o(i.HAL_RCC_GetOscConfig), (200 bytes).
    Removing stm32f1xx_hal_rcc.o(i.HAL_RCC_MCOConfig), (100 bytes).
    Removing stm32f1xx_hal_rcc.o(i.HAL_RCC_NMI_IRQHandler), (32 bytes).
    Removing stm32f1xx_hal_rcc_ex.o(.rev16_text), (4 bytes).
    Removing stm32f1xx_hal_rcc_ex.o(.revsh_text), (4 bytes).
    Removing stm32f1xx_hal_rcc_ex.o(.rrx_text), (6 bytes).
    Removing stm32f1xx_hal_rcc_ex.o(i.HAL_RCCEx_GetPeriphCLKConfig), (60 bytes).
    Removing stm32f1xx_hal_rcc_ex.o(i.HAL_RCCEx_GetPeriphCLKFreq), (280 bytes).
    Removing stm32f1xx_hal_rcc_ex.o(i.HAL_RCCEx_PeriphCLKConfig), (304 bytes).
    Removing stm32f1xx_hal_gpio.o(.rev16_text), (4 bytes).
    Removing stm32f1xx_hal_gpio.o(.revsh_text), (4 bytes).
    Removing stm32f1xx_hal_gpio.o(.rrx_text), (6 bytes).
    Removing stm32f1xx_hal_gpio.o(i.HAL_GPIO_DeInit), (308 bytes).
    Removing stm32f1xx_hal_gpio.o(i.HAL_GPIO_EXTI_Callback), (2 bytes).
    Removing stm32f1xx_hal_gpio.o(i.HAL_GPIO_EXTI_IRQHandler), (28 bytes).
    Removing stm32f1xx_hal_gpio.o(i.HAL_GPIO_LockPin), (46 bytes).
    Removing stm32f1xx_hal_gpio.o(i.HAL_GPIO_ReadPin), (16 bytes).
    Removing stm32f1xx_hal_gpio.o(i.HAL_GPIO_TogglePin), (20 bytes).
    Removing stm32f1xx_hal_gpio.o(i.HAL_GPIO_WritePin), (12 bytes).
    Removing stm32f1xx_hal_dma.o(.rev16_text), (4 bytes).
    Removing stm32f1xx_hal_dma.o(.revsh_text), (4 bytes).
    Removing stm32f1xx_hal_dma.o(.rrx_text), (6 bytes).
    Removing stm32f1xx_hal_dma.o(i.DMA_SetConfig), (44 bytes).
    Removing stm32f1xx_hal_dma.o(i.HAL_DMA_Abort), (86 bytes).
    Removing stm32f1xx_hal_dma.o(i.HAL_DMA_Abort_IT), (176 bytes).
    Removing stm32f1xx_hal_dma.o(i.HAL_DMA_DeInit), (104 bytes).
    Removing stm32f1xx_hal_dma.o(i.HAL_DMA_GetError), (6 bytes).
    Removing stm32f1xx_hal_dma.o(i.HAL_DMA_GetState), (8 bytes).
    Removing stm32f1xx_hal_dma.o(i.HAL_DMA_IRQHandler), (412 bytes).
    Removing stm32f1xx_hal_dma.o(i.HAL_DMA_Init), (104 bytes).
    Removing stm32f1xx_hal_dma.o(i.HAL_DMA_PollForTransfer), (692 bytes).
    Removing stm32f1xx_hal_dma.o(i.HAL_DMA_RegisterCallback), (90 bytes).
    Removing stm32f1xx_hal_dma.o(i.HAL_DMA_Start), (114 bytes).
    Removing stm32f1xx_hal_dma.o(i.HAL_DMA_Start_IT), (156 bytes).
    Removing stm32f1xx_hal_dma.o(i.HAL_DMA_UnRegisterCallback), (106 bytes).
    Removing stm32f1xx_hal_cortex.o(.rev16_text), (4 bytes).
    Removing stm32f1xx_hal_cortex.o(.revsh_text), (4 bytes).
    Removing stm32f1xx_hal_cortex.o(.rrx_text), (6 bytes).
    Removing stm32f1xx_hal_cortex.o(i.HAL_NVIC_ClearPendingIRQ), (36 bytes).
    Removing stm32f1xx_hal_cortex.o(i.HAL_NVIC_DisableIRQ), (68 bytes).
    Removing stm32f1xx_hal_cortex.o(i.HAL_NVIC_EnableIRQ), (32 bytes).
    Removing stm32f1xx_hal_cortex.o(i.HAL_NVIC_GetActive), (48 bytes).
    Removing stm32f1xx_hal_cortex.o(i.HAL_NVIC_GetPendingIRQ), (48 bytes).
    Removing stm32f1xx_hal_cortex.o(i.HAL_NVIC_GetPriority), (148 bytes).
    Removing stm32f1xx_hal_cortex.o(i.HAL_NVIC_GetPriorityGrouping), (8 bytes).
    Removing stm32f1xx_hal_cortex.o(i.HAL_NVIC_SetPendingIRQ), (36 bytes).
    Removing stm32f1xx_hal_cortex.o(i.HAL_NVIC_SystemReset), (68 bytes).
    Removing stm32f1xx_hal_cortex.o(i.HAL_SYSTICK_CLKSourceConfig), (40 bytes).
    Removing stm32f1xx_hal_cortex.o(i.HAL_SYSTICK_Callback), (2 bytes).
    Removing stm32f1xx_hal_cortex.o(i.HAL_SYSTICK_IRQHandler), (8 bytes).
    Removing stm32f1xx_hal_pwr.o(.rev16_text), (4 bytes).
    Removing stm32f1xx_hal_pwr.o(.revsh_text), (4 bytes).
    Removing stm32f1xx_hal_pwr.o(.rrx_text), (6 bytes).
    Removing stm32f1xx_hal_pwr.o(i.HAL_PWR_ConfigPVD), (180 bytes).
    Removing stm32f1xx_hal_pwr.o(i.HAL_PWR_DeInit), (28 bytes).
    Removing stm32f1xx_hal_pwr.o(i.HAL_PWR_DisableBkUpAccess), (12 bytes).
    Removing stm32f1xx_hal_pwr.o(i.HAL_PWR_DisablePVD), (12 bytes).
    Removing stm32f1xx_hal_pwr.o(i.HAL_PWR_DisableSEVOnPend), (20 bytes).
    Removing stm32f1xx_hal_pwr.o(i.HAL_PWR_DisableSleepOnExit), (20 bytes).
    Removing stm32f1xx_hal_pwr.o(i.HAL_PWR_DisableWakeUpPin), (28 bytes).
    Removing stm32f1xx_hal_pwr.o(i.HAL_PWR_EnableBkUpAccess), (12 bytes).
    Removing stm32f1xx_hal_pwr.o(i.HAL_PWR_EnablePVD), (12 bytes).
    Removing stm32f1xx_hal_pwr.o(i.HAL_PWR_EnableSEVOnPend), (20 bytes).
    Removing stm32f1xx_hal_pwr.o(i.HAL_PWR_EnableSleepOnExit), (20 bytes).
    Removing stm32f1xx_hal_pwr.o(i.HAL_PWR_EnableWakeUpPin), (28 bytes).
    Removing stm32f1xx_hal_pwr.o(i.HAL_PWR_EnterSLEEPMode), (32 bytes).
    Removing stm32f1xx_hal_pwr.o(i.HAL_PWR_EnterSTANDBYMode), (40 bytes).
    Removing stm32f1xx_hal_pwr.o(i.HAL_PWR_EnterSTOPMode), (84 bytes).
    Removing stm32f1xx_hal_pwr.o(i.HAL_PWR_PVDCallback), (2 bytes).
    Removing stm32f1xx_hal_pwr.o(i.HAL_PWR_PVD_IRQHandler), (32 bytes).
    Removing stm32f1xx_hal_pwr.o(i.PWR_OverloadWfe), (6 bytes).
    Removing stm32f1xx_hal_flash.o(.rev16_text), (4 bytes).
    Removing stm32f1xx_hal_flash.o(.revsh_text), (4 bytes).
    Removing stm32f1xx_hal_flash.o(.rrx_text), (6 bytes).
    Removing stm32f1xx_hal_flash.o(i.FLASH_Program_HalfWord), (32 bytes).
    Removing stm32f1xx_hal_flash.o(i.FLASH_SetErrorCode), (132 bytes).
    Removing stm32f1xx_hal_flash.o(i.FLASH_WaitForLastOperation), (112 bytes).
    Removing stm32f1xx_hal_flash.o(i.HAL_FLASH_EndOfOperationCallback), (2 bytes).
    Removing stm32f1xx_hal_flash.o(i.HAL_FLASH_GetError), (12 bytes).
    Removing stm32f1xx_hal_flash.o(i.HAL_FLASH_IRQHandler), (384 bytes).
    Removing stm32f1xx_hal_flash.o(i.HAL_FLASH_Lock), (20 bytes).
    Removing stm32f1xx_hal_flash.o(i.HAL_FLASH_OB_Launch), (8 bytes).
    Removing stm32f1xx_hal_flash.o(i.HAL_FLASH_OB_Lock), (20 bytes).
    Removing stm32f1xx_hal_flash.o(i.HAL_FLASH_OB_Unlock), (44 bytes).
    Removing stm32f1xx_hal_flash.o(i.HAL_FLASH_OperationErrorCallback), (2 bytes).
    Removing stm32f1xx_hal_flash.o(i.HAL_FLASH_Program), (176 bytes).
    Removing stm32f1xx_hal_flash.o(i.HAL_FLASH_Program_IT), (124 bytes).
    Removing stm32f1xx_hal_flash.o(i.HAL_FLASH_Unlock), (48 bytes).
    Removing stm32f1xx_hal_flash.o(.bss), (32 bytes).
    Removing stm32f1xx_hal_flash_ex.o(.rev16_text), (4 bytes).
    Removing stm32f1xx_hal_flash_ex.o(.revsh_text), (4 bytes).
    Removing stm32f1xx_hal_flash_ex.o(.rrx_text), (6 bytes).
    Removing stm32f1xx_hal_flash_ex.o(i.FLASH_MassErase), (40 bytes).
    Removing stm32f1xx_hal_flash_ex.o(i.FLASH_OB_DisableWRP), (232 bytes).
    Removing stm32f1xx_hal_flash_ex.o(i.FLASH_OB_EnableWRP), (236 bytes).
    Removing stm32f1xx_hal_flash_ex.o(i.FLASH_OB_GetRDP), (28 bytes).
    Removing stm32f1xx_hal_flash_ex.o(i.FLASH_OB_GetUser), (16 bytes).
    Removing stm32f1xx_hal_flash_ex.o(i.FLASH_OB_GetWRP), (12 bytes).
    Removing stm32f1xx_hal_flash_ex.o(i.FLASH_OB_ProgramData), (76 bytes).
    Removing stm32f1xx_hal_flash_ex.o(i.FLASH_OB_RDP_LevelConfig), (124 bytes).
    Removing stm32f1xx_hal_flash_ex.o(i.FLASH_OB_UserConfig), (84 bytes).
    Removing stm32f1xx_hal_flash_ex.o(i.FLASH_PageErase), (40 bytes).
    Removing stm32f1xx_hal_flash_ex.o(i.HAL_FLASHEx_Erase), (176 bytes).
    Removing stm32f1xx_hal_flash_ex.o(i.HAL_FLASHEx_Erase_IT), (100 bytes).
    Removing stm32f1xx_hal_flash_ex.o(i.HAL_FLASHEx_OBErase), (96 bytes).
    Removing stm32f1xx_hal_flash_ex.o(i.HAL_FLASHEx_OBGetConfig), (28 bytes).
    Removing stm32f1xx_hal_flash_ex.o(i.HAL_FLASHEx_OBGetUserData), (40 bytes).
    Removing stm32f1xx_hal_flash_ex.o(i.HAL_FLASHEx_OBProgram), (200 bytes).
    Removing stm32f1xx_hal_exti.o(.rev16_text), (4 bytes).
    Removing stm32f1xx_hal_exti.o(.revsh_text), (4 bytes).
    Removing stm32f1xx_hal_exti.o(.rrx_text), (6 bytes).
    Removing stm32f1xx_hal_exti.o(i.HAL_EXTI_ClearConfigLine), (120 bytes).
    Removing stm32f1xx_hal_exti.o(i.HAL_EXTI_ClearPending), (28 bytes).
    Removing stm32f1xx_hal_exti.o(i.HAL_EXTI_GenerateSWI), (24 bytes).
    Removing stm32f1xx_hal_exti.o(i.HAL_EXTI_GetConfigLine), (176 bytes).
    Removing stm32f1xx_hal_exti.o(i.HAL_EXTI_GetHandle), (14 bytes).
    Removing stm32f1xx_hal_exti.o(i.HAL_EXTI_GetPending), (36 bytes).
    Removing stm32f1xx_hal_exti.o(i.HAL_EXTI_IRQHandler), (44 bytes).
    Removing stm32f1xx_hal_exti.o(i.HAL_EXTI_RegisterCallback), (20 bytes).
    Removing stm32f1xx_hal_exti.o(i.HAL_EXTI_SetConfigLine), (240 bytes).
    Removing stm32f1xx_hal_tim.o(.rev16_text), (4 bytes).
    Removing stm32f1xx_hal_tim.o(.revsh_text), (4 bytes).
    Removing stm32f1xx_hal_tim.o(.rrx_text), (6 bytes).
    Removing stm32f1xx_hal_tim_ex.o(.rev16_text), (4 bytes).
    Removing stm32f1xx_hal_tim_ex.o(.revsh_text), (4 bytes).
    Removing stm32f1xx_hal_tim_ex.o(.rrx_text), (6 bytes).
    Removing stm32f1xx_hal_uart.o(.rev16_text), (4 bytes).
    Removing stm32f1xx_hal_uart.o(.revsh_text), (4 bytes).
    Removing stm32f1xx_hal_uart.o(.rrx_text), (6 bytes).
    Removing stm32f1xx_hal_uart.o(i.HAL_HalfDuplex_EnableReceiver), (68 bytes).
    Removing stm32f1xx_hal_uart.o(i.HAL_HalfDuplex_EnableTransmitter), (68 bytes).
    Removing stm32f1xx_hal_uart.o(i.HAL_HalfDuplex_Init), (118 bytes).
    Removing stm32f1xx_hal_uart.o(i.HAL_LIN_Init), (142 bytes).
    Removing stm32f1xx_hal_uart.o(i.HAL_LIN_SendBreak), (62 bytes).
    Removing stm32f1xx_hal_uart.o(i.HAL_MultiProcessor_EnterMuteMode), (62 bytes).
    Removing stm32f1xx_hal_uart.o(i.HAL_MultiProcessor_ExitMuteMode), (62 bytes).
    Removing stm32f1xx_hal_uart.o(i.HAL_MultiProcessor_Init), (154 bytes).
    Removing stm32f1xx_hal_uart.o(i.HAL_UART_Abort), (166 bytes).
    Removing stm32f1xx_hal_uart.o(i.HAL_UART_AbortCpltCallback), (2 bytes).
    Removing stm32f1xx_hal_uart.o(i.HAL_UART_AbortReceive), (100 bytes).
    Removing stm32f1xx_hal_uart.o(i.HAL_UART_AbortReceiveCpltCallback), (2 bytes).
    Removing stm32f1xx_hal_uart.o(i.HAL_UART_AbortReceive_IT), (120 bytes).
    Removing stm32f1xx_hal_uart.o(i.HAL_UART_AbortTransmit), (88 bytes).
    Removing stm32f1xx_hal_uart.o(i.HAL_UART_AbortTransmitCpltCallback), (2 bytes).
    Removing stm32f1xx_hal_uart.o(i.HAL_UART_AbortTransmit_IT), (108 bytes).
    Removing stm32f1xx_hal_uart.o(i.HAL_UART_Abort_IT), (216 bytes).
    Removing stm32f1xx_hal_uart.o(i.HAL_UART_DMAPause), (124 bytes).
    Removing stm32f1xx_hal_uart.o(i.HAL_UART_DMAResume), (126 bytes).
    Removing stm32f1xx_hal_uart.o(i.HAL_UART_DMAStop), (102 bytes).
    Removing stm32f1xx_hal_uart.o(i.HAL_UART_DeInit), (58 bytes).
    Removing stm32f1xx_hal_uart.o(i.HAL_UART_ErrorCallback), (2 bytes).
    Removing stm32f1xx_hal_uart.o(i.HAL_UART_GetError), (6 bytes).
    Removing stm32f1xx_hal_uart.o(i.HAL_UART_GetState), (20 bytes).
    Removing stm32f1xx_hal_uart.o(i.HAL_UART_IRQHandler), (340 bytes).
    Removing stm32f1xx_hal_uart.o(i.HAL_UART_MspDeInit), (2 bytes).
    Removing stm32f1xx_hal_uart.o(i.HAL_UART_MspInit), (2 bytes).
    Removing stm32f1xx_hal_uart.o(i.HAL_UART_Receive), (216 bytes).
    Removing stm32f1xx_hal_uart.o(i.HAL_UART_Receive_DMA), (196 bytes).
    Removing stm32f1xx_hal_uart.o(i.HAL_UART_Receive_IT), (112 bytes).
    Removing stm32f1xx_hal_uart.o(i.HAL_UART_RxCpltCallback), (2 bytes).
    Removing stm32f1xx_hal_uart.o(i.HAL_UART_RxHalfCpltCallback), (2 bytes).
    Removing stm32f1xx_hal_uart.o(i.HAL_UART_Transmit), (210 bytes).
    Removing stm32f1xx_hal_uart.o(i.HAL_UART_Transmit_DMA), (156 bytes).
    Removing stm32f1xx_hal_uart.o(i.HAL_UART_Transmit_IT), (88 bytes).
    Removing stm32f1xx_hal_uart.o(i.HAL_UART_TxCpltCallback), (2 bytes).
    Removing stm32f1xx_hal_uart.o(i.HAL_UART_TxHalfCpltCallback), (2 bytes).
    Removing stm32f1xx_hal_uart.o(i.UART_DMAAbortOnError), (20 bytes).
    Removing stm32f1xx_hal_uart.o(i.UART_DMAError), (80 bytes).
    Removing stm32f1xx_hal_uart.o(i.UART_DMAReceiveCplt), (70 bytes).
    Removing stm32f1xx_hal_uart.o(i.UART_DMARxAbortCallback), (52 bytes).
    Removing stm32f1xx_hal_uart.o(i.UART_DMARxHalfCplt), (14 bytes).
    Removing stm32f1xx_hal_uart.o(i.UART_DMARxOnlyAbortCallback), (24 bytes).
    Removing stm32f1xx_hal_uart.o(i.UART_DMATransmitCplt), (54 bytes).
    Removing stm32f1xx_hal_uart.o(i.UART_DMATxAbortCallback), (52 bytes).
    Removing stm32f1xx_hal_uart.o(i.UART_DMATxHalfCplt), (14 bytes).
    Removing stm32f1xx_hal_uart.o(i.UART_DMATxOnlyAbortCallback), (24 bytes).
    Removing stm32f1xx_hal_uart.o(i.UART_EndRxTransfer), (32 bytes).
    Removing stm32f1xx_hal_uart.o(i.UART_EndTransmit_IT), (32 bytes).
    Removing stm32f1xx_hal_uart.o(i.UART_EndTxTransfer), (20 bytes).
    Removing stm32f1xx_hal_uart.o(i.UART_Receive_IT), (160 bytes).
    Removing stm32f1xx_hal_uart.o(i.UART_Transmit_IT), (96 bytes).
    Removing stm32f1xx_hal_uart.o(i.UART_WaitOnFlagUntilTimeout), (108 bytes).
    Removing system_stm32f1xx.o(.rev16_text), (4 bytes).
    Removing system_stm32f1xx.o(.revsh_text), (4 bytes).
    Removing system_stm32f1xx.o(.rrx_text), (6 bytes).
    Removing system_stm32f1xx.o(i.SystemCoreClockUpdate), (164 bytes).
    Removing mpu9250.o(.rev16_text), (4 bytes).
    Removing mpu9250.o(.revsh_text), (4 bytes).
    Removing mpu9250.o(.rrx_text), (6 bytes).
    Removing mpu9250.o(i.MPU9250UpdateEuler), (528 bytes).
    Removing mpu9250.o(i.MPU9250_Calibrate_Acc_Gyro), (32 bytes).
    Removing mpu9250.o(i.MPU9250_Calibrate_Mag), (40 bytes).
    Removing mpu9250.o(i.MPU9250_MainUpdateFunction), (224 bytes).
    Removing mpu9250.o(i.MPU9250_Read_Accel_Gyro), (156 bytes).
    Removing mpu9250.o(i.MPU9250_Read_Temperature), (52 bytes).
    Removing mpu9250.o(i.MPU9250_UpdateAccelGyro), (248 bytes).
    Removing mpu9250.o(i.collect_acc_gyro_data_to), (524 bytes).
    Removing mpu9250.o(i.collect_mag_data_to), (512 bytes).
    Removing mpu9250.o(i.getAcc), (24 bytes).
    Removing mpu9250.o(i.getAccBias), (24 bytes).
    Removing mpu9250.o(i.getAccBiasX), (12 bytes).
    Removing mpu9250.o(i.getAccBiasY), (12 bytes).
    Removing mpu9250.o(i.getAccBiasZ), (12 bytes).
    Removing mpu9250.o(i.getAccX), (12 bytes).
    Removing mpu9250.o(i.getAccY), (12 bytes).
    Removing mpu9250.o(i.getAccZ), (12 bytes).
    Removing mpu9250.o(i.getEulerX), (12 bytes).
    Removing mpu9250.o(i.getEulerY), (12 bytes).
    Removing mpu9250.o(i.getEulerZ), (12 bytes).
    Removing mpu9250.o(i.getGyro), (24 bytes).
    Removing mpu9250.o(i.getGyroBias), (24 bytes).
    Removing mpu9250.o(i.getGyroBiasX), (12 bytes).
    Removing mpu9250.o(i.getGyroBiasY), (12 bytes).
    Removing mpu9250.o(i.getGyroBiasZ), (12 bytes).
    Removing mpu9250.o(i.getGyroX), (12 bytes).
    Removing mpu9250.o(i.getGyroY), (12 bytes).
    Removing mpu9250.o(i.getGyroZ), (12 bytes).
    Removing mpu9250.o(i.getLinearAcc), (24 bytes).
    Removing mpu9250.o(i.getLinearAccX), (12 bytes).
    Removing mpu9250.o(i.getLinearAccY), (12 bytes).
    Removing mpu9250.o(i.getLinearAccZ), (12 bytes).
    Removing mpu9250.o(i.getMag), (24 bytes).
    Removing mpu9250.o(i.getMagBias), (24 bytes).
    Removing mpu9250.o(i.getMagBiasX), (12 bytes).
    Removing mpu9250.o(i.getMagBiasY), (12 bytes).
    Removing mpu9250.o(i.getMagBiasZ), (12 bytes).
    Removing mpu9250.o(i.getMagScale), (24 bytes).
    Removing mpu9250.o(i.getMagScaleX), (12 bytes).
    Removing mpu9250.o(i.getMagScaleY), (12 bytes).
    Removing mpu9250.o(i.getMagScaleZ), (12 bytes).
    Removing mpu9250.o(i.getMagX), (12 bytes).
    Removing mpu9250.o(i.getMagY), (12 bytes).
    Removing mpu9250.o(i.getMagZ), (12 bytes).
    Removing mpu9250.o(i.getPitch), (16 bytes).
    Removing mpu9250.o(i.getQuaternionW), (12 bytes).
    Removing mpu9250.o(i.getQuaternionX), (12 bytes).
    Removing mpu9250.o(i.getQuaternionY), (12 bytes).
    Removing mpu9250.o(i.getQuaternionZ), (12 bytes).
    Removing mpu9250.o(i.getRoll), (12 bytes).
    Removing mpu9250.o(i.getTemperature), (12 bytes).
    Removing mpu9250.o(i.getYaw), (16 bytes).
    Removing mpu9250.o(i.set_acc_gyro_to_calibration), (472 bytes).
    Removing mpu9250.o(i.write_accel_offset), (528 bytes).
    Removing mpu9250.o(i.write_gyro_offset), (356 bytes).
    Removing mpu9250.o(.constdata), (22 bytes).
    Removing quaternion.o(.rev16_text), (4 bytes).
    Removing quaternion.o(.revsh_text), (4 bytes).
    Removing quaternion.o(.rrx_text), (6 bytes).
    Removing quaternion.o(i.Mahony), (2128 bytes).
    Removing quaternion.o(i.Mahony_invSqrt), (112 bytes).
    Removing quaternion.o(i.QuaternionUpdate), (180 bytes).
    Removing quaternion.o(i.madgwick), (4864 bytes).
    Removing quaternion.o(i.mahony_updateIMU), (1280 bytes).
    Removing quaternion.o(i.no_filter), (600 bytes).
    Removing adafruit_bno055.o(.rev16_text), (4 bytes).
    Removing adafruit_bno055.o(.revsh_text), (4 bytes).
    Removing adafruit_bno055.o(.rrx_text), (6 bytes).
    Removing adafruit_bno055.o(i.Adafruit_BNO055_Begin), (332 bytes).
    Removing adafruit_bno055.o(i.Adafruit_BNO055_GetCalibration), (100 bytes).
    Removing adafruit_bno055.o(i.Adafruit_BNO055_GetQuat), (212 bytes).
    Removing adafruit_bno055.o(i.Adafruit_BNO055_GetTemp), (48 bytes).
    Removing adafruit_bno055.o(i.Adafruit_BNO055_GetVector), (528 bytes).
    Removing adafruit_bno055.o(i.Adafruit_BNO055_Init), (28 bytes).
    Removing adafruit_bno055.o(i.Adafruit_BNO055_SetExtCrystalUse), (156 bytes).
    Removing adafruit_bno055.o(i.Adafruit_BNO055_SetMode), (60 bytes).
    Removing adafruit_bno055.o(.data), (16 bytes).
    Removing ffltui.o(.text), (10 bytes).
    Removing dflti.o(.text), (34 bytes).
    Removing dfltui.o(.text), (26 bytes).
    Removing ffixi.o(.text), (50 bytes).
    Removing ffixui.o(.text), (40 bytes).
    Removing cdcmple.o(.text), (48 bytes).
    Removing cfcmple.o(.text), (20 bytes).
    Removing cfrcmple.o(.text), (20 bytes).
    Removing fscalb.o(.text), (24 bytes).
    Removing fsqrt.o(.text), (94 bytes).

400 unused section(s) (total 44238 bytes) removed from the image.

==============================================================================

Image Symbol Table

    Local Symbols

    Symbol Name                              Value     Ov Type        Size  Object(Section)

    ../Core/Src/main.c                       0x00000000   Number         0  main.o ABSOLUTE
    ../Core/Src/stm32f1xx_hal_msp.c          0x00000000   Number         0  stm32f1xx_hal_msp.o ABSOLUTE
    ../Core/Src/stm32f1xx_it.c               0x00000000   Number         0  stm32f1xx_it.o ABSOLUTE
    ../Core/Src/system_stm32f1xx.c           0x00000000   Number         0  system_stm32f1xx.o ABSOLUTE
    ../Drivers/STM32F1xx_HAL_Driver/Src/stm32f1xx_hal.c 0x00000000   Number         0  stm32f1xx_hal.o ABSOLUTE
    ../Drivers/STM32F1xx_HAL_Driver/Src/stm32f1xx_hal_cortex.c 0x00000000   Number         0  stm32f1xx_hal_cortex.o ABSOLUTE
    ../Drivers/STM32F1xx_HAL_Driver/Src/stm32f1xx_hal_dma.c 0x00000000   Number         0  stm32f1xx_hal_dma.o ABSOLUTE
    ../Drivers/STM32F1xx_HAL_Driver/Src/stm32f1xx_hal_exti.c 0x00000000   Number         0  stm32f1xx_hal_exti.o ABSOLUTE
    ../Drivers/STM32F1xx_HAL_Driver/Src/stm32f1xx_hal_flash.c 0x00000000   Number         0  stm32f1xx_hal_flash.o ABSOLUTE
    ../Drivers/STM32F1xx_HAL_Driver/Src/stm32f1xx_hal_flash_ex.c 0x00000000   Number         0  stm32f1xx_hal_flash_ex.o ABSOLUTE
    ../Drivers/STM32F1xx_HAL_Driver/Src/stm32f1xx_hal_gpio.c 0x00000000   Number         0  stm32f1xx_hal_gpio.o ABSOLUTE
    ../Drivers/STM32F1xx_HAL_Driver/Src/stm32f1xx_hal_gpio_ex.c 0x00000000   Number         0  stm32f1xx_hal_gpio_ex.o ABSOLUTE
    ../Drivers/STM32F1xx_HAL_Driver/Src/stm32f1xx_hal_i2c.c 0x00000000   Number         0  stm32f1xx_hal_i2c.o ABSOLUTE
    ../Drivers/STM32F1xx_HAL_Driver/Src/stm32f1xx_hal_pwr.c 0x00000000   Number         0  stm32f1xx_hal_pwr.o ABSOLUTE
    ../Drivers/STM32F1xx_HAL_Driver/Src/stm32f1xx_hal_rcc.c 0x00000000   Number         0  stm32f1xx_hal_rcc.o ABSOLUTE
    ../Drivers/STM32F1xx_HAL_Driver/Src/stm32f1xx_hal_rcc_ex.c 0x00000000   Number         0  stm32f1xx_hal_rcc_ex.o ABSOLUTE
    ../Drivers/STM32F1xx_HAL_Driver/Src/stm32f1xx_hal_tim.c 0x00000000   Number         0  stm32f1xx_hal_tim.o ABSOLUTE
    ../Drivers/STM32F1xx_HAL_Driver/Src/stm32f1xx_hal_tim_ex.c 0x00000000   Number         0  stm32f1xx_hal_tim_ex.o ABSOLUTE
    ../Drivers/STM32F1xx_HAL_Driver/Src/stm32f1xx_hal_uart.c 0x00000000   Number         0  stm32f1xx_hal_uart.o ABSOLUTE
    ../clib/microlib/errno.c                 0x00000000   Number         0  errno.o ABSOLUTE
    ../clib/microlib/init/entry.s            0x00000000   Number         0  entry11a.o ABSOLUTE
    ../clib/microlib/init/entry.s            0x00000000   Number         0  entry10b.o ABSOLUTE
    ../clib/microlib/init/entry.s            0x00000000   Number         0  entry10a.o ABSOLUTE
    ../clib/microlib/init/entry.s            0x00000000   Number         0  entry9b.o ABSOLUTE
    ../clib/microlib/init/entry.s            0x00000000   Number         0  entry9a.o ABSOLUTE
    ../clib/microlib/init/entry.s            0x00000000   Number         0  entry7b.o ABSOLUTE
    ../clib/microlib/init/entry.s            0x00000000   Number         0  entry2.o ABSOLUTE
    ../clib/microlib/init/entry.s            0x00000000   Number         0  entry.o ABSOLUTE
    ../clib/microlib/init/entry.s            0x00000000   Number         0  entry5.o ABSOLUTE
    ../clib/microlib/init/entry.s            0x00000000   Number         0  entry8b.o ABSOLUTE
    ../clib/microlib/init/entry.s            0x00000000   Number         0  entry7a.o ABSOLUTE
    ../clib/microlib/init/entry.s            0x00000000   Number         0  entry11b.o ABSOLUTE
    ../clib/microlib/init/entry.s            0x00000000   Number         0  entry8a.o ABSOLUTE
    ../clib/microlib/longlong.c              0x00000000   Number         0  llushr.o ABSOLUTE
    ../clib/microlib/longlong.c              0x00000000   Number         0  llsshr.o ABSOLUTE
    ../clib/microlib/longlong.c              0x00000000   Number         0  llshl.o ABSOLUTE
    ../clib/microlib/string/memset.c         0x00000000   Number         0  memseta.o ABSOLUTE
    ../clib/microlib/stubs.s                 0x00000000   Number         0  iusefp.o ABSOLUTE
    ../fplib/microlib/d2f.c                  0x00000000   Number         0  d2f.o ABSOLUTE
    ../fplib/microlib/f2d.c                  0x00000000   Number         0  f2d.o ABSOLUTE
    ../fplib/microlib/fpadd.c                0x00000000   Number         0  dadd.o ABSOLUTE
    ../fplib/microlib/fpadd.c                0x00000000   Number         0  fadd.o ABSOLUTE
    ../fplib/microlib/fpdiv.c                0x00000000   Number         0  ddiv.o ABSOLUTE
    ../fplib/microlib/fpdiv.c                0x00000000   Number         0  fdiv.o ABSOLUTE
    ../fplib/microlib/fpepilogue.c           0x00000000   Number         0  fepilogue.o ABSOLUTE
    ../fplib/microlib/fpepilogue.c           0x00000000   Number         0  depilogue.o ABSOLUTE
    ../fplib/microlib/fpfix.c                0x00000000   Number         0  ffixi.o ABSOLUTE
    ../fplib/microlib/fpfix.c                0x00000000   Number         0  ffixui.o ABSOLUTE
    ../fplib/microlib/fpflt.c                0x00000000   Number         0  dfltui.o ABSOLUTE
    ../fplib/microlib/fpflt.c                0x00000000   Number         0  fflti.o ABSOLUTE
    ../fplib/microlib/fpflt.c                0x00000000   Number         0  ffltui.o ABSOLUTE
    ../fplib/microlib/fpflt.c                0x00000000   Number         0  dflti.o ABSOLUTE
    ../fplib/microlib/fpmul.c                0x00000000   Number         0  dmul.o ABSOLUTE
    ../fplib/microlib/fpmul.c                0x00000000   Number         0  fmul.o ABSOLUTE
    ../fplib/microlib/fpscalb.c              0x00000000   Number         0  fscalb.o ABSOLUTE
    ../fplib/microlib/fpsqrt.c               0x00000000   Number         0  dsqrt.o ABSOLUTE
    ../fplib/microlib/fpsqrt.c               0x00000000   Number         0  fsqrt.o ABSOLUTE
    ../mathlib/asinf.c                       0x00000000   Number         0  asinf.o ABSOLUTE
    ../mathlib/asinf.c                       0x00000000   Number         0  asinf_x.o ABSOLUTE
    ../mathlib/atan2f.c                      0x00000000   Number         0  atan2f_x.o ABSOLUTE
    ../mathlib/atan2f.c                      0x00000000   Number         0  atan2f.o ABSOLUTE
    ../mathlib/fpclassifyf.c                 0x00000000   Number         0  fpclassifyf.o ABSOLUTE
    ../mathlib/funder.c                      0x00000000   Number         0  funder.o ABSOLUTE
    ../mathlib/sqrt.c                        0x00000000   Number         0  sqrt.o ABSOLUTE
    ../mathlib/sqrt.c                        0x00000000   Number         0  sqrt_x.o ABSOLUTE
    ../mathlib/sqrtf.c                       0x00000000   Number         0  sqrtf.o ABSOLUTE
    ../mathlib/sqrtf.c                       0x00000000   Number         0  sqrtf_x.o ABSOLUTE
    ..\Core\Src\main.c                       0x00000000   Number         0  main.o ABSOLUTE
    ..\Core\Src\stm32f1xx_hal_msp.c          0x00000000   Number         0  stm32f1xx_hal_msp.o ABSOLUTE
    ..\Core\Src\stm32f1xx_it.c               0x00000000   Number         0  stm32f1xx_it.o ABSOLUTE
    ..\Core\Src\system_stm32f1xx.c           0x00000000   Number         0  system_stm32f1xx.o ABSOLUTE
    ..\Drivers\STM32F1xx_HAL_Driver\Src\stm32f1xx_hal.c 0x00000000   Number         0  stm32f1xx_hal.o ABSOLUTE
    ..\Drivers\STM32F1xx_HAL_Driver\Src\stm32f1xx_hal_cortex.c 0x00000000   Number         0  stm32f1xx_hal_cortex.o ABSOLUTE
    ..\Drivers\STM32F1xx_HAL_Driver\Src\stm32f1xx_hal_dma.c 0x00000000   Number         0  stm32f1xx_hal_dma.o ABSOLUTE
    ..\Drivers\STM32F1xx_HAL_Driver\Src\stm32f1xx_hal_exti.c 0x00000000   Number         0  stm32f1xx_hal_exti.o ABSOLUTE
    ..\Drivers\STM32F1xx_HAL_Driver\Src\stm32f1xx_hal_flash.c 0x00000000   Number         0  stm32f1xx_hal_flash.o ABSOLUTE
    ..\Drivers\STM32F1xx_HAL_Driver\Src\stm32f1xx_hal_flash_ex.c 0x00000000   Number         0  stm32f1xx_hal_flash_ex.o ABSOLUTE
    ..\Drivers\STM32F1xx_HAL_Driver\Src\stm32f1xx_hal_gpio.c 0x00000000   Number         0  stm32f1xx_hal_gpio.o ABSOLUTE
    ..\Drivers\STM32F1xx_HAL_Driver\Src\stm32f1xx_hal_gpio_ex.c 0x00000000   Number         0  stm32f1xx_hal_gpio_ex.o ABSOLUTE
    ..\Drivers\STM32F1xx_HAL_Driver\Src\stm32f1xx_hal_i2c.c 0x00000000   Number         0  stm32f1xx_hal_i2c.o ABSOLUTE
    ..\Drivers\STM32F1xx_HAL_Driver\Src\stm32f1xx_hal_pwr.c 0x00000000   Number         0  stm32f1xx_hal_pwr.o ABSOLUTE
    ..\Drivers\STM32F1xx_HAL_Driver\Src\stm32f1xx_hal_rcc.c 0x00000000   Number         0  stm32f1xx_hal_rcc.o ABSOLUTE
    ..\Drivers\STM32F1xx_HAL_Driver\Src\stm32f1xx_hal_rcc_ex.c 0x00000000   Number         0  stm32f1xx_hal_rcc_ex.o ABSOLUTE
    ..\Drivers\STM32F1xx_HAL_Driver\Src\stm32f1xx_hal_tim.c 0x00000000   Number         0  stm32f1xx_hal_tim.o ABSOLUTE
    ..\Drivers\STM32F1xx_HAL_Driver\Src\stm32f1xx_hal_tim_ex.c 0x00000000   Number         0  stm32f1xx_hal_tim_ex.o ABSOLUTE
    ..\Drivers\STM32F1xx_HAL_Driver\Src\stm32f1xx_hal_uart.c 0x00000000   Number         0  stm32f1xx_hal_uart.o ABSOLUTE
    ..\MPU9250.c                             0x00000000   Number         0  mpu9250.o ABSOLUTE
    ..\Quaternion.c                          0x00000000   Number         0  quaternion.o ABSOLUTE
    ..\\MPU9250.c                            0x00000000   Number         0  mpu9250.o ABSOLUTE
    ..\\Quaternion.c                         0x00000000   Number         0  quaternion.o ABSOLUTE
    E:\Racing Team\Formula Student UK\DAQ\Adafruit_BNO055\Adafruit_BNO055.c 0x00000000   Number         0  adafruit_bno055.o ABSOLUTE
    E:\\Racing Team\\Formula Student UK\\DAQ\\Adafruit_BNO055\\Adafruit_BNO055.c 0x00000000   Number         0  adafruit_bno055.o ABSOLUTE
    cdcmple.s                                0x00000000   Number         0  cdcmple.o ABSOLUTE
    cfcmple.s                                0x00000000   Number         0  cfcmple.o ABSOLUTE
    cfrcmple.s                               0x00000000   Number         0  cfrcmple.o ABSOLUTE
    dc.s                                     0x00000000   Number         0  dc.o ABSOLUTE
    handlers.s                               0x00000000   Number         0  handlers.o ABSOLUTE
    init.s                                   0x00000000   Number         0  init.o ABSOLUTE
    startup_stm32f103xb.s                    0x00000000   Number         0  startup_stm32f103xb.o ABSOLUTE
    RESET                                    0x08000000   Section      236  startup_stm32f103xb.o(RESET)
    .ARM.Collect$$$$00000000                 0x080000ec   Section        0  entry.o(.ARM.Collect$$$$00000000)
    .ARM.Collect$$$$00000001                 0x080000ec   Section        4  entry2.o(.ARM.Collect$$$$00000001)
    .ARM.Collect$$$$00000004                 0x080000f0   Section        4  entry5.o(.ARM.Collect$$$$00000004)
    .ARM.Collect$$$$00000008                 0x080000f4   Section        0  entry7b.o(.ARM.Collect$$$$00000008)
    .ARM.Collect$$$$0000000A                 0x080000f4   Section        0  entry8b.o(.ARM.Collect$$$$0000000A)
    .ARM.Collect$$$$0000000B                 0x080000f4   Section        8  entry9a.o(.ARM.Collect$$$$0000000B)
    .ARM.Collect$$$$0000000D                 0x080000fc   Section        0  entry10a.o(.ARM.Collect$$$$0000000D)
    .ARM.Collect$$$$0000000F                 0x080000fc   Section        0  entry11a.o(.ARM.Collect$$$$0000000F)
    .ARM.Collect$$$$00002712                 0x080000fc   Section        4  entry2.o(.ARM.Collect$$$$00002712)
    __lit__00000000                          0x080000fc   Data           4  entry2.o(.ARM.Collect$$$$00002712)
    .text                                    0x08000100   Section       36  startup_stm32f103xb.o(.text)
    .text                                    0x08000124   Section        0  llushr.o(.text)
    .text                                    0x08000144   Section        0  memseta.o(.text)
    .text                                    0x08000168   Section        0  fadd.o(.text)
    .text                                    0x08000218   Section        0  fmul.o(.text)
    .text                                    0x0800027c   Section        0  fdiv.o(.text)
    .text                                    0x080002f8   Section        0  dadd.o(.text)
    .text                                    0x08000446   Section        0  dmul.o(.text)
    .text                                    0x0800052a   Section        0  ddiv.o(.text)
    .text                                    0x08000608   Section        0  fflti.o(.text)
    .text                                    0x0800061a   Section        0  f2d.o(.text)
    .text                                    0x08000640   Section        0  d2f.o(.text)
    .text                                    0x08000678   Section        0  llshl.o(.text)
    .text                                    0x08000696   Section        0  llsshr.o(.text)
    .text                                    0x080006ba   Section        0  fepilogue.o(.text)
    .text                                    0x080006ba   Section        0  iusefp.o(.text)
    .text                                    0x08000728   Section        0  depilogue.o(.text)
    .text                                    0x080007e2   Section        0  dsqrt.o(.text)
    .text                                    0x08000884   Section       36  init.o(.text)
    i.BusFault_Handler                       0x080008a8   Section        0  stm32f1xx_it.o(i.BusFault_Handler)
    i.DebugMon_Handler                       0x080008ac   Section        0  stm32f1xx_it.o(i.DebugMon_Handler)
    i.Error_Handler                          0x080008ae   Section        0  main.o(i.Error_Handler)
    i.HAL_GPIO_Init                          0x080008b4   Section        0  stm32f1xx_hal_gpio.o(i.HAL_GPIO_Init)
    i.HAL_GetTick                            0x08000bd4   Section        0  stm32f1xx_hal.o(i.HAL_GetTick)
    i.HAL_I2C_Init                           0x08000be0   Section        0  stm32f1xx_hal_i2c.o(i.HAL_I2C_Init)
    i.HAL_I2C_Mem_Read                       0x08000db0   Section        0  stm32f1xx_hal_i2c.o(i.HAL_I2C_Mem_Read)
    i.HAL_I2C_Mem_Write                      0x08001114   Section        0  stm32f1xx_hal_i2c.o(i.HAL_I2C_Mem_Write)
    i.HAL_I2C_MspInit                        0x08001278   Section        0  stm32f1xx_hal_msp.o(i.HAL_I2C_MspInit)
    i.HAL_IncTick                            0x080012ec   Section        0  stm32f1xx_hal.o(i.HAL_IncTick)
    i.HAL_Init                               0x08001304   Section        0  stm32f1xx_hal.o(i.HAL_Init)
    i.HAL_InitTick                           0x0800132c   Section        0  stm32f1xx_hal.o(i.HAL_InitTick)
    i.HAL_MspInit                            0x08001378   Section        0  stm32f1xx_hal_msp.o(i.HAL_MspInit)
    i.HAL_NVIC_SetPriority                   0x080013cc   Section        0  stm32f1xx_hal_cortex.o(i.HAL_NVIC_SetPriority)
    i.HAL_NVIC_SetPriorityGrouping           0x08001448   Section        0  stm32f1xx_hal_cortex.o(i.HAL_NVIC_SetPriorityGrouping)
    i.HAL_RCC_ClockConfig                    0x08001470   Section        0  stm32f1xx_hal_rcc.o(i.HAL_RCC_ClockConfig)
    i.HAL_RCC_GetHCLKFreq                    0x080015fc   Section        0  stm32f1xx_hal_rcc.o(i.HAL_RCC_GetHCLKFreq)
    i.HAL_RCC_GetPCLK1Freq                   0x08001608   Section        0  stm32f1xx_hal_rcc.o(i.HAL_RCC_GetPCLK1Freq)
    i.HAL_RCC_GetPCLK2Freq                   0x08001628   Section        0  stm32f1xx_hal_rcc.o(i.HAL_RCC_GetPCLK2Freq)
    i.HAL_RCC_GetSysClockFreq                0x08001648   Section        0  stm32f1xx_hal_rcc.o(i.HAL_RCC_GetSysClockFreq)
    i.HAL_RCC_OscConfig                      0x080016dc   Section        0  stm32f1xx_hal_rcc.o(i.HAL_RCC_OscConfig)
    i.HAL_SYSTICK_Config                     0x08001b40   Section        0  stm32f1xx_hal_cortex.o(i.HAL_SYSTICK_Config)
    i.HAL_UART_Init                          0x08001b74   Section        0  stm32f1xx_hal_uart.o(i.HAL_UART_Init)
    i.HAL_UART_MspInit                       0x08001be8   Section        0  stm32f1xx_hal_msp.o(i.HAL_UART_MspInit)
    i.HardFault_Handler                      0x08001c70   Section        0  stm32f1xx_it.o(i.HardFault_Handler)
    i.I2C_IsAcknowledgeFailed                0x08001c74   Section        0  stm32f1xx_hal_i2c.o(i.I2C_IsAcknowledgeFailed)
    I2C_IsAcknowledgeFailed                  0x08001c75   Thumb Code    62  stm32f1xx_hal_i2c.o(i.I2C_IsAcknowledgeFailed)
    i.I2C_RequestMemoryRead                  0x08001cb4   Section        0  stm32f1xx_hal_i2c.o(i.I2C_RequestMemoryRead)
    I2C_RequestMemoryRead                    0x08001cb5   Thumb Code   348  stm32f1xx_hal_i2c.o(i.I2C_RequestMemoryRead)
    i.I2C_RequestMemoryWrite                 0x08001e14   Section        0  stm32f1xx_hal_i2c.o(i.I2C_RequestMemoryWrite)
    I2C_RequestMemoryWrite                   0x08001e15   Thumb Code   220  stm32f1xx_hal_i2c.o(i.I2C_RequestMemoryWrite)
    i.I2C_WaitOnBTFFlagUntilTimeout          0x08001ef4   Section        0  stm32f1xx_hal_i2c.o(i.I2C_WaitOnBTFFlagUntilTimeout)
    I2C_WaitOnBTFFlagUntilTimeout            0x08001ef5   Thumb Code    92  stm32f1xx_hal_i2c.o(i.I2C_WaitOnBTFFlagUntilTimeout)
    i.I2C_WaitOnFlagUntilTimeout             0x08001f50   Section        0  stm32f1xx_hal_i2c.o(i.I2C_WaitOnFlagUntilTimeout)
    I2C_WaitOnFlagUntilTimeout               0x08001f51   Thumb Code   134  stm32f1xx_hal_i2c.o(i.I2C_WaitOnFlagUntilTimeout)
    i.I2C_WaitOnMasterAddressFlagUntilTimeout 0x08001fd6   Section        0  stm32f1xx_hal_i2c.o(i.I2C_WaitOnMasterAddressFlagUntilTimeout)
    I2C_WaitOnMasterAddressFlagUntilTimeout  0x08001fd7   Thumb Code   196  stm32f1xx_hal_i2c.o(i.I2C_WaitOnMasterAddressFlagUntilTimeout)
    i.I2C_WaitOnRXNEFlagUntilTimeout         0x0800209a   Section        0  stm32f1xx_hal_i2c.o(i.I2C_WaitOnRXNEFlagUntilTimeout)
    I2C_WaitOnRXNEFlagUntilTimeout           0x0800209b   Thumb Code   128  stm32f1xx_hal_i2c.o(i.I2C_WaitOnRXNEFlagUntilTimeout)
    i.I2C_WaitOnTXEFlagUntilTimeout          0x0800211a   Section        0  stm32f1xx_hal_i2c.o(i.I2C_WaitOnTXEFlagUntilTimeout)
    I2C_WaitOnTXEFlagUntilTimeout            0x0800211b   Thumb Code    92  stm32f1xx_hal_i2c.o(i.I2C_WaitOnTXEFlagUntilTimeout)
    i.MPU9250_Init                           0x08002178   Section        0  mpu9250.o(i.MPU9250_Init)
    i.MPU9250_MagnetometerInit               0x080023e8   Section        0  mpu9250.o(i.MPU9250_MagnetometerInit)
    i.MPU9250_ReadMag                        0x08002580   Section        0  mpu9250.o(i.MPU9250_ReadMag)
    i.MPU9250_UpdateMag                      0x08002614   Section        0  mpu9250.o(i.MPU9250_UpdateMag)
    i.MX_GPIO_Init                           0x0800271c   Section        0  main.o(i.MX_GPIO_Init)
    MX_GPIO_Init                             0x0800271d   Thumb Code    84  main.o(i.MX_GPIO_Init)
    i.MX_I2C1_Init                           0x08002774   Section        0  main.o(i.MX_I2C1_Init)
    MX_I2C1_Init                             0x08002775   Thumb Code    48  main.o(i.MX_I2C1_Init)
    i.MX_USART1_UART_Init                    0x080027b0   Section        0  main.o(i.MX_USART1_UART_Init)
    MX_USART1_UART_Init                      0x080027b1   Thumb Code    46  main.o(i.MX_USART1_UART_Init)
    i.MemManage_Handler                      0x080027e8   Section        0  stm32f1xx_it.o(i.MemManage_Handler)
    i.NMI_Handler                            0x080027ec   Section        0  stm32f1xx_it.o(i.NMI_Handler)
    i.PendSV_Handler                         0x080027f0   Section        0  stm32f1xx_it.o(i.PendSV_Handler)
    i.RCC_Delay                              0x080027f4   Section        0  stm32f1xx_hal_rcc.o(i.RCC_Delay)
    RCC_Delay                                0x080027f5   Thumb Code    36  stm32f1xx_hal_rcc.o(i.RCC_Delay)
    i.SVC_Handler                            0x0800281c   Section        0  stm32f1xx_it.o(i.SVC_Handler)
    i.SysTick_Handler                        0x0800281e   Section        0  stm32f1xx_it.o(i.SysTick_Handler)
    i.SystemClock_Config                     0x08002826   Section        0  main.o(i.SystemClock_Config)
    i.SystemInit                             0x0800288c   Section        0  system_stm32f1xx.o(i.SystemInit)
    i.UART_SetConfig                         0x08002890   Section        0  stm32f1xx_hal_uart.o(i.UART_SetConfig)
    UART_SetConfig                           0x08002891   Thumb Code   248  stm32f1xx_hal_uart.o(i.UART_SetConfig)
    i.UsageFault_Handler                     0x0800298c   Section        0  stm32f1xx_it.o(i.UsageFault_Handler)
    i.__NVIC_GetPriorityGrouping             0x08002990   Section        0  stm32f1xx_hal_cortex.o(i.__NVIC_GetPriorityGrouping)
    __NVIC_GetPriorityGrouping               0x08002991   Thumb Code    10  stm32f1xx_hal_cortex.o(i.__NVIC_GetPriorityGrouping)
    i.__NVIC_SetPriority                     0x080029a0   Section        0  stm32f1xx_hal_cortex.o(i.__NVIC_SetPriority)
    __NVIC_SetPriority                       0x080029a1   Thumb Code    32  stm32f1xx_hal_cortex.o(i.__NVIC_SetPriority)
    i.__scatterload_copy                     0x080029c8   Section       14  handlers.o(i.__scatterload_copy)
    i.__scatterload_null                     0x080029d6   Section        2  handlers.o(i.__scatterload_null)
    i.__scatterload_zeroinit                 0x080029d8   Section       14  handlers.o(i.__scatterload_zeroinit)
    i.__set_errno                            0x080029e8   Section        0  errno.o(i.__set_errno)
    i.get_acc_resolution                     0x080029f4   Section        0  mpu9250.o(i.get_acc_resolution)
    get_acc_resolution                       0x080029f5   Thumb Code    46  mpu9250.o(i.get_acc_resolution)
    i.get_gyro_resolution                    0x08002a24   Section        0  mpu9250.o(i.get_gyro_resolution)
    get_gyro_resolution                      0x08002a25   Thumb Code    38  mpu9250.o(i.get_gyro_resolution)
    i.get_mag_resolution                     0x08002a5c   Section        0  mpu9250.o(i.get_mag_resolution)
    get_mag_resolution                       0x08002a5d   Thumb Code    22  mpu9250.o(i.get_mag_resolution)
    i.main                                   0x08002a7c   Section        0  main.o(i.main)
    i.select_filter                          0x08002abc   Section        0  quaternion.o(i.select_filter)
    i.sqrt                                   0x08002b34   Section        0  sqrt.o(i.sqrt)
    .constdata                               0x08002b80   Section       24  system_stm32f1xx.o(.constdata)
    .data                                    0x20000000   Section        9  stm32f1xx_hal.o(.data)
    .data                                    0x2000000c   Section        4  system_stm32f1xx.o(.data)
    .data                                    0x20000010   Section       84  mpu9250.o(.data)
    MPU9250_WHOAMI_DEFAULT_VALUE             0x20000010   Data           1  mpu9250.o(.data)
    MPU9255_WHOAMI_DEFAULT_VALUE             0x20000011   Data           1  mpu9250.o(.data)
    MPU9250_DEFAULT_ADDRESS                  0x20000012   Data           1  mpu9250.o(.data)
    AK8963_ADDRESS                           0x20000013   Data           1  mpu9250.o(.data)
    AK8963_WHOAMI_DEFAULT_VALUE              0x20000014   Data           1  mpu9250.o(.data)
    MAG_MODE                                 0x20000015   Data           1  mpu9250.o(.data)
    acc_resolution                           0x20000018   Data           4  mpu9250.o(.data)
    gyro_resolution                          0x2000001c   Data           4  mpu9250.o(.data)
    mag_resolution                           0x20000020   Data           4  mpu9250.o(.data)
    mag_bias                                 0x20000024   Data          12  mpu9250.o(.data)
    mag_scale                                0x20000030   Data          12  mpu9250.o(.data)
    magnetic_declination                     0x2000003c   Data           4  mpu9250.o(.data)
    CALIB_GYRO_SENSITIVITY                   0x20000040   Data           2  mpu9250.o(.data)
    CALIB_ACCEL_SENSITIVITY                  0x20000042   Data           2  mpu9250.o(.data)
    temperature_count                        0x20000044   Data           2  mpu9250.o(.data)
    temperature                              0x20000048   Data           4  mpu9250.o(.data)
    q                                        0x2000004c   Data          16  mpu9250.o(.data)
    gyro_fchoice                             0x2000005c   Data           1  mpu9250.o(.data)
    accel_fchoice                            0x2000005d   Data           1  mpu9250.o(.data)
    GlobalConfig                             0x20000060   Data           4  mpu9250.o(.data)
    .data                                    0x20000068   Section       80  quaternion.o(.data)
    ix                                       0x200000ac   Data           4  quaternion.o(.data)
    iy                                       0x200000b0   Data           4  quaternion.o(.data)
    iz                                       0x200000b4   Data           4  quaternion.o(.data)
    .data                                    0x200000b8   Section        4  errno.o(.data)
    _errno                                   0x200000b8   Data           4  errno.o(.data)
    .bss                                     0x200000c0   Section      192  main.o(.bss)
    .bss                                     0x20000180   Section      120  mpu9250.o(.bss)
    acc_bias                                 0x20000180   Data          12  mpu9250.o(.bss)
    gyro_bias                                0x2000018c   Data          12  mpu9250.o(.bss)
    mag_bias_factory                         0x20000198   Data          12  mpu9250.o(.bss)
    self_test_result                         0x200001a4   Data          24  mpu9250.o(.bss)
    a                                        0x200001bc   Data          12  mpu9250.o(.bss)
    g                                        0x200001c8   Data          12  mpu9250.o(.bss)
    m                                        0x200001d4   Data          12  mpu9250.o(.bss)
    euler                                    0x200001e0   Data          12  mpu9250.o(.bss)
    lin_acc                                  0x200001ec   Data          12  mpu9250.o(.bss)
    STACK                                    0x200001f8   Section     1024  startup_stm32f103xb.o(STACK)

    Global Symbols

    Symbol Name                              Value     Ov Type        Size  Object(Section)

    BuildAttributes$$THM_ISAv4$P$D$K$B$S$PE$A:L22UL41UL21$X:L11$S22US41US21$IEEE1$IW$USESV6$~STKCKD$USESV7$~SHL$OTIME$ROPI$IEEEX$EBA8$MICROLIB$REQ8$PRES8$EABIv2 0x00000000   Number         0  anon$$obj.o ABSOLUTE
    __ARM_use_no_argv                        0x00000000   Number         0  main.o ABSOLUTE
    __cpp_initialize__aeabi_                  - Undefined Weak Reference
    __cxa_finalize                            - Undefined Weak Reference
    __decompress                              - Undefined Weak Reference
    _clock_init                               - Undefined Weak Reference
    _microlib_exit                            - Undefined Weak Reference
    __Vectors_Size                           0x000000ec   Number         0  startup_stm32f103xb.o ABSOLUTE
    __Vectors                                0x08000000   Data           4  startup_stm32f103xb.o(RESET)
    __Vectors_End                            0x080000ec   Data           0  startup_stm32f103xb.o(RESET)
    __main                                   0x080000ed   Thumb Code     0  entry.o(.ARM.Collect$$$$00000000)
    _main_stk                                0x080000ed   Thumb Code     0  entry2.o(.ARM.Collect$$$$00000001)
    _main_scatterload                        0x080000f1   Thumb Code     0  entry5.o(.ARM.Collect$$$$00000004)
    __main_after_scatterload                 0x080000f5   Thumb Code     0  entry5.o(.ARM.Collect$$$$00000004)
    _main_clock                              0x080000f5   Thumb Code     0  entry7b.o(.ARM.Collect$$$$00000008)
    _main_cpp_init                           0x080000f5   Thumb Code     0  entry8b.o(.ARM.Collect$$$$0000000A)
    _main_init                               0x080000f5   Thumb Code     0  entry9a.o(.ARM.Collect$$$$0000000B)
    __rt_final_cpp                           0x080000fd   Thumb Code     0  entry10a.o(.ARM.Collect$$$$0000000D)
    __rt_final_exit                          0x080000fd   Thumb Code     0  entry11a.o(.ARM.Collect$$$$0000000F)
    Reset_Handler                            0x08000101   Thumb Code     8  startup_stm32f103xb.o(.text)
    ADC1_2_IRQHandler                        0x0800011b   Thumb Code     0  startup_stm32f103xb.o(.text)
    CAN1_RX1_IRQHandler                      0x0800011b   Thumb Code     0  startup_stm32f103xb.o(.text)
    CAN1_SCE_IRQHandler                      0x0800011b   Thumb Code     0  startup_stm32f103xb.o(.text)
    DMA1_Channel1_IRQHandler                 0x0800011b   Thumb Code     0  startup_stm32f103xb.o(.text)
    DMA1_Channel2_IRQHandler                 0x0800011b   Thumb Code     0  startup_stm32f103xb.o(.text)
    DMA1_Channel3_IRQHandler                 0x0800011b   Thumb Code     0  startup_stm32f103xb.o(.text)
    DMA1_Channel4_IRQHandler                 0x0800011b   Thumb Code     0  startup_stm32f103xb.o(.text)
    DMA1_Channel5_IRQHandler                 0x0800011b   Thumb Code     0  startup_stm32f103xb.o(.text)
    DMA1_Channel6_IRQHandler                 0x0800011b   Thumb Code     0  startup_stm32f103xb.o(.text)
    DMA1_Channel7_IRQHandler                 0x0800011b   Thumb Code     0  startup_stm32f103xb.o(.text)
    EXTI0_IRQHandler                         0x0800011b   Thumb Code     0  startup_stm32f103xb.o(.text)
    EXTI15_10_IRQHandler                     0x0800011b   Thumb Code     0  startup_stm32f103xb.o(.text)
    EXTI1_IRQHandler                         0x0800011b   Thumb Code     0  startup_stm32f103xb.o(.text)
    EXTI2_IRQHandler                         0x0800011b   Thumb Code     0  startup_stm32f103xb.o(.text)
    EXTI3_IRQHandler                         0x0800011b   Thumb Code     0  startup_stm32f103xb.o(.text)
    EXTI4_IRQHandler                         0x0800011b   Thumb Code     0  startup_stm32f103xb.o(.text)
    EXTI9_5_IRQHandler                       0x0800011b   Thumb Code     0  startup_stm32f103xb.o(.text)
    FLASH_IRQHandler                         0x0800011b   Thumb Code     0  startup_stm32f103xb.o(.text)
    I2C1_ER_IRQHandler                       0x0800011b   Thumb Code     0  startup_stm32f103xb.o(.text)
    I2C1_EV_IRQHandler                       0x0800011b   Thumb Code     0  startup_stm32f103xb.o(.text)
    I2C2_ER_IRQHandler                       0x0800011b   Thumb Code     0  startup_stm32f103xb.o(.text)
    I2C2_EV_IRQHandler                       0x0800011b   Thumb Code     0  startup_stm32f103xb.o(.text)
    PVD_IRQHandler                           0x0800011b   Thumb Code     0  startup_stm32f103xb.o(.text)
    RCC_IRQHandler                           0x0800011b   Thumb Code     0  startup_stm32f103xb.o(.text)
    RTC_Alarm_IRQHandler                     0x0800011b   Thumb Code     0  startup_stm32f103xb.o(.text)
    RTC_IRQHandler                           0x0800011b   Thumb Code     0  startup_stm32f103xb.o(.text)
    SPI1_IRQHandler                          0x0800011b   Thumb Code     0  startup_stm32f103xb.o(.text)
    SPI2_IRQHandler                          0x0800011b   Thumb Code     0  startup_stm32f103xb.o(.text)
    TAMPER_IRQHandler                        0x0800011b   Thumb Code     0  startup_stm32f103xb.o(.text)
    TIM1_BRK_IRQHandler                      0x0800011b   Thumb Code     0  startup_stm32f103xb.o(.text)
    TIM1_CC_IRQHandler                       0x0800011b   Thumb Code     0  startup_stm32f103xb.o(.text)
    TIM1_TRG_COM_IRQHandler                  0x0800011b   Thumb Code     0  startup_stm32f103xb.o(.text)
    TIM1_UP_IRQHandler                       0x0800011b   Thumb Code     0  startup_stm32f103xb.o(.text)
    TIM2_IRQHandler                          0x0800011b   Thumb Code     0  startup_stm32f103xb.o(.text)
    TIM3_IRQHandler                          0x0800011b   Thumb Code     0  startup_stm32f103xb.o(.text)
    TIM4_IRQHandler                          0x0800011b   Thumb Code     0  startup_stm32f103xb.o(.text)
    USART1_IRQHandler                        0x0800011b   Thumb Code     0  startup_stm32f103xb.o(.text)
    USART2_IRQHandler                        0x0800011b   Thumb Code     0  startup_stm32f103xb.o(.text)
    USART3_IRQHandler                        0x0800011b   Thumb Code     0  startup_stm32f103xb.o(.text)
    USBWakeUp_IRQHandler                     0x0800011b   Thumb Code     0  startup_stm32f103xb.o(.text)
    USB_HP_CAN1_TX_IRQHandler                0x0800011b   Thumb Code     0  startup_stm32f103xb.o(.text)
    USB_LP_CAN1_RX0_IRQHandler               0x0800011b   Thumb Code     0  startup_stm32f103xb.o(.text)
    WWDG_IRQHandler                          0x0800011b   Thumb Code     0  startup_stm32f103xb.o(.text)
    __aeabi_llsr                             0x08000125   Thumb Code    32  llushr.o(.text)
    _ll_ushift_r                             0x08000125   Thumb Code     0  llushr.o(.text)
    __aeabi_memset                           0x08000145   Thumb Code    14  memseta.o(.text)
    __aeabi_memset4                          0x08000145   Thumb Code     0  memseta.o(.text)
    __aeabi_memset8                          0x08000145   Thumb Code     0  memseta.o(.text)
    __aeabi_memclr                           0x08000153   Thumb Code     4  memseta.o(.text)
    __aeabi_memclr4                          0x08000153   Thumb Code     0  memseta.o(.text)
    __aeabi_memclr8                          0x08000153   Thumb Code     0  memseta.o(.text)
    _memset$wrapper                          0x08000157   Thumb Code    18  memseta.o(.text)
    __aeabi_fadd                             0x08000169   Thumb Code   164  fadd.o(.text)
    __aeabi_fsub                             0x0800020d   Thumb Code     6  fadd.o(.text)
    __aeabi_frsub                            0x08000213   Thumb Code     6  fadd.o(.text)
    __aeabi_fmul                             0x08000219   Thumb Code   100  fmul.o(.text)
    __aeabi_fdiv                             0x0800027d   Thumb Code   124  fdiv.o(.text)
    __aeabi_dadd                             0x080002f9   Thumb Code   322  dadd.o(.text)
    __aeabi_dsub                             0x0800043b   Thumb Code     6  dadd.o(.text)
    __aeabi_drsub                            0x08000441   Thumb Code     6  dadd.o(.text)
    __aeabi_dmul                             0x08000447   Thumb Code   228  dmul.o(.text)
    __aeabi_ddiv                             0x0800052b   Thumb Code   222  ddiv.o(.text)
    __aeabi_i2f                              0x08000609   Thumb Code    18  fflti.o(.text)
    __aeabi_f2d                              0x0800061b   Thumb Code    38  f2d.o(.text)
    __aeabi_d2f                              0x08000641   Thumb Code    56  d2f.o(.text)
    __aeabi_llsl                             0x08000679   Thumb Code    30  llshl.o(.text)
    _ll_shift_l                              0x08000679   Thumb Code     0  llshl.o(.text)
    __aeabi_lasr                             0x08000697   Thumb Code    36  llsshr.o(.text)
    _ll_sshift_r                             0x08000697   Thumb Code     0  llsshr.o(.text)
    __I$use$fp                               0x080006bb   Thumb Code     0  iusefp.o(.text)
    _float_round                             0x080006bb   Thumb Code    18  fepilogue.o(.text)
    _float_epilogue                          0x080006cd   Thumb Code    92  fepilogue.o(.text)
    _double_round                            0x08000729   Thumb Code    30  depilogue.o(.text)
    _double_epilogue                         0x08000747   Thumb Code   156  depilogue.o(.text)
    _dsqrt                                   0x080007e3   Thumb Code   162  dsqrt.o(.text)
    __scatterload                            0x08000885   Thumb Code    28  init.o(.text)
    __scatterload_rt2                        0x08000885   Thumb Code     0  init.o(.text)
    BusFault_Handler                         0x080008a9   Thumb Code     4  stm32f1xx_it.o(i.BusFault_Handler)
    DebugMon_Handler                         0x080008ad   Thumb Code     2  stm32f1xx_it.o(i.DebugMon_Handler)
    Error_Handler                            0x080008af   Thumb Code     6  main.o(i.Error_Handler)
    HAL_GPIO_Init                            0x080008b5   Thumb Code   766  stm32f1xx_hal_gpio.o(i.HAL_GPIO_Init)
    HAL_GetTick                              0x08000bd5   Thumb Code     6  stm32f1xx_hal.o(i.HAL_GetTick)
    HAL_I2C_Init                             0x08000be1   Thumb Code   446  stm32f1xx_hal_i2c.o(i.HAL_I2C_Init)
    HAL_I2C_Mem_Read                         0x08000db1   Thumb Code   850  stm32f1xx_hal_i2c.o(i.HAL_I2C_Mem_Read)
    HAL_I2C_Mem_Write                        0x08001115   Thumb Code   348  stm32f1xx_hal_i2c.o(i.HAL_I2C_Mem_Write)
    HAL_I2C_MspInit                          0x08001279   Thumb Code   104  stm32f1xx_hal_msp.o(i.HAL_I2C_MspInit)
    HAL_IncTick                              0x080012ed   Thumb Code    16  stm32f1xx_hal.o(i.HAL_IncTick)
    HAL_Init                                 0x08001305   Thumb Code    34  stm32f1xx_hal.o(i.HAL_Init)
    HAL_InitTick                             0x0800132d   Thumb Code    64  stm32f1xx_hal.o(i.HAL_InitTick)
    HAL_MspInit                              0x08001379   Thumb Code    76  stm32f1xx_hal_msp.o(i.HAL_MspInit)
    HAL_NVIC_SetPriority                     0x080013cd   Thumb Code   124  stm32f1xx_hal_cortex.o(i.HAL_NVIC_SetPriority)
    HAL_NVIC_SetPriorityGrouping             0x08001449   Thumb Code    32  stm32f1xx_hal_cortex.o(i.HAL_NVIC_SetPriorityGrouping)
    HAL_RCC_ClockConfig                      0x08001471   Thumb Code   376  stm32f1xx_hal_rcc.o(i.HAL_RCC_ClockConfig)
    HAL_RCC_GetHCLKFreq                      0x080015fd   Thumb Code     6  stm32f1xx_hal_rcc.o(i.HAL_RCC_GetHCLKFreq)
    HAL_RCC_GetPCLK1Freq                     0x08001609   Thumb Code    22  stm32f1xx_hal_rcc.o(i.HAL_RCC_GetPCLK1Freq)
    HAL_RCC_GetPCLK2Freq                     0x08001629   Thumb Code    22  stm32f1xx_hal_rcc.o(i.HAL_RCC_GetPCLK2Freq)
    HAL_RCC_GetSysClockFreq                  0x08001649   Thumb Code   116  stm32f1xx_hal_rcc.o(i.HAL_RCC_GetSysClockFreq)
    HAL_RCC_OscConfig                        0x080016dd   Thumb Code  1114  stm32f1xx_hal_rcc.o(i.HAL_RCC_OscConfig)
    HAL_SYSTICK_Config                       0x08001b41   Thumb Code    52  stm32f1xx_hal_cortex.o(i.HAL_SYSTICK_Config)
    HAL_UART_Init                            0x08001b75   Thumb Code   114  stm32f1xx_hal_uart.o(i.HAL_UART_Init)
    HAL_UART_MspInit                         0x08001be9   Thumb Code   122  stm32f1xx_hal_msp.o(i.HAL_UART_MspInit)
    HardFault_Handler                        0x08001c71   Thumb Code     4  stm32f1xx_it.o(i.HardFault_Handler)
    MPU9250_Init                             0x08002179   Thumb Code   602  mpu9250.o(i.MPU9250_Init)
    MPU9250_MagnetometerInit                 0x080023e9   Thumb Code   380  mpu9250.o(i.MPU9250_MagnetometerInit)
    MPU9250_ReadMag                          0x08002581   Thumb Code   140  mpu9250.o(i.MPU9250_ReadMag)
    MPU9250_UpdateMag                        0x08002615   Thumb Code   244  mpu9250.o(i.MPU9250_UpdateMag)
    MemManage_Handler                        0x080027e9   Thumb Code     4  stm32f1xx_it.o(i.MemManage_Handler)
    NMI_Handler                              0x080027ed   Thumb Code     4  stm32f1xx_it.o(i.NMI_Handler)
    PendSV_Handler                           0x080027f1   Thumb Code     2  stm32f1xx_it.o(i.PendSV_Handler)
    SVC_Handler                              0x0800281d   Thumb Code     2  stm32f1xx_it.o(i.SVC_Handler)
    SysTick_Handler                          0x0800281f   Thumb Code     8  stm32f1xx_it.o(i.SysTick_Handler)
    SystemClock_Config                       0x08002827   Thumb Code   102  main.o(i.SystemClock_Config)
    SystemInit                               0x0800288d   Thumb Code     2  system_stm32f1xx.o(i.SystemInit)
    UsageFault_Handler                       0x0800298d   Thumb Code     4  stm32f1xx_it.o(i.UsageFault_Handler)
    __scatterload_copy                       0x080029c9   Thumb Code    14  handlers.o(i.__scatterload_copy)
    __scatterload_null                       0x080029d7   Thumb Code     2  handlers.o(i.__scatterload_null)
    __scatterload_zeroinit                   0x080029d9   Thumb Code    14  handlers.o(i.__scatterload_zeroinit)
    __set_errno                              0x080029e9   Thumb Code     6  errno.o(i.__set_errno)
    main                                     0x08002a7d   Thumb Code    60  main.o(i.main)
    select_filter                            0x08002abd   Thumb Code    96  quaternion.o(i.select_filter)
    sqrt                                     0x08002b35   Thumb Code    76  sqrt.o(i.sqrt)
    AHBPrescTable                            0x08002b80   Data          16  system_stm32f1xx.o(.constdata)
    APBPrescTable                            0x08002b90   Data           8  system_stm32f1xx.o(.constdata)
    Region$$Table$$Base                      0x08002b98   Number         0  anon$$obj.o(Region$$Table)
    Region$$Table$$Limit                     0x08002bb8   Number         0  anon$$obj.o(Region$$Table)
    uwTick                                   0x20000000   Data           4  stm32f1xx_hal.o(.data)
    uwTickPrio                               0x20000004   Data           4  stm32f1xx_hal.o(.data)
    uwTickFreq                               0x20000008   Data           1  stm32f1xx_hal.o(.data)
    SystemCoreClock                          0x2000000c   Data           4  system_stm32f1xx.o(.data)
    GyroMeasError                            0x20000068   Data           4  quaternion.o(.data)
    GyroMeasDrift                            0x2000006c   Data           4  quaternion.o(.data)
    beta                                     0x20000070   Data           4  quaternion.o(.data)
    zeta                                     0x20000074   Data           4  quaternion.o(.data)
    Kp                                       0x20000078   Data           4  quaternion.o(.data)
    Ki                                       0x2000007c   Data           4  quaternion.o(.data)
    twoKp                                    0x20000080   Data           4  quaternion.o(.data)
    twoKi                                    0x20000084   Data           4  quaternion.o(.data)
    integralFBx                              0x20000088   Data           4  quaternion.o(.data)
    integralFBy                              0x2000008c   Data           4  quaternion.o(.data)
    integralFBz                              0x20000090   Data           4  quaternion.o(.data)
    anglesComputed                           0x20000094   Data           4  quaternion.o(.data)
    deltaT                                   0x20000098   Data           8  quaternion.o(.data)
    newTime                                  0x200000a0   Data           4  quaternion.o(.data)
    oldTime                                  0x200000a4   Data           4  quaternion.o(.data)
    filter_sel                               0x200000a8   Data           1  quaternion.o(.data)
    buffer                                   0x200000c0   Data          24  main.o(.bss)
    hi2c1                                    0x200000d8   Data          84  main.o(.bss)
    huart1                                   0x2000012c   Data          64  main.o(.bss)
    dest                                     0x2000016c   Data          20  main.o(.bss)
    __initial_sp                             0x200005f8   Data           0  startup_stm32f103xb.o(STACK)



==============================================================================

Memory Map of the image

  Image Entry point : 0x080000ed

  Load Region LR_IROM1 (Base: 0x08000000, Size: 0x00002c74, Max: 0x00010000, ABSOLUTE)

    Execution Region ER_IROM1 (Exec base: 0x08000000, Load base: 0x08000000, Size: 0x00002bb8, Max: 0x00010000, ABSOLUTE)

    Exec Addr    Load Addr    Size         Type   Attr      Idx    E Section Name        Object

    0x08000000   0x08000000   0x000000ec   Data   RO            3    RESET               startup_stm32f103xb.o
    0x080000ec   0x080000ec   0x00000000   Code   RO         2772  * .ARM.Collect$$$$00000000  mc_w.l(entry.o)
    0x080000ec   0x080000ec   0x00000004   Code   RO         2829    .ARM.Collect$$$$00000001  mc_w.l(entry2.o)
    0x080000f0   0x080000f0   0x00000004   Code   RO         2832    .ARM.Collect$$$$00000004  mc_w.l(entry5.o)
    0x080000f4   0x080000f4   0x00000000   Code   RO         2834    .ARM.Collect$$$$00000008  mc_w.l(entry7b.o)
    0x080000f4   0x080000f4   0x00000000   Code   RO         2836    .ARM.Collect$$$$0000000A  mc_w.l(entry8b.o)
    0x080000f4   0x080000f4   0x00000008   Code   RO         2837    .ARM.Collect$$$$0000000B  mc_w.l(entry9a.o)
    0x080000fc   0x080000fc   0x00000000   Code   RO         2839    .ARM.Collect$$$$0000000D  mc_w.l(entry10a.o)
    0x080000fc   0x080000fc   0x00000000   Code   RO         2841    .ARM.Collect$$$$0000000F  mc_w.l(entry11a.o)
    0x080000fc   0x080000fc   0x00000004   Code   RO         2830    .ARM.Collect$$$$00002712  mc_w.l(entry2.o)
    0x08000100   0x08000100   0x00000024   Code   RO            4    .text               startup_stm32f103xb.o
    0x08000124   0x08000124   0x00000020   Code   RO         2775    .text               mc_w.l(llushr.o)
    0x08000144   0x08000144   0x00000024   Code   RO         2777    .text               mc_w.l(memseta.o)
    0x08000168   0x08000168   0x000000b0   Code   RO         2779    .text               mf_w.l(fadd.o)
    0x08000218   0x08000218   0x00000064   Code   RO         2781    .text               mf_w.l(fmul.o)
    0x0800027c   0x0800027c   0x0000007c   Code   RO         2783    .text               mf_w.l(fdiv.o)
    0x080002f8   0x080002f8   0x0000014e   Code   RO         2785    .text               mf_w.l(dadd.o)
    0x08000446   0x08000446   0x000000e4   Code   RO         2787    .text               mf_w.l(dmul.o)
    0x0800052a   0x0800052a   0x000000de   Code   RO         2789    .text               mf_w.l(ddiv.o)
    0x08000608   0x08000608   0x00000012   Code   RO         2791    .text               mf_w.l(fflti.o)
    0x0800061a   0x0800061a   0x00000026   Code   RO         2803    .text               mf_w.l(f2d.o)
    0x08000640   0x08000640   0x00000038   Code   RO         2807    .text               mf_w.l(d2f.o)
    0x08000678   0x08000678   0x0000001e   Code   RO         2843    .text               mc_w.l(llshl.o)
    0x08000696   0x08000696   0x00000024   Code   RO         2845    .text               mc_w.l(llsshr.o)
    0x080006ba   0x080006ba   0x00000000   Code   RO         2854    .text               mc_w.l(iusefp.o)
    0x080006ba   0x080006ba   0x0000006e   Code   RO         2855    .text               mf_w.l(fepilogue.o)
    0x08000728   0x08000728   0x000000ba   Code   RO         2861    .text               mf_w.l(depilogue.o)
    0x080007e2   0x080007e2   0x000000a2   Code   RO         2863    .text               mf_w.l(dsqrt.o)
    0x08000884   0x08000884   0x00000024   Code   RO         2865    .text               mc_w.l(init.o)
    0x080008a8   0x080008a8   0x00000004   Code   RO          162    i.BusFault_Handler  stm32f1xx_it.o
    0x080008ac   0x080008ac   0x00000002   Code   RO          163    i.DebugMon_Handler  stm32f1xx_it.o
    0x080008ae   0x080008ae   0x00000006   Code   RO           13    i.Error_Handler     main.o
    0x080008b4   0x080008b4   0x00000320   Code   RO         1113    i.HAL_GPIO_Init     stm32f1xx_hal_gpio.o
    0x08000bd4   0x08000bd4   0x0000000c   Code   RO          804    i.HAL_GetTick       stm32f1xx_hal.o
    0x08000be0   0x08000be0   0x000001d0   Code   RO          332    i.HAL_I2C_Init      stm32f1xx_hal_i2c.o
    0x08000db0   0x08000db0   0x00000364   Code   RO          350    i.HAL_I2C_Mem_Read  stm32f1xx_hal_i2c.o
    0x08001114   0x08001114   0x00000164   Code   RO          353    i.HAL_I2C_Mem_Write  stm32f1xx_hal_i2c.o
    0x08001278   0x08001278   0x00000074   Code   RO          238    i.HAL_I2C_MspInit   stm32f1xx_hal_msp.o
    0x080012ec   0x080012ec   0x00000018   Code   RO          810    i.HAL_IncTick       stm32f1xx_hal.o
    0x08001304   0x08001304   0x00000028   Code   RO          811    i.HAL_Init          stm32f1xx_hal.o
    0x0800132c   0x0800132c   0x0000004c   Code   RO          812    i.HAL_InitTick      stm32f1xx_hal.o
    0x08001378   0x08001378   0x00000054   Code   RO          239    i.HAL_MspInit       stm32f1xx_hal_msp.o
    0x080013cc   0x080013cc   0x0000007c   Code   RO         1279    i.HAL_NVIC_SetPriority  stm32f1xx_hal_cortex.o
    0x08001448   0x08001448   0x00000028   Code   RO         1280    i.HAL_NVIC_SetPriorityGrouping  stm32f1xx_hal_cortex.o
    0x08001470   0x08001470   0x0000018c   Code   RO          968    i.HAL_RCC_ClockConfig  stm32f1xx_hal_rcc.o
    0x080015fc   0x080015fc   0x0000000c   Code   RO          973    i.HAL_RCC_GetHCLKFreq  stm32f1xx_hal_rcc.o
    0x08001608   0x08001608   0x00000020   Code   RO          975    i.HAL_RCC_GetPCLK1Freq  stm32f1xx_hal_rcc.o
    0x08001628   0x08001628   0x00000020   Code   RO          976    i.HAL_RCC_GetPCLK2Freq  stm32f1xx_hal_rcc.o
    0x08001648   0x08001648   0x00000094   Code   RO          977    i.HAL_RCC_GetSysClockFreq  stm32f1xx_hal_rcc.o
    0x080016dc   0x080016dc   0x00000464   Code   RO          980    i.HAL_RCC_OscConfig  stm32f1xx_hal_rcc.o
    0x08001b40   0x08001b40   0x00000034   Code   RO         1284    i.HAL_SYSTICK_Config  stm32f1xx_hal_cortex.o
    0x08001b74   0x08001b74   0x00000072   Code   RO         1860    i.HAL_UART_Init     stm32f1xx_hal_uart.o
    0x08001be6   0x08001be6   0x00000002   PAD
    0x08001be8   0x08001be8   0x00000088   Code   RO          241    i.HAL_UART_MspInit  stm32f1xx_hal_msp.o
    0x08001c70   0x08001c70   0x00000004   Code   RO          164    i.HardFault_Handler  stm32f1xx_it.o
    0x08001c74   0x08001c74   0x0000003e   Code   RO          375    i.I2C_IsAcknowledgeFailed  stm32f1xx_hal_i2c.o
    0x08001cb2   0x08001cb2   0x00000002   PAD
    0x08001cb4   0x08001cb4   0x00000160   Code   RO          386    i.I2C_RequestMemoryRead  stm32f1xx_hal_i2c.o
    0x08001e14   0x08001e14   0x000000e0   Code   RO          387    i.I2C_RequestMemoryWrite  stm32f1xx_hal_i2c.o
    0x08001ef4   0x08001ef4   0x0000005c   Code   RO          395    i.I2C_WaitOnBTFFlagUntilTimeout  stm32f1xx_hal_i2c.o
    0x08001f50   0x08001f50   0x00000086   Code   RO          396    i.I2C_WaitOnFlagUntilTimeout  stm32f1xx_hal_i2c.o
    0x08001fd6   0x08001fd6   0x000000c4   Code   RO          397    i.I2C_WaitOnMasterAddressFlagUntilTimeout  stm32f1xx_hal_i2c.o
    0x0800209a   0x0800209a   0x00000080   Code   RO          398    i.I2C_WaitOnRXNEFlagUntilTimeout  stm32f1xx_hal_i2c.o
    0x0800211a   0x0800211a   0x0000005c   Code   RO          401    i.I2C_WaitOnTXEFlagUntilTimeout  stm32f1xx_hal_i2c.o
    0x08002176   0x08002176   0x00000002   PAD
    0x08002178   0x08002178   0x00000270   Code   RO         2206    i.MPU9250_Init      mpu9250.o
    0x080023e8   0x080023e8   0x00000198   Code   RO         2207    i.MPU9250_MagnetometerInit  mpu9250.o
    0x08002580   0x08002580   0x00000094   Code   RO         2209    i.MPU9250_ReadMag   mpu9250.o
    0x08002614   0x08002614   0x00000108   Code   RO         2213    i.MPU9250_UpdateMag  mpu9250.o
    0x0800271c   0x0800271c   0x00000058   Code   RO           14    i.MX_GPIO_Init      main.o
    0x08002774   0x08002774   0x0000003c   Code   RO           15    i.MX_I2C1_Init      main.o
    0x080027b0   0x080027b0   0x00000038   Code   RO           16    i.MX_USART1_UART_Init  main.o
    0x080027e8   0x080027e8   0x00000004   Code   RO          165    i.MemManage_Handler  stm32f1xx_it.o
    0x080027ec   0x080027ec   0x00000004   Code   RO          166    i.NMI_Handler       stm32f1xx_it.o
    0x080027f0   0x080027f0   0x00000002   Code   RO          167    i.PendSV_Handler    stm32f1xx_it.o
    0x080027f2   0x080027f2   0x00000002   PAD
    0x080027f4   0x080027f4   0x00000028   Code   RO          981    i.RCC_Delay         stm32f1xx_hal_rcc.o
    0x0800281c   0x0800281c   0x00000002   Code   RO          168    i.SVC_Handler       stm32f1xx_it.o
    0x0800281e   0x0800281e   0x00000008   Code   RO          169    i.SysTick_Handler   stm32f1xx_it.o
    0x08002826   0x08002826   0x00000066   Code   RO           17    i.SystemClock_Config  main.o
    0x0800288c   0x0800288c   0x00000002   Code   RO         2167    i.SystemInit        system_stm32f1xx.o
    0x0800288e   0x0800288e   0x00000002   PAD
    0x08002890   0x08002890   0x000000fc   Code   RO         1887    i.UART_SetConfig    stm32f1xx_hal_uart.o
    0x0800298c   0x0800298c   0x00000004   Code   RO          170    i.UsageFault_Handler  stm32f1xx_it.o
    0x08002990   0x08002990   0x00000010   Code   RO         1286    i.__NVIC_GetPriorityGrouping  stm32f1xx_hal_cortex.o
    0x080029a0   0x080029a0   0x00000028   Code   RO         1287    i.__NVIC_SetPriority  stm32f1xx_hal_cortex.o
    0x080029c8   0x080029c8   0x0000000e   Code   RO         2869    i.__scatterload_copy  mc_w.l(handlers.o)
    0x080029d6   0x080029d6   0x00000002   Code   RO         2870    i.__scatterload_null  mc_w.l(handlers.o)
    0x080029d8   0x080029d8   0x0000000e   Code   RO         2871    i.__scatterload_zeroinit  mc_w.l(handlers.o)
    0x080029e6   0x080029e6   0x00000002   PAD
    0x080029e8   0x080029e8   0x0000000c   Code   RO         2849    i.__set_errno       mc_w.l(errno.o)
    0x080029f4   0x080029f4   0x0000002e   Code   RO         2259    i.get_acc_resolution  mpu9250.o
    0x08002a22   0x08002a22   0x00000002   PAD
    0x08002a24   0x08002a24   0x00000038   Code   RO         2260    i.get_gyro_resolution  mpu9250.o
    0x08002a5c   0x08002a5c   0x00000020   Code   RO         2261    i.get_mag_resolution  mpu9250.o
    0x08002a7c   0x08002a7c   0x00000040   Code   RO           18    i.main              main.o
    0x08002abc   0x08002abc   0x00000078   Code   RO         2608    i.select_filter     quaternion.o
    0x08002b34   0x08002b34   0x0000004c   Code   RO         2757    i.sqrt              m_ws.l(sqrt.o)
    0x08002b80   0x08002b80   0x00000018   Data   RO         2168    .constdata          system_stm32f1xx.o
    0x08002b98   0x08002b98   0x00000020   Data   RO         2867    Region$$Table       anon$$obj.o


    Execution Region RW_IRAM1 (Exec base: 0x20000000, Load base: 0x08002bb8, Size: 0x000005f8, Max: 0x00005000, ABSOLUTE)

    Exec Addr    Load Addr    Size         Type   Attr      Idx    E Section Name        Object

    0x20000000   0x08002bb8   0x00000009   Data   RW          818    .data               stm32f1xx_hal.o
    0x20000009   0x08002bc1   0x00000003   PAD
    0x2000000c   0x08002bc4   0x00000004   Data   RW         2169    .data               system_stm32f1xx.o
    0x20000010   0x08002bc8   0x00000054   Data   RW         2267    .data               mpu9250.o
    0x20000064   0x08002c1c   0x00000004   PAD
    0x20000068   0x08002c20   0x00000050   Data   RW         2609    .data               quaternion.o
    0x200000b8   0x08002c70   0x00000004   Data   RW         2850    .data               mc_w.l(errno.o)
    0x200000bc   0x08002c74   0x00000004   PAD
    0x200000c0        -       0x000000c0   Zero   RW           19    .bss                main.o
    0x20000180        -       0x00000078   Zero   RW         2265    .bss                mpu9250.o
    0x200001f8        -       0x00000400   Zero   RW            1    STACK               startup_stm32f103xb.o


==============================================================================

Image component sizes


      Code (inc. data)   RO Data    RW Data    ZI Data      Debug   Object Name

       376         30          0          0        192     403974   main.o
      1578        106          0         84        120       7080   mpu9250.o
       120         24          0         80          0       2262   quaternion.o
        36          8        236          0       1024        792   startup_stm32f103xb.o
       152         32          0          9          0       5293   stm32f1xx_hal.o
       272         22          0          0          0      28758   stm32f1xx_hal_cortex.o
       800         34          0          0          0       2052   stm32f1xx_hal_gpio.o
      2968         52          0          0          0      11418   stm32f1xx_hal_i2c.o
       336         34          0          0          0       2287   stm32f1xx_hal_msp.o
      1784        110          0          0          0       6016   stm32f1xx_hal_rcc.o
       366          4          0          0          0       1732   stm32f1xx_hal_uart.o
        34          0          0          0          0       3938   stm32f1xx_it.o
         2          0         24          4          0       1119   system_stm32f1xx.o

    ----------------------------------------------------------------------
      8836        456        292        184       1336     476721   Object Totals
         0          0         32          0          0          0   (incl. Generated)
        12          0          0          7          0          0   (incl. Padding)

    ----------------------------------------------------------------------

      Code (inc. data)   RO Data    RW Data    ZI Data      Debug   Library Member Name

        76          0          0          0          0         84   sqrt.o
         0          0          0          0          0          0   entry.o
         0          0          0          0          0          0   entry10a.o
         0          0          0          0          0          0   entry11a.o
         8          4          0          0          0          0   entry2.o
         4          0          0          0          0          0   entry5.o
         0          0          0          0          0          0   entry7b.o
         0          0          0          0          0          0   entry8b.o
         8          4          0          0          0          0   entry9a.o
        12          6          0          4          0         68   errno.o
        30          0          0          0          0          0   handlers.o
        36          8          0          0          0         68   init.o
         0          0          0          0          0          0   iusefp.o
        30          0          0          0          0         68   llshl.o
        36          0          0          0          0         68   llsshr.o
        32          0          0          0          0         68   llushr.o
        36          0          0          0          0        108   memseta.o
        56          0          0          0          0         88   d2f.o
       334          0          0          0          0        148   dadd.o
       222          0          0          0          0        100   ddiv.o
       186          0          0          0          0        176   depilogue.o
       228          0          0          0          0         96   dmul.o
       162          0          0          0          0        100   dsqrt.o
        38          0          0          0          0         68   f2d.o
       176          0          0          0          0        140   fadd.o
       124          0          0          0          0         88   fdiv.o
       110          0          0          0          0        168   fepilogue.o
        18          0          0          0          0         68   fflti.o
       100          0          0          0          0         76   fmul.o

    ----------------------------------------------------------------------
      2064         22          0          4          4       1848   Library Totals
         2          0          0          0          4          0   (incl. Padding)

    ----------------------------------------------------------------------

      Code (inc. data)   RO Data    RW Data    ZI Data      Debug   Library Name

        76          0          0          0          0         84   m_ws.l
       232         22          0          4          0        448   mc_w.l
      1754          0          0          0          0       1316   mf_w.l

    ----------------------------------------------------------------------
      2064         22          0          4          4       1848   Library Totals

    ----------------------------------------------------------------------

==============================================================================


      Code (inc. data)   RO Data    RW Data    ZI Data      Debug   

     10900        478        292        188       1340     475133   Grand Totals
     10900        478        292        188       1340     475133   ELF Image Totals
     10900        478        292        188          0          0   ROM Totals

==============================================================================

    Total RO  Size (Code + RO Data)                11192 (  10.93kB)
    Total RW  Size (RW Data + ZI Data)              1528 (   1.49kB)
    Total ROM Size (Code + RO Data + RW Data)      11380 (  11.11kB)

==============================================================================

