Component: ARM Compiler 6.13.1 Tool: armlink [5d895400]

==============================================================================

Section Cross References

    startup_stm32f446xx.o(RESET) refers to startup_stm32f446xx.o(STACK) for __initial_sp
    startup_stm32f446xx.o(RESET) refers to startup_stm32f446xx.o(.text) for Reset_Handler
    startup_stm32f446xx.o(RESET) refers to stm32f4xx_it.o(.text.NMI_Handler) for NMI_Handler
    startup_stm32f446xx.o(RESET) refers to stm32f4xx_it.o(.text.HardFault_Handler) for HardFault_Handler
    startup_stm32f446xx.o(RESET) refers to stm32f4xx_it.o(.text.MemManage_Handler) for MemManage_Handler
    startup_stm32f446xx.o(RESET) refers to stm32f4xx_it.o(.text.BusFault_Handler) for BusFault_Handler
    startup_stm32f446xx.o(RESET) refers to stm32f4xx_it.o(.text.UsageFault_Handler) for UsageFault_Handler
    startup_stm32f446xx.o(RESET) refers to port.o(.text.SVC_Handler) for SVC_Handler
    startup_stm32f446xx.o(RESET) refers to stm32f4xx_it.o(.text.DebugMon_Handler) for DebugMon_Handler
    startup_stm32f446xx.o(RESET) refers to port.o(.text.PendSV_Handler) for PendSV_Handler
    startup_stm32f446xx.o(RESET) refers to port.o(.text.SysTick_Handler) for SysTick_Handler
    startup_stm32f446xx.o(RESET) refers to stm32f4xx_it.o(.text.EXTI9_5_IRQHandler) for EXTI9_5_IRQHandler
    startup_stm32f446xx.o(RESET) refers to stm32f4xx_it.o(.text.TIM1_CC_IRQHandler) for TIM1_CC_IRQHandler
    startup_stm32f446xx.o(RESET) refers to stm32f4xx_it.o(.text.TIM6_DAC_IRQHandler) for TIM6_DAC_IRQHandler
    startup_stm32f446xx.o(.text) refers to system_stm32f4xx.o(.text.SystemInit) for SystemInit
    startup_stm32f446xx.o(.text) refers to entry.o(.ARM.Collect$$$$00000000) for __main
    main.o(.text.main) refers to stm32f4xx_hal.o(.text.HAL_Init) for HAL_Init
    main.o(.text.main) refers to main.o(.text.SystemClock_Config) for SystemClock_Config
    main.o(.text.main) refers to main.o(.text.MX_GPIO_Init) for MX_GPIO_Init
    main.o(.text.main) refers to main.o(.text.MX_DMA_Init) for MX_DMA_Init
    main.o(.text.main) refers to main.o(.text.MX_ADC1_Init) for MX_ADC1_Init
    main.o(.text.main) refers to main.o(.text.MX_CAN1_Init) for MX_CAN1_Init
    main.o(.text.main) refers to main.o(.text.MX_I2C1_Init) for MX_I2C1_Init
    main.o(.text.main) refers to main.o(.text.MX_TIM1_Init) for MX_TIM1_Init
    main.o(.text.main) refers to main.o(.text.MX_TIM2_Init) for MX_TIM2_Init
    main.o(.text.main) refers to main.o(.text.MX_SDIO_SD_Init) for MX_SDIO_SD_Init
    main.o(.text.main) refers to fatfs.o(.text.MX_FATFS_Init) for MX_FATFS_Init
    main.o(.text.main) refers to main.o(.bss.htim1) for htim1
    main.o(.text.main) refers to indproximity.o(.text.IndProximity_Init) for IndProximity_Init
    main.o(.text.main) refers to main.o(.bss.htim2) for htim2
    main.o(.text.main) refers to encoder.o(.text.Encoder_Setupt) for Encoder_Setupt
    main.o(.text.main) refers to daq_tasks.o(.text.Vehicle_CreateAllTasks) for Vehicle_CreateAllTasks
    main.o(.text.main) refers to main.o(.text.IMU_Init) for IMU_Init
    main.o(.text.main) refers to tasks.o(.text.vTaskStartScheduler) for vTaskStartScheduler
    main.o(.text.main) refers to stm32f4xx_hal.o(.text.HAL_Delay) for HAL_Delay
    main.o(.ARM.exidx.text.main) refers to main.o(.text.main) for [Anonymous Symbol]
    main.o(.text.SystemClock_Config) refers to memseta.o(.text) for __aeabi_memclr4
    main.o(.text.SystemClock_Config) refers to stm32f4xx_hal_rcc_ex.o(.text.HAL_RCC_OscConfig) for HAL_RCC_OscConfig
    main.o(.text.SystemClock_Config) refers to main.o(.text.Error_Handler) for Error_Handler
    main.o(.text.SystemClock_Config) refers to stm32f4xx_hal_rcc.o(.text.HAL_RCC_ClockConfig) for HAL_RCC_ClockConfig
    main.o(.ARM.exidx.text.SystemClock_Config) refers to main.o(.text.SystemClock_Config) for [Anonymous Symbol]
    main.o(.text.MX_GPIO_Init) refers to stm32f4xx_hal_gpio.o(.text.HAL_GPIO_WritePin) for HAL_GPIO_WritePin
    main.o(.text.MX_GPIO_Init) refers to stm32f4xx_hal_gpio.o(.text.HAL_GPIO_Init) for HAL_GPIO_Init
    main.o(.ARM.exidx.text.MX_GPIO_Init) refers to main.o(.text.MX_GPIO_Init) for [Anonymous Symbol]
    main.o(.ARM.exidx.text.MX_DMA_Init) refers to main.o(.text.MX_DMA_Init) for [Anonymous Symbol]
    main.o(.text.MX_ADC1_Init) refers to main.o(.bss.hadc1) for hadc1
    main.o(.text.MX_ADC1_Init) refers to stm32f4xx_hal_adc.o(.text.HAL_ADC_Init) for HAL_ADC_Init
    main.o(.text.MX_ADC1_Init) refers to main.o(.text.Error_Handler) for Error_Handler
    main.o(.text.MX_ADC1_Init) refers to stm32f4xx_hal_adc.o(.text.HAL_ADC_ConfigChannel) for HAL_ADC_ConfigChannel
    main.o(.ARM.exidx.text.MX_ADC1_Init) refers to main.o(.text.MX_ADC1_Init) for [Anonymous Symbol]
    main.o(.text.MX_CAN1_Init) refers to main.o(.bss.hcan1) for hcan1
    main.o(.text.MX_CAN1_Init) refers to stm32f4xx_hal_can.o(.text.HAL_CAN_Init) for HAL_CAN_Init
    main.o(.text.MX_CAN1_Init) refers to main.o(.text.Error_Handler) for Error_Handler
[...]
    __aeabi_memclr8                          0x08000291   Thumb Code     0  memseta.o(.text)
    _memset$wrapper                          0x08000295   Thumb Code    18  memseta.o(.text)
    __aeabi_dadd                             0x080002a7   Thumb Code   322  dadd.o(.text)
    __aeabi_dsub                             0x080003e9   Thumb Code     6  dadd.o(.text)
    __aeabi_drsub                            0x080003ef   Thumb Code     6  dadd.o(.text)
    __aeabi_dmul                             0x080003f5   Thumb Code   228  dmul.o(.text)
    __aeabi_ddiv                             0x080004d9   Thumb Code   222  ddiv.o(.text)
    __aeabi_i2d                              0x080005b7   Thumb Code    34  dflti.o(.text)
    __aeabi_ui2d                             0x080005d9   Thumb Code    26  dfltui.o(.text)
    __aeabi_d2iz                             0x080005f3   Thumb Code    62  dfixi.o(.text)
    __aeabi_f2d                              0x08000631   Thumb Code    38  f2d.o(.text)
    __aeabi_d2f                              0x08000657   Thumb Code    56  d2f.o(.text)
    __aeabi_llsl                             0x0800068f   Thumb Code    30  llshl.o(.text)
    _ll_shift_l                              0x0800068f   Thumb Code     0  llshl.o(.text)
    __aeabi_llsr                             0x080006ad   Thumb Code    32  llushr.o(.text)
    _ll_ushift_r                             0x080006ad   Thumb Code     0  llushr.o(.text)
    __aeabi_lasr                             0x080006cd   Thumb Code    36  llsshr.o(.text)
    _ll_sshift_r                             0x080006cd   Thumb Code     0  llsshr.o(.text)
    __I$use$fp                               0x080006f1   Thumb Code     0  iusefp.o(.text)
    _float_round                             0x080006f1   Thumb Code    18  fepilogue.o(.text)
    _float_epilogue                          0x08000703   Thumb Code    92  fepilogue.o(.text)
    _double_round                            0x0800075f   Thumb Code    30  depilogue.o(.text)
    _double_epilogue                         0x0800077d   Thumb Code   156  depilogue.o(.text)
    __scatterload                            0x08000819   Thumb Code    28  init.o(.text)
    __scatterload_rt2                        0x08000819   Thumb Code     0  init.o(.text)
    Adafruit_BNO055_Begin                    0x080009c9   Thumb Code   568  adafruit_bno055.o(.text.Adafruit_BNO055_Begin)
    Adafruit_BNO055_GetCalibration           0x08000c01   Thumb Code   148  adafruit_bno055.o(.text.Adafruit_BNO055_GetCalibration)
    Adafruit_BNO055_GetQuat                  0x08000c99   Thumb Code   336  adafruit_bno055.o(.text.Adafruit_BNO055_GetQuat)
    Adafruit_BNO055_GetTemp                  0x08000de9   Thumb Code    62  adafruit_bno055.o(.text.Adafruit_BNO055_GetTemp)
    Adafruit_BNO055_GetVector                0x08000e29   Thumb Code   936  adafruit_bno055.o(.text.Adafruit_BNO055_GetVector)
    Adafruit_BNO055_Init                     0x080011d1   Thumb Code    54  adafruit_bno055.o(.text.Adafruit_BNO055_Init)
    Adafruit_BNO055_SetExtCrystalUse         0x08001209   Thumb Code   234  adafruit_bno055.o(.text.Adafruit_BNO055_SetExtCrystalUse)
    Adafruit_BNO055_SetMode                  0x080012f5   Thumb Code    92  adafruit_bno055.o(.text.Adafruit_BNO055_SetMode)
    Adafruit_BNO055_UpdateEuler              0x08001351   Thumb Code   568  adafruit_bno055.o(.text.Adafruit_BNO055_UpdateEuler)
    BSP_SD_GetCardInfo                       0x08001589   Thumb Code    14  bsp_driver_sd.o(.text.BSP_SD_GetCardInfo)
    BSP_SD_GetCardState                      0x08001599   Thumb Code    22  bsp_driver_sd.o(.text.BSP_SD_GetCardState)
    BSP_SD_Init                              0x080015b1   Thumb Code    62  bsp_driver_sd.o(.text.BSP_SD_Init)
    BSP_SD_IsDetected                        0x080015f1   Thumb Code    16  bsp_driver_sd.o(.text.BSP_SD_IsDetected)
    BSP_SD_ReadBlocks                        0x08001601   Thumb Code    38  bsp_driver_sd.o(.text.BSP_SD_ReadBlocks)
    BSP_SD_WriteBlocks                       0x08001629   Thumb Code    38  bsp_driver_sd.o(.text.BSP_SD_WriteBlocks)
    BusFault_Handler                         0x08001651   Thumb Code     4  stm32f4xx_it.o(.text.BusFault_Handler)
    DAQ_CANSendIMULinearAccelration          0x08001659   Thumb Code   320  daq_can.o(.text.DAQ_CANSendIMULinearAccelration)
    DAQ_CanSendIMUCalibration                0x08001799   Thumb Code   146  daq_can.o(.text.DAQ_CanSendIMUCalibration)
    DAQ_CanSendImuAngles_Gz                  0x08001831   Thumb Code   384  daq_can.o(.text.DAQ_CanSendImuAngles_Gz)
    DAQ_CanSendSpeed_StrAngle_TimStamp       0x080019b1   Thumb Code   228  daq_can.o(.text.DAQ_CanSendSpeed_StrAngle_TimStamp)
    DAQ_CanSend_RPMs                         0x08001a95   Thumb Code   168  daq_can.o(.text.DAQ_CanSend_RPMs)
    DAQ_CanSend_SUSTravel                    0x08001b3d   Thumb Code   100  daq_can.o(.text.DAQ_CanSend_SUSTravel)
    DebugMon_Handler                         0x08001c5d   Thumb Code     2  stm32f4xx_it.o(.text.DebugMon_Handler)
    EXTI9_5_IRQHandler                       0x08001c61   Thumb Code     2  stm32f4xx_it.o(.text.EXTI9_5_IRQHandler)
    Encoder_MainFuction                      0x08001c65   Thumb Code   140  encoder.o(.text.Encoder_MainFuction)
    Encoder_Setupt                           0x08001cf1   Thumb Code    32  encoder.o(.text.Encoder_Setupt)
    Encoder_Start                            0x08001d11   Thumb Code    20  encoder.o(.text.Encoder_Start)
    Error_Handler                            0x08001d25   Thumb Code    14  main.o(.text.Error_Handler)
    FATFS_LinkDriver                         0x08001d35   Thumb Code     6  ff_gen_drv.o(.text.FATFS_LinkDriver)
    FATFS_LinkDriverEx                       0x08001d3d   Thumb Code    80  ff_gen_drv.o(.text.FATFS_LinkDriverEx)
    HAL_ADC_ConfigChannel                    0x08001d8d   Thumb Code   288  stm32f4xx_hal_adc.o(.text.HAL_ADC_ConfigChannel)
    HAL_ADC_ConvCpltCallback                 0x08001ead   Thumb Code     2  stm32f4xx_hal_adc.o(.text.HAL_ADC_ConvCpltCallback)
    HAL_ADC_ConvHalfCpltCallback             0x08001eb1   Thumb Code     2  stm32f4xx_hal_adc.o(.text.HAL_ADC_ConvHalfCpltCallback)
    HAL_ADC_ErrorCallback                    0x08001eb5   Thumb Code     2  stm32f4xx_hal_adc.o(.text.HAL_ADC_ErrorCallback)
    HAL_ADC_Init                             0x08001eb9   Thumb Code    80  stm32f4xx_hal_adc.o(.text.HAL_ADC_Init)
    HAL_ADC_MspInit                          0x08001f09   Thumb Code   296  stm32f4xx_hal_msp.o(.text.HAL_ADC_MspInit)
    HAL_ADC_Start_DMA                        0x08002031   Thumb Code   348  stm32f4xx_hal_adc.o(.text.HAL_ADC_Start_DMA)
    HAL_CAN_AddTxMessage                     0x0800218d   Thumb Code   164  stm32f4xx_hal_can.o(.text.HAL_CAN_AddTxMessage)
    HAL_CAN_Init                             0x08002231   Thumb Code   256  stm32f4xx_hal_can.o(.text.HAL_CAN_Init)
    HAL_CAN_IsTxMessagePending               0x08002331   Thumb Code    32  stm32f4xx_hal_can.o(.text.HAL_CAN_IsTxMessagePending)
    HAL_CAN_MspInit                          0x08002351   Thumb Code   146  stm32f4xx_hal_msp.o(.text.HAL_CAN_MspInit)
    HAL_CAN_Start                            0x080023e5   Thumb Code    90  stm32f4xx_hal_can.o(.text.HAL_CAN_Start)
    HAL_DMA_Init                             0x08002441   Thumb Code   216  stm32f4xx_hal_dma.o(.text.HAL_DMA_Init)
    HAL_DMA_Start_IT                         0x08002519   Thumb Code    98  stm32f4xx_hal_dma.o(.text.HAL_DMA_Start_IT)
    HAL_Delay                                0x0800257d   Thumb Code    40  stm32f4xx_hal.o(.text.HAL_Delay)
    HAL_GPIO_Init                            0x080025a5   Thumb Code   426  stm32f4xx_hal_gpio.o(.text.HAL_GPIO_Init)
    HAL_GPIO_WritePin                        0x08002751   Thumb Code    10  stm32f4xx_hal_gpio.o(.text.HAL_GPIO_WritePin)
    HAL_GetTick                              0x0800275d   Thumb Code    12  stm32f4xx_hal.o(.text.HAL_GetTick)
    HAL_I2C_Init                             0x08002769   Thumb Code   418  stm32f4xx_hal_i2c.o(.text.HAL_I2C_Init)
    HAL_I2C_Mem_Read                         0x0800290d   Thumb Code   530  stm32f4xx_hal_i2c.o(.text.HAL_I2C_Mem_Read)
    HAL_I2C_Mem_Write                        0x08002b21   Thumb Code   308  stm32f4xx_hal_i2c.o(.text.HAL_I2C_Mem_Write)
    HAL_I2C_MspInit                          0x08002c55   Thumb Code   144  stm32f4xx_hal_msp.o(.text.HAL_I2C_MspInit)
    HAL_IncTick                              0x08002ce5   Thumb Code    26  stm32f4xx_hal.o(.text.HAL_IncTick)
    HAL_Init                                 0x08002d01   Thumb Code    54  stm32f4xx_hal.o(.text.HAL_Init)
    HAL_InitTick                             0x08002d39   Thumb Code   192  stm32f4xx_hal_timebase_tim.o(.text.HAL_InitTick)
    HAL_MspInit                              0x08002df9   Thumb Code   130  stm32f4xx_hal_msp.o(.text.HAL_MspInit)
    HAL_NVIC_EnableIRQ                       0x08002e7d   Thumb Code     4  stm32f4xx_hal_cortex.o(.text.HAL_NVIC_EnableIRQ)
    HAL_NVIC_SetPriority                     0x08002e81   Thumb Code    32  stm32f4xx_hal_cortex.o(.text.HAL_NVIC_SetPriority)
    HAL_NVIC_SetPriorityGrouping             0x08002ea1   Thumb Code     4  stm32f4xx_hal_cortex.o(.text.HAL_NVIC_SetPriorityGrouping)
    HAL_RCCEx_PeriphCLKConfig                0x08002ea5   Thumb Code  1070  stm32f4xx_hal_rcc_ex.o(.text.HAL_RCCEx_PeriphCLKConfig)
    HAL_RCC_ClockConfig                      0x080032d5   Thumb Code   354  stm32f4xx_hal_rcc.o(.text.HAL_RCC_ClockConfig)
    HAL_RCC_GetClockConfig                   0x08003439   Thumb Code    62  stm32f4xx_hal_rcc.o(.text.HAL_RCC_GetClockConfig)
    HAL_RCC_GetHCLKFreq                      0x08003479   Thumb Code    12  stm32f4xx_hal_rcc.o(.text.HAL_RCC_GetHCLKFreq)
    HAL_RCC_GetPCLK1Freq                     0x08003485   Thumb Code    34  stm32f4xx_hal_rcc.o(.text.HAL_RCC_GetPCLK1Freq)
    HAL_RCC_GetSysClockFreq                  0x080034a9   Thumb Code   160  stm32f4xx_hal_rcc_ex.o(.text.HAL_RCC_GetSysClockFreq)
    HAL_RCC_OscConfig                        0x08003549   Thumb Code   918  stm32f4xx_hal_rcc_ex.o(.text.HAL_RCC_OscConfig)
    HAL_SD_ConfigWideBusOperation            0x080038e1   Thumb Code   152  stm32f4xx_hal_sd.o(.text.HAL_SD_ConfigWideBusOperation)
    HAL_SD_GetCardCSD                        0x08003979   Thumb Code   376  stm32f4xx_hal_sd.o(.text.HAL_SD_GetCardCSD)
    HAL_SD_GetCardInfo                       0x08003af1   Thumb Code    36  stm32f4xx_hal_sd.o(.text.HAL_SD_GetCardInfo)
    HAL_SD_GetCardState                      0x08003b15   Thumb Code    36  stm32f4xx_hal_sd.o(.text.HAL_SD_GetCardState)
    HAL_SD_Init                              0x08003b39   Thumb Code    62  stm32f4xx_hal_sd.o(.text.HAL_SD_Init)
    HAL_SD_InitCard                          0x08003b79   Thumb Code   148  stm32f4xx_hal_sd.o(.text.HAL_SD_InitCard)
    HAL_SD_MspInit                           0x08003c0d   Thumb Code   340  stm32f4xx_hal_msp.o(.text.HAL_SD_MspInit)
    HAL_SD_ReadBlocks                        0x08003d61   Thumb Code   478  stm32f4xx_hal_sd.o(.text.HAL_SD_ReadBlocks)
    HAL_SD_WriteBlocks                       0x08003f41   Thumb Code   452  stm32f4xx_hal_sd.o(.text.HAL_SD_WriteBlocks)
    HAL_TIMEx_BreakCallback                  0x08004105   Thumb Code     2  stm32f4xx_hal_tim_ex.o(.text.HAL_TIMEx_BreakCallback)
    HAL_TIMEx_CommutCallback                 0x08004109   Thumb Code     2  stm32f4xx_hal_tim_ex.o(.text.HAL_TIMEx_CommutCallback)
    HAL_TIMEx_MasterConfigSynchronization    0x0800410d   Thumb Code   184  stm32f4xx_hal_tim_ex.o(.text.HAL_TIMEx_MasterConfigSynchronization)
    HAL_TIM_Base_Init                        0x080041c5   Thumb Code    90  stm32f4xx_hal_tim.o(.text.HAL_TIM_Base_Init)
    HAL_TIM_Base_MspInit                     0x08004221   Thumb Code     2  stm32f4xx_hal_tim.o(.text.HAL_TIM_Base_MspInit)
    HAL_TIM_Base_Start_IT                    0x08004225   Thumb Code   176  stm32f4xx_hal_tim.o(.text.HAL_TIM_Base_Start_IT)
    HAL_TIM_Encoder_Init                     0x080042d5   Thumb Code   178  stm32f4xx_hal_tim.o(.text.HAL_TIM_Encoder_Init)
    HAL_TIM_Encoder_MspInit                  0x08004389   Thumb Code   134  stm32f4xx_hal_msp.o(.text.HAL_TIM_Encoder_MspInit)
    HAL_TIM_Encoder_Start                    0x08004411   Thumb Code   158  stm32f4xx_hal_tim.o(.text.HAL_TIM_Encoder_Start)
    HAL_TIM_IC_CaptureCallback               0x080044b1   Thumb Code   506  indproximity.o(.text.HAL_TIM_IC_CaptureCallback)
    HAL_TIM_IC_ConfigChannel                 0x080046ad   Thumb Code   152  stm32f4xx_hal_tim.o(.text.HAL_TIM_IC_ConfigChannel)
    HAL_TIM_IC_Init                          0x08004745   Thumb Code    90  stm32f4xx_hal_tim.o(.text.HAL_TIM_IC_Init)
    HAL_TIM_IC_MspInit                       0x080047a1   Thumb Code   164  stm32f4xx_hal_msp.o(.text.HAL_TIM_IC_MspInit)
    HAL_TIM_IC_Start_IT                      0x08004845   Thumb Code   312  stm32f4xx_hal_tim.o(.text.HAL_TIM_IC_Start_IT)
    HAL_TIM_IRQHandler                       0x0800497d   Thumb Code   362  stm32f4xx_hal_tim.o(.text.HAL_TIM_IRQHandler)
    HAL_TIM_OC_DelayElapsedCallback          0x08004ae9   Thumb Code     2  stm32f4xx_hal_tim.o(.text.HAL_TIM_OC_DelayElapsedCallback)
    HAL_TIM_PWM_PulseFinishedCallback        0x08004aed   Thumb Code     2  stm32f4xx_hal_tim.o(.text.HAL_TIM_PWM_PulseFinishedCallback)
    HAL_TIM_PeriodElapsedCallback            0x08004af1   Thumb Code    34  main.o(.text.HAL_TIM_PeriodElapsedCallback)
    HAL_TIM_TriggerCallback                  0x08004b15   Thumb Code     2  stm32f4xx_hal_tim.o(.text.HAL_TIM_TriggerCallback)
    HardFault_Handler                        0x08004b19   Thumb Code     4  stm32f4xx_it.o(.text.HardFault_Handler)
    IMU_Init                                 0x08004f51   Thumb Code    46  main.o(.text.IMU_Init)
    IndProximity_GetVehicleSpeed             0x08004f81   Thumb Code   172  indproximity.o(.text.IndProximity_GetVehicleSpeed)
    IndProximity_Init                        0x08005031   Thumb Code   120  indproximity.o(.text.IndProximity_Init)
    IndProximity_MainFunction                0x080050a9   Thumb Code   576  indproximity.o(.text.IndProximity_MainFunction)
    IndProximity_Start                       0x080052e9   Thumb Code    72  indproximity.o(.text.IndProximity_Start)
    MX_FATFS_Init                            0x08005489   Thumb Code    34  fatfs.o(.text.MX_FATFS_Init)
    MemManage_Handler                        0x080057d9   Thumb Code     4  stm32f4xx_it.o(.text.MemManage_Handler)
    NMI_Handler                              0x080057dd   Thumb Code     4  stm32f4xx_it.o(.text.NMI_Handler)
    PendSV_Handler                           0x08005811   Thumb Code   100  port.o(.text.PendSV_Handler)
    SDIO_ConfigData                          0x08005875   Thumb Code    38  stm32f4xx_ll_sdmmc.o(.text.SDIO_ConfigData)
    SDIO_GetCommandResponse                  0x0800589d   Thumb Code     6  stm32f4xx_ll_sdmmc.o(.text.SDIO_GetCommandResponse)
    SDIO_GetPowerState                       0x080058a5   Thumb Code     8  stm32f4xx_ll_sdmmc.o(.text.SDIO_GetPowerState)
    SDIO_GetResponse                         0x080058ad   Thumb Code     6  stm32f4xx_ll_sdmmc.o(.text.SDIO_GetResponse)
    SDIO_Init                                0x080058b5   Thumb Code    44  stm32f4xx_ll_sdmmc.o(.text.SDIO_Init)
    SDIO_PowerState_ON                       0x080058e1   Thumb Code    10  stm32f4xx_ll_sdmmc.o(.text.SDIO_PowerState_ON)
    SDIO_ReadFIFO                            0x080058ed   Thumb Code     6  stm32f4xx_ll_sdmmc.o(.text.SDIO_ReadFIFO)
    SDIO_SendCommand                         0x080058f5   Thumb Code    42  stm32f4xx_ll_sdmmc.o(.text.SDIO_SendCommand)
    SDIO_WriteFIFO                           0x08005921   Thumb Code    12  stm32f4xx_ll_sdmmc.o(.text.SDIO_WriteFIFO)
    SDMMC_CmdAppCommand                      0x0800592d   Thumb Code    52  stm32f4xx_ll_sdmmc.o(.text.SDMMC_CmdAppCommand)
    SDMMC_CmdAppOperCommand                  0x08005961   Thumb Code    54  stm32f4xx_ll_sdmmc.o(.text.SDMMC_CmdAppOperCommand)
    SDMMC_CmdBlockLength                     0x08005999   Thumb Code    52  stm32f4xx_ll_sdmmc.o(.text.SDMMC_CmdBlockLength)
    SDMMC_CmdBusWidth                        0x080059cd   Thumb Code    52  stm32f4xx_ll_sdmmc.o(.text.SDMMC_CmdBusWidth)
    SDMMC_CmdGoIdleState                     0x08005a01   Thumb Code    42  stm32f4xx_ll_sdmmc.o(.text.SDMMC_CmdGoIdleState)
    SDMMC_CmdOperCond                        0x08005a2d   Thumb Code    50  stm32f4xx_ll_sdmmc.o(.text.SDMMC_CmdOperCond)
    SDMMC_CmdReadMultiBlock                  0x08005a61   Thumb Code    52  stm32f4xx_ll_sdmmc.o(.text.SDMMC_CmdReadMultiBlock)
    SDMMC_CmdReadSingleBlock                 0x08005a95   Thumb Code    52  stm32f4xx_ll_sdmmc.o(.text.SDMMC_CmdReadSingleBlock)
    SDMMC_CmdSelDesel                        0x08005ac9   Thumb Code    52  stm32f4xx_ll_sdmmc.o(.text.SDMMC_CmdSelDesel)
    SDMMC_CmdSendCID                         0x08005afd   Thumb Code    46  stm32f4xx_ll_sdmmc.o(.text.SDMMC_CmdSendCID)
    SDMMC_CmdSendCSD                         0x08005b2d   Thumb Code    46  stm32f4xx_ll_sdmmc.o(.text.SDMMC_CmdSendCSD)
    SDMMC_CmdSendSCR                         0x08005b5d   Thumb Code    52  stm32f4xx_ll_sdmmc.o(.text.SDMMC_CmdSendSCR)
    SDMMC_CmdSendStatus                      0x08005b91   Thumb Code    52  stm32f4xx_ll_sdmmc.o(.text.SDMMC_CmdSendStatus)
    SDMMC_CmdSetRelAdd                       0x08005bc5   Thumb Code    52  stm32f4xx_ll_sdmmc.o(.text.SDMMC_CmdSetRelAdd)
    SDMMC_CmdStopTransfer                    0x08005bf9   Thumb Code    56  stm32f4xx_ll_sdmmc.o(.text.SDMMC_CmdStopTransfer)
    SDMMC_CmdWriteMultiBlock                 0x08005c31   Thumb Code    52  stm32f4xx_ll_sdmmc.o(.text.SDMMC_CmdWriteMultiBlock)
    SDMMC_CmdWriteSingleBlock                0x08005c65   Thumb Code    52  stm32f4xx_ll_sdmmc.o(.text.SDMMC_CmdWriteSingleBlock)
    SDMMC_GetCmdResp1                        0x08005cd1   Thumb Code   344  stm32f4xx_ll_sdmmc.o(.text.SDMMC_GetCmdResp1)
    SDMMC_GetCmdResp2                        0x08005e29   Thumb Code    92  stm32f4xx_ll_sdmmc.o(.text.SDMMC_GetCmdResp2)
    SDMMC_GetCmdResp3                        0x08005e85   Thumb Code    76  stm32f4xx_ll_sdmmc.o(.text.SDMMC_GetCmdResp3)
    SDMMC_GetCmdResp6                        0x08005ed1   Thumb Code   166  stm32f4xx_ll_sdmmc.o(.text.SDMMC_GetCmdResp6)
    SDMMC_GetCmdResp7                        0x08005f79   Thumb Code    98  stm32f4xx_ll_sdmmc.o(.text.SDMMC_GetCmdResp7)
    SD_initialize                            0x08006365   Thumb Code    34  sd_diskio.o(.text.SD_initialize)
    SD_ioctl                                 0x08006389   Thumb Code    86  sd_diskio.o(.text.SD_ioctl)
    SD_read                                  0x080063e1   Thumb Code    36  sd_diskio.o(.text.SD_read)
    SD_status                                0x08006405   Thumb Code     4  sd_diskio.o(.text.SD_status)
    SD_write                                 0x08006409   Thumb Code    36  sd_diskio.o(.text.SD_write)
    SUSTravel_GetData                        0x0800642d   Thumb Code    60  sus_travel.o(.text.SUSTravel_GetData)
    SUSTravel_MainFunction                   0x08006469   Thumb Code   108  sus_travel.o(.text.SUSTravel_MainFunction)
    SUSTravel_StartDMA                       0x080064d5   Thumb Code    26  sus_travel.o(.text.SUSTravel_StartDMA)
    SVC_Handler                              0x080064f1   Thumb Code    36  port.o(.text.SVC_Handler)
    SysTick_Handler                          0x08006515   Thumb Code    62  port.o(.text.SysTick_Handler)
    SystemClock_Config                       0x08006555   Thumb Code   194  main.o(.text.SystemClock_Config)
    SystemInit                               0x08006619   Thumb Code    26  system_stm32f4xx.o(.text.SystemInit)
    TIM1_CC_IRQHandler                       0x08006635   Thumb Code    16  stm32f4xx_it.o(.text.TIM1_CC_IRQHandler)
    TIM6_DAC_IRQHandler                      0x08006645   Thumb Code    16  stm32f4xx_it.o(.text.TIM6_DAC_IRQHandler)
    TIM_Base_SetConfig                       0x08006655   Thumb Code   292  stm32f4xx_hal_tim.o(.text.TIM_Base_SetConfig)
    TIM_CCxChannelCmd                        0x08006779   Thumb Code    36  stm32f4xx_hal_tim.o(.text.TIM_CCxChannelCmd)
    TIM_ResetCounter                         0x0800679d   Thumb Code    14  encoder.o(.text.TIM_ResetCounter)
    TIM_TI1_SetConfig                        0x080067ad   Thumb Code   168  stm32f4xx_hal_tim.o(.text.TIM_TI1_SetConfig)
    UsageFault_Handler                       0x08006901   Thumb Code     4  stm32f4xx_it.o(.text.UsageFault_Handler)
    VehicleCanTransmitAllData                0x08006905   Thumb Code    70  daq_tasks.o(.text.VehicleCanTransmitAllData)
    VehicleGetImuData                        0x0800694d   Thumb Code   366  daq_tasks.o(.text.VehicleGetImuData)
    VehicleGetSpeed                          0x08006abd   Thumb Code    44  daq_tasks.o(.text.VehicleGetSpeed)
    VehicleGetSteeringAngle                  0x08006ae9   Thumb Code    40  daq_tasks.o(.text.VehicleGetSteeringAngle)
    VehicleGetTravelReading                  0x08006b11   Thumb Code    48  daq_tasks.o(.text.VehicleGetTravelReading)
    Vehicle_CreateAllTasks                   0x08006b41   Thumb Code   282  daq_tasks.o(.text.Vehicle_CreateAllTasks)
    main                                     0x08006cd1   Thumb Code   100  main.o(.text.main)
    pvPortMalloc                             0x08007c7d   Thumb Code   508  heap_4.o(.text.pvPortMalloc)
    pxPortInitialiseStack                    0x08007e79   Thumb Code    94  port.o(.text.pxPortInitialiseStack)
    uxListRemove                             0x08007ed9   Thumb Code    72  list.o(.text.uxListRemove)
    uxTaskResetEventItemValue                0x08007f21   Thumb Code    34  tasks.o(.text.uxTaskResetEventItemValue)
    vEventGroupSetBitsCallback               0x08007f45   Thumb Code    20  event_groups.o(.text.vEventGroupSetBitsCallback)
    vListInitialise                          0x08007f59   Thumb Code    46  list.o(.text.vListInitialise)
    vListInitialiseItem                      0x08007f89   Thumb Code    14  list.o(.text.vListInitialiseItem)
    vListInsert                              0x08007f99   Thumb Code   108  list.o(.text.vListInsert)
    vListInsertEnd                           0x08008005   Thumb Code    58  list.o(.text.vListInsertEnd)
    vPortEnterCritical                       0x08008055   Thumb Code    88  port.o(.text.vPortEnterCritical)
    vPortExitCritical                        0x080080ad   Thumb Code    78  port.o(.text.vPortExitCritical)
    vPortFree                                0x080080fd   Thumb Code   212  heap_4.o(.text.vPortFree)
    vPortSetupTimerInterrupt                 0x080081d1   Thumb Code    68  port.o(.text.vPortSetupTimerInterrupt)
    vPortValidateInterruptPriority           0x08008215   Thumb Code   132  port.o(.text.vPortValidateInterruptPriority)
    vQueueAddToRegistry                      0x08008299   Thumb Code    84  queue.o(.text.vQueueAddToRegistry)
    vQueueWaitForMessageRestricted           0x080082ed   Thumb Code   106  queue.o(.text.vQueueWaitForMessageRestricted)
    vTaskDelayUntil                          0x08008359   Thumb Code   286  tasks.o(.text.vTaskDelayUntil)
    vTaskInternalSetTimeOutState             0x08008479   Thumb Code    36  tasks.o(.text.vTaskInternalSetTimeOutState)
    vTaskMissedYield                         0x0800849d   Thumb Code    14  tasks.o(.text.vTaskMissedYield)
    vTaskPlaceOnEventList                    0x080084ad   Thumb Code    68  tasks.o(.text.vTaskPlaceOnEventList)
    vTaskPlaceOnEventListRestricted          0x080084f1   Thumb Code    86  tasks.o(.text.vTaskPlaceOnEventListRestricted)
    vTaskPlaceOnUnorderedEventList           0x08008549   Thumb Code   118  tasks.o(.text.vTaskPlaceOnUnorderedEventList)
    vTaskRemoveFromUnorderedEventList        0x080085c1   Thumb Code   204  tasks.o(.text.vTaskRemoveFromUnorderedEventList)
    vTaskSetApplicationTaskTag               0x0800868d   Thumb Code    54  tasks.o(.text.vTaskSetApplicationTaskTag)
    vTaskStartScheduler                      0x080086c5   Thumb Code   190  tasks.o(.text.vTaskStartScheduler)
    vTaskSuspendAll                          0x08008785   Thumb Code    16  tasks.o(.text.vTaskSuspendAll)
    vTaskSwitchContext                       0x08008795   Thumb Code   194  tasks.o(.text.vTaskSwitchContext)
    xEventGroupCreate                        0x08008859   Thumb Code    44  event_groups.o(.text.xEventGroupCreate)
    xEventGroupSetBits                       0x08008885   Thumb Code   296  event_groups.o(.text.xEventGroupSetBits)
    xEventGroupSetBitsFromISR                0x080089ad   Thumb Code    36  event_groups.o(.text.xEventGroupSetBitsFromISR)
    xEventGroupWaitBits                      0x080089d1   Thumb Code   470  event_groups.o(.text.xEventGroupWaitBits)
    xPortStartScheduler                      0x08008ba9   Thumb Code   380  port.o(.text.xPortStartScheduler)
    xQueueGenericCreate                      0x08008d25   Thumb Code   114  queue.o(.text.xQueueGenericCreate)
    xQueueGenericReset                       0x08008d99   Thumb Code   194  queue.o(.text.xQueueGenericReset)
    xQueueGenericSend                        0x08008e5d   Thumb Code   586  queue.o(.text.xQueueGenericSend)
    xQueueGenericSendFromISR                 0x080090a9   Thumb Code   348  queue.o(.text.xQueueGenericSendFromISR)
    xQueueReceive                            0x08009205   Thumb Code   510  queue.o(.text.xQueueReceive)
    xTaskCheckForTimeOut                     0x08009405   Thumb Code   210  tasks.o(.text.xTaskCheckForTimeOut)
    xTaskCreate                              0x080094d9   Thumb Code   168  tasks.o(.text.xTaskCreate)
    xTaskGetSchedulerState                   0x08009581   Thumb Code    60  tasks.o(.text.xTaskGetSchedulerState)
    xTaskGetTickCount                        0x080095bd   Thumb Code    20  tasks.o(.text.xTaskGetTickCount)
    xTaskIncrementTick                       0x080095d1   Thumb Code   456  tasks.o(.text.xTaskIncrementTick)
    xTaskPriorityDisinherit                  0x08009799   Thumb Code   296  tasks.o(.text.xTaskPriorityDisinherit)
    xTaskRemoveFromEventList                 0x080098c1   Thumb Code   202  tasks.o(.text.xTaskRemoveFromEventList)
    xTaskResumeAll                           0x0800998d   Thumb Code   396  tasks.o(.text.xTaskResumeAll)
    xTimerCreateTimerTask                    0x08009b19   Thumb Code   112  timers.o(.text.xTimerCreateTimerTask)
    xTimerGenericCommand                     0x08009b89   Thumb Code   182  timers.o(.text.xTimerGenericCommand)
    xTimerPendFunctionCallFromISR            0x08009c41   Thumb Code    58  timers.o(.text.xTimerPendFunctionCallFromISR)
    __ARM_fpclassifyf                        0x08009c7b   Thumb Code    38  fpclassifyf.o(i.__ARM_fpclassifyf)
    __hardfp_asinf                           0x08009ca1   Thumb Code   258  asinf.o(i.__hardfp_asinf)
    __hardfp_atan2f                          0x08009dcd   Thumb Code   594  atan2f.o(i.__hardfp_atan2f)
    __mathlib_flt_infnan                     0x0800a079   Thumb Code     6  funder.o(i.__mathlib_flt_infnan)
    __mathlib_flt_infnan2                    0x0800a07f   Thumb Code     6  funder.o(i.__mathlib_flt_infnan2)
    __mathlib_flt_invalid                    0x0800a085   Thumb Code    10  funder.o(i.__mathlib_flt_invalid)
    __mathlib_flt_underflow                  0x0800a095   Thumb Code    10  funder.o(i.__mathlib_flt_underflow)
    __scatterload_copy                       0x0800a0a5   Thumb Code    14  handlers.o(i.__scatterload_copy)
    __scatterload_null                       0x0800a0b3   Thumb Code     2  handlers.o(i.__scatterload_null)
    __scatterload_zeroinit                   0x0800a0b5   Thumb Code    14  handlers.o(i.__scatterload_zeroinit)
    __set_errno                              0x0800a0c5   Thumb Code     6  errno.o(i.__set_errno)
    sqrtf                                    0x0800a0d1   Thumb Code    62  sqrtf.o(i.sqrtf)
    AHBPrescTable                            0x0800a10e   Data          16  system_stm32f4xx.o(.rodata.AHBPrescTable)
    APBPrescTable                            0x0800a11e   Data           8  system_stm32f4xx.o(.rodata.APBPrescTable)
    SD_Driver                                0x0800a128   Data          20  sd_diskio.o(.rodata.SD_Driver)
    Region$$Table$$Base                      0x0800a17c   Number         0  anon$$obj.o(Region$$Table)
    Region$$Table$$Limit                     0x0800a19c   Number         0  anon$$obj.o(Region$$Table)
    LinAcc                                   0x20000008   Data          24  daq_tasks.o(.data.LinAcc)
    SystemCoreClock                          0x20000024   Data           4  system_stm32f4xx.o(.data.SystemCoreClock)
    VehicleSpeed                             0x20000030   Data           4  daq_tasks.o(.data.VehicleSpeed)
    uwTickFreq                               0x20000034   Data           1  stm32f4xx_hal.o(.data.uwTickFreq)
    uwTickPrio                               0x20000038   Data           4  stm32f4xx_hal.o(.data.uwTickPrio)
    ADC_val                                  0x20000040   Data          16  sus_travel.o(.bss.ADC_val)
    AccelCalib                               0x20000050   Data           1  daq_tasks.o(.bss.AccelCalib)
    Co                                       0x200000e4   Data           1  adafruit_bno055.o(.bss.Co)
    DataAcquisition                          0x200000e8   Data          96  daq_tasks.o(.bss.DataAcquisition)
    GyroBuffer                               0x20000158   Data          24  daq_tasks.o(.bss.GyroBuffer)
    GyroCalib                                0x20000170   Data           1  daq_tasks.o(.bss.GyroCalib)
    ImuAngles                                0x20000188   Data          12  daq_tasks.o(.bss.ImuAngles)
    MgCalib                                  0x20000194   Data           1  daq_tasks.o(.bss.MgCalib)
    SDPath                                   0x20000195   Data           4  fatfs.o(.bss.SDPath)
    SystemCalib                              0x20000199   Data           1  daq_tasks.o(.bss.SystemCalib)
    TASK1_Handler                            0x2000019c   Data           4  daq_tasks.o(.bss.TASK1_Handler)
    TASK2_Handler                            0x200001a0   Data           4  daq_tasks.o(.bss.TASK2_Handler)
    TASK3_Handler                            0x200001a4   Data           4  daq_tasks.o(.bss.TASK3_Handler)
    TASK4_Handler                            0x200001a8   Data           4  daq_tasks.o(.bss.TASK4_Handler)
    TASK5_Handler                            0x200001ac   Data           4  daq_tasks.o(.bss.TASK5_Handler)
    TASK6_Handler                            0x200001b0   Data           4  daq_tasks.o(.bss.TASK6_Handler)
    _address                                 0x20000230   Data           1  adafruit_bno055.o(.bss._address)
    _mode                                    0x20000231   Data           1  adafruit_bno055.o(.bss._mode)
    _sensorID                                0x20000234   Data           4  adafruit_bno055.o(.bss._sensorID)
    disk                                     0x20000238   Data          12  ff_gen_drv.o(.bss.disk)
    hadc1                                    0x20000250   Data          72  main.o(.bss.hadc1)
    hcan1                                    0x20000298   Data          40  main.o(.bss.hcan1)
    hdma_adc1                                0x200002c0   Data          96  main.o(.bss.hdma_adc1)
    hi2c1                                    0x20000320   Data          84  main.o(.bss.hi2c1)
    hsd                                      0x20000374   Data         132  main.o(.bss.hsd)
    htim1                                    0x200003f8   Data          72  main.o(.bss.htim1)
    htim2                                    0x20000440   Data          72  main.o(.bss.htim2)
    htim6                                    0x20000488   Data          72  stm32f4xx_hal_timebase_tim.o(.bss.htim6)
    pxCurrentTCB                             0x200004d4   Data           4  tasks.o(.bss.pxCurrentTCB)
    q                                        0x200005b8   Data          32  daq_tasks.o(.bss.q)
    retSD                                    0x200005d8   Data           1  fatfs.o(.bss.retSD)
    uwTick                                   0x200049e0   Data           4  stm32f4xx_hal.o(.bss.uwTick)
    xHigherPriorityTaskWoken                 0x20004a50   Data           4  indproximity.o(.bss.xHigherPriorityTaskWoken)
    xQueueRegistry                           0x20004a84   Data          64  queue.o(.bss.xQueueRegistry)
    xResult                                  0x20004ac4   Data           4  indproximity.o(.bss.xResult)
    __initial_sp                             0x20008b10   Data           0  startup_stm32f446xx.o(STACK)



==============================================================================

Memory Map of the image

  Image Entry point : 0x080001c5

  Load Region LR_IROM1 (Base: 0x08000000, Size: 0x0000a1e0, Max: 0x00080000, ABSOLUTE)

    Execution Region ER_IROM1 (Exec base: 0x08000000, Load base: 0x08000000, Size: 0x0000a19c, Max: 0x00080000, ABSOLUTE)

    Exec Addr    Load Addr    Size         Type   Attr      Idx    E Section Name        Object

    0x08000000   0x08000000   0x000001c4   Data   RO            3    RESET               startup_stm32f446xx.o
    0x080001c4   0x080001c4   0x00000000   Code   RO         2538  * .ARM.Collect$$$$00000000  mc_w.l(entry.o)
    0x080001c4   0x080001c4   0x00000004   Code   RO         2653    .ARM.Collect$$$$00000001  mc_w.l(entry2.o)
    0x080001c8   0x080001c8   0x00000004   Code   RO         2656    .ARM.Collect$$$$00000004  mc_w.l(entry5.o)
    0x080001cc   0x080001cc   0x00000000   Code   RO         2658    .ARM.Collect$$$$00000008  mc_w.l(entry7b.o)
    0x080001cc   0x080001cc   0x00000000   Code   RO         2660    .ARM.Collect$$$$0000000A  mc_w.l(entry8b.o)
    0x080001cc   0x080001cc   0x00000008   Code   RO         2661    .ARM.Collect$$$$0000000B  mc_w.l(entry9a.o)
    0x080001d4   0x080001d4   0x00000000   Code   RO         2663    .ARM.Collect$$$$0000000D  mc_w.l(entry10a.o)
    0x080001d4   0x080001d4   0x00000000   Code   RO         2665    .ARM.Collect$$$$0000000F  mc_w.l(entry11a.o)
    0x080001d4   0x080001d4   0x00000004   Code   RO         2654    .ARM.Collect$$$$00002712  mc_w.l(entry2.o)
    0x080001d8   0x080001d8   0x00000024   Code   RO            4    .text               startup_stm32f446xx.o
    0x080001fc   0x080001fc   0x00000062   Code   RO         2541    .text               mc_w.l(uldiv.o)
    0x0800025e   0x0800025e   0x00000024   Code   RO         2571    .text               mc_w.l(memcpya.o)
    0x08000282   0x08000282   0x00000024   Code   RO         2573    .text               mc_w.l(memseta.o)
    0x080002a6   0x080002a6   0x0000014e   Code   RO         2609    .text               mf_w.l(dadd.o)
    0x080003f4   0x080003f4   0x000000e4   Code   RO         2611    .text               mf_w.l(dmul.o)
    0x080004d8   0x080004d8   0x000000de   Code   RO         2613    .text               mf_w.l(ddiv.o)
    0x080005b6   0x080005b6   0x00000022   Code   RO         2615    .text               mf_w.l(dflti.o)
    0x080005d8   0x080005d8   0x0000001a   Code   RO         2617    .text               mf_w.l(dfltui.o)
    0x080005f2   0x080005f2   0x0000003e   Code   RO         2619    .text               mf_w.l(dfixi.o)
    0x08000630   0x08000630   0x00000026   Code   RO         2621    .text               mf_w.l(f2d.o)
    0x08000656   0x08000656   0x00000038   Code   RO         2623    .text               mf_w.l(d2f.o)
    0x0800068e   0x0800068e   0x0000001e   Code   RO         2674    .text               mc_w.l(llshl.o)
    0x080006ac   0x080006ac   0x00000020   Code   RO         2676    .text               mc_w.l(llushr.o)
    0x080006cc   0x080006cc   0x00000024   Code   RO         2678    .text               mc_w.l(llsshr.o)
    0x080006f0   0x080006f0   0x00000000   Code   RO         2687    .text               mc_w.l(iusefp.o)
    0x080006f0   0x080006f0   0x0000006e   Code   RO         2688    .text               mf_w.l(fepilogue.o)
    0x0800075e   0x0800075e   0x000000ba   Code   RO         2690    .text               mf_w.l(depilogue.o)
    0x08000818   0x08000818   0x00000024   Code   RO         2696    .text               mc_w.l(init.o)
    0x0800083c   0x0800083c   0x00000066   Code   RO          821    .text.ADC_DMAConvCplt  stm32f4xx_hal_adc.o
    0x080008a2   0x080008a2   0x00000002   PAD
    0x080008a4   0x080008a4   0x00000012   Code   RO          825    .text.ADC_DMAError  stm32f4xx_hal_adc.o
    0x080008b6   0x080008b6   0x00000002   PAD
    0x080008b8   0x080008b8   0x00000006   Code   RO          823    .text.ADC_DMAHalfConvCplt  stm32f4xx_hal_adc.o
    0x080008be   0x080008be   0x00000002   PAD
    0x080008c0   0x080008c0   0x00000108   Code   RO          793    .text.ADC_Init      stm32f4xx_hal_adc.o
    0x080009c8   0x080009c8   0x00000238   Code   RO          634    .text.Adafruit_BNO055_Begin  adafruit_bno055.o
    0x08000c00   0x08000c00   0x00000094   Code   RO          642    .text.Adafruit_BNO055_GetCalibration  adafruit_bno055.o
    0x08000c94   0x08000c94   0x00000004   PAD
    0x08000c98   0x08000c98   0x00000150   Code   RO          644    .text.Adafruit_BNO055_GetQuat  adafruit_bno055.o
    0x08000de8   0x08000de8   0x0000003e   Code   RO          638    .text.Adafruit_BNO055_GetTemp  adafruit_bno055.o
    0x08000e26   0x08000e26   0x00000002   PAD
    0x08000e28   0x08000e28   0x000003a8   Code   RO          646    .text.Adafruit_BNO055_GetVector  adafruit_bno055.o
    0x080011d0   0x080011d0   0x00000036   Code   RO          632    .text.Adafruit_BNO055_Init  adafruit_bno055.o
    0x08001206   0x08001206   0x00000002   PAD
    0x08001208   0x08001208   0x000000ea   Code   RO          640    .text.Adafruit_BNO055_SetExtCrystalUse  adafruit_bno055.o
    0x080012f2   0x080012f2   0x00000002   PAD
    0x080012f4   0x080012f4   0x0000005c   Code   RO          636    .text.Adafruit_BNO055_SetMode  adafruit_bno055.o
    0x08001350   0x08001350   0x00000238   Code   RO          648    .text.Adafruit_BNO055_UpdateEuler  adafruit_bno055.o
    0x08001588   0x08001588   0x0000000e   Code   RO         2225    .text.BSP_SD_GetCardInfo  bsp_driver_sd.o
    0x08001596   0x08001596   0x00000002   PAD
    0x08001598   0x08001598   0x00000016   Code   RO         2223    .text.BSP_SD_GetCardState  bsp_driver_sd.o
    0x080015ae   0x080015ae   0x00000002   PAD
    0x080015b0   0x080015b0   0x0000003e   Code   RO         2205    .text.BSP_SD_Init   bsp_driver_sd.o
    0x080015ee   0x080015ee   0x00000002   PAD
    0x080015f0   0x080015f0   0x00000010   Code   RO         2207    .text.BSP_SD_IsDetected  bsp_driver_sd.o
    0x08001600   0x08001600   0x00000026   Code   RO         2213    .text.BSP_SD_ReadBlocks  bsp_driver_sd.o
    0x08001626   0x08001626   0x00000002   PAD
    0x08001628   0x08001628   0x00000026   Code   RO         2215    .text.BSP_SD_WriteBlocks  bsp_driver_sd.o
    0x0800164e   0x0800164e   0x00000002   PAD
    0x08001650   0x08001650   0x00000004   Code   RO           61    .text.BusFault_Handler  stm32f4xx_it.o
    0x08001654   0x08001654   0x00000004   PAD
    0x08001658   0x08001658   0x00000140   Code   RO          770    .text.DAQ_CANSendIMULinearAccelration  daq_can.o
    0x08001798   0x08001798   0x00000092   Code   RO          768    .text.DAQ_CanSendIMUCalibration  daq_can.o
    0x0800182a   0x0800182a   0x00000006   PAD
    0x08001830   0x08001830   0x00000180   Code   RO          766    .text.DAQ_CanSendImuAngles_Gz  daq_can.o
    0x080019b0   0x080019b0   0x000000e4   Code   RO          764    .text.DAQ_CanSendSpeed_StrAngle_TimStamp  daq_can.o
    0x08001a94   0x08001a94   0x000000a8   Code   RO          760    .text.DAQ_CanSend_RPMs  daq_can.o
    0x08001b3c   0x08001b3c   0x00000064   Code   RO          762    .text.DAQ_CanSend_SUSTravel  daq_can.o
    0x08001ba0   0x08001ba0   0x0000003c   Code   RO         1119    .text.DMA_CalcBaseAndBitshift  stm32f4xx_hal_dma.o
    0x08001bdc   0x08001bdc   0x00000050   Code   RO         1117    .text.DMA_CheckFifoParam  stm32f4xx_hal_dma.o
    0x08001c2c   0x08001c2c   0x00000030   Code   RO         1125    .text.DMA_SetConfig  stm32f4xx_hal_dma.o
    0x08001c5c   0x08001c5c   0x00000002   Code   RO           65    .text.DebugMon_Handler  stm32f4xx_it.o
    0x08001c5e   0x08001c5e   0x00000002   PAD
    0x08001c60   0x08001c60   0x00000002   Code   RO           71    .text.EXTI9_5_IRQHandler  stm32f4xx_it.o
    0x08001c62   0x08001c62   0x00000002   PAD
    0x08001c64   0x08001c64   0x0000008c   Code   RO          710    .text.Encoder_MainFuction  encoder.o
    0x08001cf0   0x08001cf0   0x00000020   Code   RO          704    .text.Encoder_Setupt  encoder.o
    0x08001d10   0x08001d10   0x00000014   Code   RO          706    .text.Encoder_Start  encoder.o
    0x08001d24   0x08001d24   0x0000000e   Code   RO           33    .text.Error_Handler  main.o
    0x08001d32   0x08001d32   0x00000002   PAD
    0x08001d34   0x08001d34   0x00000006   Code   RO         2449    .text.FATFS_LinkDriver  ff_gen_drv.o
    0x08001d3a   0x08001d3a   0x00000002   PAD
    0x08001d3c   0x08001d3c   0x00000050   Code   RO         2447    .text.FATFS_LinkDriverEx  ff_gen_drv.o
    0x08001d8c   0x08001d8c   0x00000120   Code   RO          833    .text.HAL_ADC_ConfigChannel  stm32f4xx_hal_adc.o
    0x08001eac   0x08001eac   0x00000002   Code   RO          813    .text.HAL_ADC_ConvCpltCallback  stm32f4xx_hal_adc.o
    0x08001eae   0x08001eae   0x00000002   PAD
    0x08001eb0   0x08001eb0   0x00000002   Code   RO          831    .text.HAL_ADC_ConvHalfCpltCallback  stm32f4xx_hal_adc.o
    0x08001eb2   0x08001eb2   0x00000002   PAD
    0x08001eb4   0x08001eb4   0x00000002   Code   RO          817    .text.HAL_ADC_ErrorCallback  stm32f4xx_hal_adc.o
    0x08001eb6   0x08001eb6   0x00000002   PAD
    0x08001eb8   0x08001eb8   0x00000050   Code   RO          789    .text.HAL_ADC_Init  stm32f4xx_hal_adc.o
    0x08001f08   0x08001f08   0x00000128   Code   RO           83    .text.HAL_ADC_MspInit  stm32f4xx_hal_msp.o
    0x08002030   0x08002030   0x0000015c   Code   RO          819    .text.HAL_ADC_Start_DMA  stm32f4xx_hal_adc.o
    0x0800218c   0x0800218c   0x000000a4   Code   RO         1410    .text.HAL_CAN_AddTxMessage  stm32f4xx_hal_can.o
    0x08002230   0x08002230   0x00000100   Code   RO         1390    .text.HAL_CAN_Init  stm32f4xx_hal_can.o
    0x08002330   0x08002330   0x00000020   Code   RO         1416    .text.HAL_CAN_IsTxMessagePending  stm32f4xx_hal_can.o
    0x08002350   0x08002350   0x00000092   Code   RO           87    .text.HAL_CAN_MspInit  stm32f4xx_hal_msp.o
    0x080023e2   0x080023e2   0x00000002   PAD
    0x080023e4   0x080023e4   0x0000005a   Code   RO         1402    .text.HAL_CAN_Start  stm32f4xx_hal_can.o
    0x0800243e   0x0800243e   0x00000002   PAD
    0x08002440   0x08002440   0x000000d8   Code   RO         1115    .text.HAL_DMA_Init  stm32f4xx_hal_dma.o
    0x08002518   0x08002518   0x00000062   Code   RO         1127    .text.HAL_DMA_Start_IT  stm32f4xx_hal_dma.o
    0x0800257a   0x0800257a   0x00000002   PAD
    0x0800257c   0x0800257c   0x00000028   Code   RO         1317    .text.HAL_Delay     stm32f4xx_hal.o
    0x080025a4   0x080025a4   0x000001aa   Code   RO         1073    .text.HAL_GPIO_Init  stm32f4xx_hal_gpio.o
    0x0800274e   0x0800274e   0x00000002   PAD
    0x08002750   0x08002750   0x0000000a   Code   RO         1079    .text.HAL_GPIO_WritePin  stm32f4xx_hal_gpio.o
    0x0800275a   0x0800275a   0x00000002   PAD
    0x0800275c   0x0800275c   0x0000000c   Code   RO         1309    .text.HAL_GetTick   stm32f4xx_hal.o
    0x08002768   0x08002768   0x000001a2   Code   RO         1471    .text.HAL_I2C_Init  stm32f4xx_hal_i2c.o
    0x0800290a   0x0800290a   0x00000002   PAD
    0x0800290c   0x0800290c   0x00000212   Code   RO         1525    .text.HAL_I2C_Mem_Read  stm32f4xx_hal_i2c.o
    0x08002b1e   0x08002b1e   0x00000002   PAD
    0x08002b20   0x08002b20   0x00000134   Code   RO         1521    .text.HAL_I2C_Mem_Write  stm32f4xx_hal_i2c.o
    0x08002c54   0x08002c54   0x00000090   Code   RO           91    .text.HAL_I2C_MspInit  stm32f4xx_hal_msp.o
    0x08002ce4   0x08002ce4   0x0000001a   Code   RO         1307    .text.HAL_IncTick   stm32f4xx_hal.o
    0x08002cfe   0x08002cfe   0x00000002   PAD
    0x08002d00   0x08002d00   0x00000036   Code   RO         1297    .text.HAL_Init      stm32f4xx_hal.o
    0x08002d36   0x08002d36   0x00000002   PAD
    0x08002d38   0x08002d38   0x000000c0   Code   RO          115    .text.HAL_InitTick  stm32f4xx_hal_timebase_tim.o
    0x08002df8   0x08002df8   0x00000082   Code   RO           81    .text.HAL_MspInit   stm32f4xx_hal_msp.o
    0x08002e7a   0x08002e7a   0x00000002   PAD
    0x08002e7c   0x08002e7c   0x00000004   Code   RO         1236    .text.HAL_NVIC_EnableIRQ  stm32f4xx_hal_cortex.o
    0x08002e80   0x08002e80   0x00000020   Code   RO         1228    .text.HAL_NVIC_SetPriority  stm32f4xx_hal_cortex.o
    0x08002ea0   0x08002ea0   0x00000004   Code   RO         1224    .text.HAL_NVIC_SetPriorityGrouping  stm32f4xx_hal_cortex.o
    0x08002ea4   0x08002ea4   0x0000042e   Code   RO          927    .text.HAL_RCCEx_PeriphCLKConfig  stm32f4xx_hal_rcc_ex.o
    0x080032d2   0x080032d2   0x00000002   PAD
    0x080032d4   0x080032d4   0x00000162   Code   RO          894    .text.HAL_RCC_ClockConfig  stm32f4xx_hal_rcc.o
    0x08003436   0x08003436   0x00000002   PAD
    0x08003438   0x08003438   0x0000003e   Code   RO          912    .text.HAL_RCC_GetClockConfig  stm32f4xx_hal_rcc.o
    0x08003476   0x08003476   0x00000002   PAD
    0x08003478   0x08003478   0x0000000c   Code   RO          904    .text.HAL_RCC_GetHCLKFreq  stm32f4xx_hal_rcc.o
    0x08003484   0x08003484   0x00000022   Code   RO          906    .text.HAL_RCC_GetPCLK1Freq  stm32f4xx_hal_rcc.o
    0x080034a6   0x080034a6   0x00000002   PAD
    0x080034a8   0x080034a8   0x000000a0   Code   RO          943    .text.HAL_RCC_GetSysClockFreq  stm32f4xx_hal_rcc_ex.o
    0x08003548   0x08003548   0x00000396   Code   RO          947    .text.HAL_RCC_OscConfig  stm32f4xx_hal_rcc_ex.o
    0x080038de   0x080038de   0x00000002   PAD
    0x080038e0   0x080038e0   0x00000098   Code   RO         1824    .text.HAL_SD_ConfigWideBusOperation  stm32f4xx_hal_sd.o
    0x08003978   0x08003978   0x00000178   Code   RO         1816    .text.HAL_SD_GetCardCSD  stm32f4xx_hal_sd.o
    0x08003af0   0x08003af0   0x00000024   Code   RO         1822    .text.HAL_SD_GetCardInfo  stm32f4xx_hal_sd.o
    0x08003b14   0x08003b14   0x00000024   Code   RO         1830    .text.HAL_SD_GetCardState  stm32f4xx_hal_sd.o
    0x08003b38   0x08003b38   0x0000003e   Code   RO         1756    .text.HAL_SD_Init   stm32f4xx_hal_sd.o
    0x08003b76   0x08003b76   0x00000002   PAD
    0x08003b78   0x08003b78   0x00000094   Code   RO         1760    .text.HAL_SD_InitCard  stm32f4xx_hal_sd.o
    0x08003c0c   0x08003c0c   0x00000154   Code   RO           95    .text.HAL_SD_MspInit  stm32f4xx_hal_msp.o
    0x08003d60   0x08003d60   0x000001de   Code   RO         1772    .text.HAL_SD_ReadBlocks  stm32f4xx_hal_sd.o
    0x08003f3e   0x08003f3e   0x00000002   PAD
    0x08003f40   0x08003f40   0x000001c4   Code   RO         1774    .text.HAL_SD_WriteBlocks  stm32f4xx_hal_sd.o
    0x08004104   0x08004104   0x00000002   Code   RO         2174    .text.HAL_TIMEx_BreakCallback  stm32f4xx_hal_tim_ex.o
    0x08004106   0x08004106   0x00000002   PAD
    0x08004108   0x08004108   0x00000002   Code   RO         2170    .text.HAL_TIMEx_CommutCallback  stm32f4xx_hal_tim_ex.o
    0x0800410a   0x0800410a   0x00000002   PAD
    0x0800410c   0x0800410c   0x000000b8   Code   RO         2164    .text.HAL_TIMEx_MasterConfigSynchronization  stm32f4xx_hal_tim_ex.o
    0x080041c4   0x080041c4   0x0000005a   Code   RO         1849    .text.HAL_TIM_Base_Init  stm32f4xx_hal_tim.o
    0x0800421e   0x0800421e   0x00000002   PAD
    0x08004220   0x08004220   0x00000002   Code   RO         1851    .text.HAL_TIM_Base_MspInit  stm32f4xx_hal_tim.o
    0x08004222   0x08004222   0x00000002   PAD
    0x08004224   0x08004224   0x000000b0   Code   RO         1863    .text.HAL_TIM_Base_Start_IT  stm32f4xx_hal_tim.o
    0x080042d4   0x080042d4   0x000000b2   Code   RO         1963    .text.HAL_TIM_Encoder_Init  stm32f4xx_hal_tim.o
    0x08004386   0x08004386   0x00000002   PAD
    0x08004388   0x08004388   0x00000086   Code   RO          101    .text.HAL_TIM_Encoder_MspInit  stm32f4xx_hal_msp.o
    0x0800440e   0x0800440e   0x00000002   PAD
    0x08004410   0x08004410   0x0000009e   Code   RO         1971    .text.HAL_TIM_Encoder_Start  stm32f4xx_hal_tim.o
    0x080044ae   0x080044ae   0x00000002   PAD
    0x080044b0   0x080044b0   0x000001fa   Code   RO          734    .text.HAL_TIM_IC_CaptureCallback  indproximity.o
    0x080046aa   0x080046aa   0x00000002   PAD
    0x080046ac   0x080046ac   0x00000098   Code   RO         2005    .text.HAL_TIM_IC_ConfigChannel  stm32f4xx_hal_tim.o
    0x08004744   0x08004744   0x0000005a   Code   RO         1923    .text.HAL_TIM_IC_Init  stm32f4xx_hal_tim.o
    0x0800479e   0x0800479e   0x00000002   PAD
    0x080047a0   0x080047a0   0x000000a4   Code   RO           99    .text.HAL_TIM_IC_MspInit  stm32f4xx_hal_msp.o
    0x08004844   0x08004844   0x00000138   Code   RO         1935    .text.HAL_TIM_IC_Start_IT  stm32f4xx_hal_tim.o
    0x0800497c   0x0800497c   0x0000016a   Code   RO         1983    .text.HAL_TIM_IRQHandler  stm32f4xx_hal_tim.o
    0x08004ae6   0x08004ae6   0x00000002   PAD
    0x08004ae8   0x08004ae8   0x00000002   Code   RO         1987    .text.HAL_TIM_OC_DelayElapsedCallback  stm32f4xx_hal_tim.o
    0x08004aea   0x08004aea   0x00000002   PAD
    0x08004aec   0x08004aec   0x00000002   Code   RO         1989    .text.HAL_TIM_PWM_PulseFinishedCallback  stm32f4xx_hal_tim.o
    0x08004aee   0x08004aee   0x00000002   PAD
    0x08004af0   0x08004af0   0x00000022   Code   RO           35    .text.HAL_TIM_PeriodElapsedCallback  main.o
    0x08004b12   0x08004b12   0x00000002   PAD
    0x08004b14   0x08004b14   0x00000002   Code   RO         1993    .text.HAL_TIM_TriggerCallback  stm32f4xx_hal_tim.o
    0x08004b16   0x08004b16   0x00000002   PAD
    0x08004b18   0x08004b18   0x00000004   Code   RO           57    .text.HardFault_Handler  stm32f4xx_it.o
    0x08004b1c   0x08004b1c   0x00000030   Code   RO         1631    .text.I2C_IsAcknowledgeFailed  stm32f4xx_hal_i2c.o
    0x08004b4c   0x08004b4c   0x0000010c   Code   RO         1527    .text.I2C_RequestMemoryRead  stm32f4xx_hal_i2c.o
    0x08004c58   0x08004c58   0x000000c0   Code   RO         1523    .text.I2C_RequestMemoryWrite  stm32f4xx_hal_i2c.o
    0x08004d18   0x08004d18   0x0000005e   Code   RO         1487    .text.I2C_WaitOnBTFFlagUntilTimeout  stm32f4xx_hal_i2c.o
    0x08004d76   0x08004d76   0x00000002   PAD
    0x08004d78   0x08004d78   0x0000007e   Code   RO         1481    .text.I2C_WaitOnFlagUntilTimeout  stm32f4xx_hal_i2c.o
    0x08004df6   0x08004df6   0x00000002   PAD
    0x08004df8   0x08004df8   0x00000098   Code   RO         1629    .text.I2C_WaitOnMasterAddressFlagUntilTimeout  stm32f4xx_hal_i2c.o
    0x08004e90   0x08004e90   0x0000005e   Code   RO         1493    .text.I2C_WaitOnRXNEFlagUntilTimeout  stm32f4xx_hal_i2c.o
    0x08004eee   0x08004eee   0x00000002   PAD
    0x08004ef0   0x08004ef0   0x0000005e   Code   RO         1485    .text.I2C_WaitOnTXEFlagUntilTimeout  stm32f4xx_hal_i2c.o
    0x08004f4e   0x08004f4e   0x00000002   PAD
    0x08004f50   0x08004f50   0x0000002e   Code   RO           31    .text.IMU_Init      main.o
    0x08004f7e   0x08004f7e   0x00000002   PAD
    0x08004f80   0x08004f80   0x000000ac   Code   RO          728    .text.IndProximity_GetVehicleSpeed  indproximity.o
    0x0800502c   0x0800502c   0x00000004   PAD
    0x08005030   0x08005030   0x00000078   Code   RO          724    .text.IndProximity_Init  indproximity.o
    0x080050a8   0x080050a8   0x00000240   Code   RO          732    .text.IndProximity_MainFunction  indproximity.o
    0x080052e8   0x080052e8   0x00000048   Code   RO          726    .text.IndProximity_Start  indproximity.o
    0x08005330   0x08005330   0x000000e6   Code   RO           19    .text.MX_ADC1_Init  main.o
    0x08005416   0x08005416   0x00000002   PAD
    0x08005418   0x08005418   0x00000048   Code   RO           21    .text.MX_CAN1_Init  main.o
    0x08005460   0x08005460   0x00000028   Code   RO           17    .text.MX_DMA_Init   main.o
    0x08005488   0x08005488   0x00000022   Code   RO         2271    .text.MX_FATFS_Init  fatfs.o
    0x080054aa   0x080054aa   0x00000002   PAD
    0x080054ac   0x080054ac   0x00000152   Code   RO           15    .text.MX_GPIO_Init  main.o
    0x080055fe   0x080055fe   0x00000002   PAD
    0x08005600   0x08005600   0x00000044   Code   RO           23    .text.MX_I2C1_Init  main.o
    0x08005644   0x08005644   0x00000024   Code   RO           29    .text.MX_SDIO_SD_Init  main.o
    0x08005668   0x08005668   0x000000ec   Code   RO           25    .text.MX_TIM1_Init  main.o
    0x08005754   0x08005754   0x00000082   Code   RO           27    .text.MX_TIM2_Init  main.o
    0x080057d6   0x080057d6   0x00000002   PAD
    0x080057d8   0x080057d8   0x00000004   Code   RO           59    .text.MemManage_Handler  stm32f4xx_it.o
    0x080057dc   0x080057dc   0x00000004   Code   RO           55    .text.NMI_Handler   stm32f4xx_it.o
    0x080057e0   0x080057e0   0x0000002c   Code   RO         1234    .text.NVIC_EncodePriority  stm32f4xx_hal_cortex.o
    0x0800580c   0x0800580c   0x00000004   PAD
    0x08005810   0x08005810   0x00000064   Code   RO          568    .text.PendSV_Handler  port.o
    0x08005874   0x08005874   0x00000026   Code   RO         1673    .text.SDIO_ConfigData  stm32f4xx_ll_sdmmc.o
    0x0800589a   0x0800589a   0x00000002   PAD
    0x0800589c   0x0800589c   0x00000006   Code   RO         1669    .text.SDIO_GetCommandResponse  stm32f4xx_ll_sdmmc.o
    0x080058a2   0x080058a2   0x00000002   PAD
    0x080058a4   0x080058a4   0x00000008   Code   RO         1665    .text.SDIO_GetPowerState  stm32f4xx_ll_sdmmc.o
    0x080058ac   0x080058ac   0x00000006   Code   RO         1671    .text.SDIO_GetResponse  stm32f4xx_ll_sdmmc.o
    0x080058b2   0x080058b2   0x00000002   PAD
    0x080058b4   0x080058b4   0x0000002c   Code   RO         1655    .text.SDIO_Init     stm32f4xx_ll_sdmmc.o
    0x080058e0   0x080058e0   0x0000000a   Code   RO         1661    .text.SDIO_PowerState_ON  stm32f4xx_ll_sdmmc.o
    0x080058ea   0x080058ea   0x00000002   PAD
    0x080058ec   0x080058ec   0x00000006   Code   RO         1657    .text.SDIO_ReadFIFO  stm32f4xx_ll_sdmmc.o
    0x080058f2   0x080058f2   0x00000002   PAD
    0x080058f4   0x080058f4   0x0000002a   Code   RO         1667    .text.SDIO_SendCommand  stm32f4xx_ll_sdmmc.o
    0x0800591e   0x0800591e   0x00000002   PAD
    0x08005920   0x08005920   0x0000000c   Code   RO         1659    .text.SDIO_WriteFIFO  stm32f4xx_ll_sdmmc.o
    0x0800592c   0x0800592c   0x00000034   Code   RO         1715    .text.SDMMC_CmdAppCommand  stm32f4xx_ll_sdmmc.o
    0x08005960   0x08005960   0x00000036   Code   RO         1717    .text.SDMMC_CmdAppOperCommand  stm32f4xx_ll_sdmmc.o
    0x08005996   0x08005996   0x00000002   PAD
    0x08005998   0x08005998   0x00000034   Code   RO         1681    .text.SDMMC_CmdBlockLength  stm32f4xx_ll_sdmmc.o
    0x080059cc   0x080059cc   0x00000034   Code   RO         1721    .text.SDMMC_CmdBusWidth  stm32f4xx_ll_sdmmc.o
    0x08005a00   0x08005a00   0x0000002a   Code   RO         1707    .text.SDMMC_CmdGoIdleState  stm32f4xx_ll_sdmmc.o
    0x08005a2a   0x08005a2a   0x00000002   PAD
    0x08005a2c   0x08005a2c   0x00000032   Code   RO         1711    .text.SDMMC_CmdOperCond  stm32f4xx_ll_sdmmc.o
    0x08005a5e   0x08005a5e   0x00000002   PAD
    0x08005a60   0x08005a60   0x00000034   Code   RO         1687    .text.SDMMC_CmdReadMultiBlock  stm32f4xx_ll_sdmmc.o
    0x08005a94   0x08005a94   0x00000034   Code   RO         1685    .text.SDMMC_CmdReadSingleBlock  stm32f4xx_ll_sdmmc.o
    0x08005ac8   0x08005ac8   0x00000034   Code   RO         1705    .text.SDMMC_CmdSelDesel  stm32f4xx_ll_sdmmc.o
    0x08005afc   0x08005afc   0x0000002e   Code   RO         1725    .text.SDMMC_CmdSendCID  stm32f4xx_ll_sdmmc.o
    0x08005b2a   0x08005b2a   0x00000002   PAD
    0x08005b2c   0x08005b2c   0x0000002e   Code   RO         1729    .text.SDMMC_CmdSendCSD  stm32f4xx_ll_sdmmc.o
    0x08005b5a   0x08005b5a   0x00000002   PAD
    0x08005b5c   0x08005b5c   0x00000034   Code   RO         1723    .text.SDMMC_CmdSendSCR  stm32f4xx_ll_sdmmc.o
    0x08005b90   0x08005b90   0x00000034   Code   RO         1737    .text.SDMMC_CmdSendStatus  stm32f4xx_ll_sdmmc.o
    0x08005bc4   0x08005bc4   0x00000034   Code   RO         1731    .text.SDMMC_CmdSetRelAdd  stm32f4xx_ll_sdmmc.o
    0x08005bf8   0x08005bf8   0x00000038   Code   RO         1703    .text.SDMMC_CmdStopTransfer  stm32f4xx_ll_sdmmc.o
    0x08005c30   0x08005c30   0x00000034   Code   RO         1691    .text.SDMMC_CmdWriteMultiBlock  stm32f4xx_ll_sdmmc.o
    0x08005c64   0x08005c64   0x00000034   Code   RO         1689    .text.SDMMC_CmdWriteSingleBlock  stm32f4xx_ll_sdmmc.o
    0x08005c98   0x08005c98   0x00000038   Code   RO         1709    .text.SDMMC_GetCmdError  stm32f4xx_ll_sdmmc.o
    0x08005cd0   0x08005cd0   0x00000158   Code   RO         1683    .text.SDMMC_GetCmdResp1  stm32f4xx_ll_sdmmc.o
    0x08005e28   0x08005e28   0x0000005c   Code   RO         1727    .text.SDMMC_GetCmdResp2  stm32f4xx_ll_sdmmc.o
    0x08005e84   0x08005e84   0x0000004c   Code   RO         1719    .text.SDMMC_GetCmdResp3  stm32f4xx_ll_sdmmc.o
    0x08005ed0   0x08005ed0   0x000000a6   Code   RO         1733    .text.SDMMC_GetCmdResp6  stm32f4xx_ll_sdmmc.o
    0x08005f76   0x08005f76   0x00000002   PAD
    0x08005f78   0x08005f78   0x00000062   Code   RO         1713    .text.SDMMC_GetCmdResp7  stm32f4xx_ll_sdmmc.o
    0x08005fda   0x08005fda   0x00000002   PAD
    0x08005fdc   0x08005fdc   0x00000024   Code   RO         2258    .text.SD_CheckStatus  sd_diskio.o
    0x08006000   0x08006000   0x000000d2   Code   RO         1838    .text.SD_FindSCR    stm32f4xx_hal_sd.o
    0x080060d2   0x080060d2   0x00000002   PAD
    0x080060d4   0x080060d4   0x000000fc   Code   RO         1764    .text.SD_InitCard   stm32f4xx_hal_sd.o
    0x080061d0   0x080061d0   0x000000b0   Code   RO         1762    .text.SD_PowerON    stm32f4xx_hal_sd.o
    0x08006280   0x08006280   0x00000032   Code   RO         1832    .text.SD_SendStatus  stm32f4xx_hal_sd.o
    0x080062b2   0x080062b2   0x00000002   PAD
    0x080062b4   0x080062b4   0x00000058   Code   RO         1828    .text.SD_WideBus_Disable  stm32f4xx_hal_sd.o
    0x0800630c   0x0800630c   0x00000058   Code   RO         1826    .text.SD_WideBus_Enable  stm32f4xx_hal_sd.o
    0x08006364   0x08006364   0x00000022   Code   RO         2248    .text.SD_initialize  sd_diskio.o
    0x08006386   0x08006386   0x00000002   PAD
    0x08006388   0x08006388   0x00000056   Code   RO         2256    .text.SD_ioctl      sd_diskio.o
    0x080063de   0x080063de   0x00000002   PAD
    0x080063e0   0x080063e0   0x00000024   Code   RO         2252    .text.SD_read       sd_diskio.o
    0x08006404   0x08006404   0x00000004   Code   RO         2250    .text.SD_status     sd_diskio.o
    0x08006408   0x08006408   0x00000024   Code   RO         2254    .text.SD_write      sd_diskio.o
    0x0800642c   0x0800642c   0x0000003c   Code   RO          621    .text.SUSTravel_GetData  sus_travel.o
    0x08006468   0x08006468   0x0000006c   Code   RO          619    .text.SUSTravel_MainFunction  sus_travel.o
    0x080064d4   0x080064d4   0x0000001a   Code   RO          617    .text.SUSTravel_StartDMA  sus_travel.o
    0x080064ee   0x080064ee   0x00000002   PAD
    0x080064f0   0x080064f0   0x00000024   Code   RO          552    .text.SVC_Handler   port.o
    0x08006514   0x08006514   0x0000003e   Code   RO          570    .text.SysTick_Handler  port.o
    0x08006552   0x08006552   0x00000002   PAD
    0x08006554   0x08006554   0x000000c2   Code   RO           13    .text.SystemClock_Config  main.o
    0x08006616   0x08006616   0x00000002   PAD
    0x08006618   0x08006618   0x0000001a   Code   RO         2189    .text.SystemInit    system_stm32f4xx.o
    0x08006632   0x08006632   0x00000002   PAD
    0x08006634   0x08006634   0x00000010   Code   RO           67    .text.TIM1_CC_IRQHandler  stm32f4xx_it.o
    0x08006644   0x08006644   0x00000010   Code   RO           69    .text.TIM6_DAC_IRQHandler  stm32f4xx_it.o
    0x08006654   0x08006654   0x00000124   Code   RO         1853    .text.TIM_Base_SetConfig  stm32f4xx_hal_tim.o
    0x08006778   0x08006778   0x00000024   Code   RO         1887    .text.TIM_CCxChannelCmd  stm32f4xx_hal_tim.o
    0x0800679c   0x0800679c   0x0000000e   Code   RO          708    .text.TIM_ResetCounter  encoder.o
    0x080067aa   0x080067aa   0x00000002   PAD
    0x080067ac   0x080067ac   0x000000a8   Code   RO         2007    .text.TIM_TI1_SetConfig  stm32f4xx_hal_tim.o
    0x08006854   0x08006854   0x0000003c   Code   RO         2009    .text.TIM_TI2_SetConfig  stm32f4xx_hal_tim.o
    0x08006890   0x08006890   0x00000034   Code   RO         2011    .text.TIM_TI3_SetConfig  stm32f4xx_hal_tim.o
    0x080068c4   0x080068c4   0x0000003c   Code   RO         2013    .text.TIM_TI4_SetConfig  stm32f4xx_hal_tim.o
    0x08006900   0x08006900   0x00000004   Code   RO           63    .text.UsageFault_Handler  stm32f4xx_it.o
    0x08006904   0x08006904   0x00000046   Code   RO          674    .text.VehicleCanTransmitAllData  daq_tasks.o
    0x0800694a   0x0800694a   0x00000002   PAD
    0x0800694c   0x0800694c   0x0000016e   Code   RO          672    .text.VehicleGetImuData  daq_tasks.o
    0x08006aba   0x08006aba   0x00000002   PAD
    0x08006abc   0x08006abc   0x0000002c   Code   RO          670    .text.VehicleGetSpeed  daq_tasks.o
    0x08006ae8   0x08006ae8   0x00000028   Code   RO          666    .text.VehicleGetSteeringAngle  daq_tasks.o
    0x08006b10   0x08006b10   0x00000030   Code   RO          668    .text.VehicleGetTravelReading  daq_tasks.o
    0x08006b40   0x08006b40   0x0000011a   Code   RO          664    .text.Vehicle_CreateAllTasks  daq_tasks.o
    0x08006c5a   0x08006c5a   0x00000002   PAD
    0x08006c5c   0x08006c5c   0x00000020   Code   RO         1238    .text.__NVIC_EnableIRQ  stm32f4xx_hal_cortex.o
    0x08006c7c   0x08006c7c   0x00000010   Code   RO         1230    .text.__NVIC_GetPriorityGrouping  stm32f4xx_hal_cortex.o
    0x08006c8c   0x08006c8c   0x00000022   Code   RO         1232    .text.__NVIC_SetPriority  stm32f4xx_hal_cortex.o
    0x08006cae   0x08006cae   0x00000002   PAD
    0x08006cb0   0x08006cb0   0x00000020   Code   RO         1226    .text.__NVIC_SetPriorityGrouping  stm32f4xx_hal_cortex.o
    0x08006cd0   0x08006cd0   0x00000064   Code   RO           11    .text.main          main.o
    0x08006d34   0x08006d34   0x000000fc   Code   RO          336    .text.prvAddCurrentTaskToDelayedList  tasks.o
    0x08006e30   0x08006e30   0x00000122   Code   RO          324    .text.prvAddNewTaskToReadyList  tasks.o
    0x08006f52   0x08006f52   0x00000002   PAD
    0x08006f54   0x08006f54   0x0000008e   Code   RO          482    .text.prvCheckForValidListAndQueue  timers.o
    0x08006fe2   0x08006fe2   0x00000002   PAD
    0x08006fe4   0x08006fe4   0x0000005e   Code   RO          448    .text.prvCheckTasksWaitingTermination  tasks.o
    0x08007042   0x08007042   0x00000002   PAD
    0x08007044   0x08007044   0x0000004a   Code   RO          217    .text.prvCopyDataFromQueue  queue.o
    0x0800708e   0x0800708e   0x00000002   PAD
    0x08007090   0x08007090   0x000000e0   Code   RO          205    .text.prvCopyDataToQueue  queue.o
    0x08007170   0x08007170   0x00000018   Code   RO          328    .text.prvDeleteTCB  tasks.o
    0x08007188   0x08007188   0x00000042   Code   RO          518    .text.prvGetNextExpireTime  timers.o
    0x080071ca   0x080071ca   0x00000002   PAD
    0x080071cc   0x080071cc   0x000000be   Code   RO          587    .text.prvHeapInit   heap_4.o
    0x0800728a   0x0800728a   0x00000002   PAD
    0x0800728c   0x0800728c   0x00000038   Code   RO          362    .text.prvIdleTask   tasks.o
    0x080072c4   0x080072c4   0x0000004c   Code   RO          189    .text.prvInitialiseNewQueue  queue.o
    0x08007310   0x08007310   0x00000136   Code   RO          322    .text.prvInitialiseNewTask  tasks.o
    0x08007446   0x08007446   0x00000002   PAD
    0x08007448   0x08007448   0x0000008e   Code   RO          446    .text.prvInitialiseTaskLists  tasks.o
    0x080074d6   0x080074d6   0x00000002   PAD
    0x080074d8   0x080074d8   0x000000c6   Code   RO          589    .text.prvInsertBlockIntoFreeList  heap_4.o
    0x0800759e   0x0800759e   0x00000002   PAD
    0x080075a0   0x080075a0   0x00000086   Code   RO          530    .text.prvInsertTimerInActiveList  timers.o
    0x08007626   0x08007626   0x00000002   PAD
    0x08007628   0x08007628   0x0000002a   Code   RO          219    .text.prvIsQueueEmpty  queue.o
    0x08007652   0x08007652   0x00000002   PAD
    0x08007654   0x08007654   0x0000002e   Code   RO          207    .text.prvIsQueueFull  queue.o
    0x08007682   0x08007682   0x00000002   PAD
    0x08007684   0x08007684   0x00000028   Code   RO          560    .text.prvPortStartFirstTask  port.o
    0x080076ac   0x080076ac   0x0000009a   Code   RO          526    .text.prvProcessExpiredTimer  timers.o
    0x08007746   0x08007746   0x00000002   PAD
    0x08007748   0x08007748   0x000001b6   Code   RO          522    .text.prvProcessReceivedCommands  timers.o
    0x080078fe   0x080078fe   0x00000002   PAD
    0x08007900   0x08007900   0x000000a8   Code   RO          520    .text.prvProcessTimerOrBlockTask  timers.o
    0x080079a8   0x080079a8   0x00000048   Code   RO          330    .text.prvResetNextTaskUnblockTime  tasks.o
    0x080079f0   0x080079f0   0x00000044   Code   RO          524    .text.prvSampleTimeNow  timers.o
    0x08007a34   0x08007a34   0x000000da   Code   RO          528    .text.prvSwitchTimerLists  timers.o
    0x08007b0e   0x08007b0e   0x00000002   PAD
    0x08007b10   0x08007b10   0x00000050   Code   RO          550    .text.prvTaskExitError  port.o
    0x08007b60   0x08007b60   0x00000044   Code   RO          139    .text.prvTestWaitCondition  event_groups.o
    0x08007ba4   0x08007ba4   0x0000001e   Code   RO          484    .text.prvTimerTask  timers.o
    0x08007bc2   0x08007bc2   0x00000002   PAD
    0x08007bc4   0x08007bc4   0x000000b6   Code   RO          209    .text.prvUnlockQueue  queue.o
    0x08007c7a   0x08007c7a   0x00000002   PAD
    0x08007c7c   0x08007c7c   0x000001fc   Code   RO          585    .text.pvPortMalloc  heap_4.o
    0x08007e78   0x08007e78   0x0000005e   Code   RO          548    .text.pxPortInitialiseStack  port.o
    0x08007ed6   0x08007ed6   0x00000002   PAD
    0x08007ed8   0x08007ed8   0x00000048   Code   RO          175    .text.uxListRemove  list.o
    0x08007f20   0x08007f20   0x00000022   Code   RO          428    .text.uxTaskResetEventItemValue  tasks.o
    0x08007f42   0x08007f42   0x00000002   PAD
    0x08007f44   0x08007f44   0x00000014   Code   RO          151    .text.vEventGroupSetBitsCallback  event_groups.o
    0x08007f58   0x08007f58   0x0000002e   Code   RO          167    .text.vListInitialise  list.o
    0x08007f86   0x08007f86   0x00000002   PAD
    0x08007f88   0x08007f88   0x0000000e   Code   RO          169    .text.vListInitialiseItem  list.o
    0x08007f96   0x08007f96   0x00000002   PAD
    0x08007f98   0x08007f98   0x0000006c   Code   RO          173    .text.vListInsert   list.o
    0x08008004   0x08008004   0x0000003a   Code   RO          171    .text.vListInsertEnd  list.o
    0x0800803e   0x0800803e   0x00000002   PAD
    0x08008040   0x08008040   0x00000014   Code   RO          558    .text.vPortEnableVFP  port.o
    0x08008054   0x08008054   0x00000058   Code   RO          564    .text.vPortEnterCritical  port.o
    0x080080ac   0x080080ac   0x0000004e   Code   RO          566    .text.vPortExitCritical  port.o
    0x080080fa   0x080080fa   0x00000002   PAD
    0x080080fc   0x080080fc   0x000000d4   Code   RO          591    .text.vPortFree     heap_4.o
    0x080081d0   0x080081d0   0x00000044   Code   RO          556    .text.vPortSetupTimerInterrupt  port.o
    0x08008214   0x08008214   0x00000084   Code   RO          572    .text.vPortValidateInterruptPriority  port.o
    0x08008298   0x08008298   0x00000054   Code   RO          249    .text.vQueueAddToRegistry  queue.o
    0x080082ec   0x080082ec   0x0000006a   Code   RO          253    .text.vQueueWaitForMessageRestricted  queue.o
    0x08008356   0x08008356   0x00000002   PAD
    0x08008358   0x08008358   0x0000011e   Code   RO          332    .text.vTaskDelayUntil  tasks.o
    0x08008476   0x08008476   0x00000002   PAD
    0x08008478   0x08008478   0x00000024   Code   RO          404    .text.vTaskInternalSetTimeOutState  tasks.o
    0x0800849c   0x0800849c   0x0000000e   Code   RO          408    .text.vTaskMissedYield  tasks.o
    0x080084aa   0x080084aa   0x00000002   PAD
    0x080084ac   0x080084ac   0x00000044   Code   RO          392    .text.vTaskPlaceOnEventList  tasks.o
    0x080084f0   0x080084f0   0x00000056   Code   RO          396    .text.vTaskPlaceOnEventListRestricted  tasks.o
    0x08008546   0x08008546   0x00000002   PAD
    0x08008548   0x08008548   0x00000076   Code   RO          394    .text.vTaskPlaceOnUnorderedEventList  tasks.o
    0x080085be   0x080085be   0x00000002   PAD
    0x080085c0   0x080085c0   0x000000cc   Code   RO          400    .text.vTaskRemoveFromUnorderedEventList  tasks.o
    0x0800868c   0x0800868c   0x00000036   Code   RO          384    .text.vTaskSetApplicationTaskTag  tasks.o
    0x080086c2   0x080086c2   0x00000002   PAD
    0x080086c4   0x080086c4   0x000000be   Code   RO          360    .text.vTaskStartScheduler  tasks.o
    0x08008782   0x08008782   0x00000002   PAD
    0x08008784   0x08008784   0x00000010   Code   RO          334    .text.vTaskSuspendAll  tasks.o
    0x08008794   0x08008794   0x000000c2   Code   RO          352    .text.vTaskSwitchContext  tasks.o
    0x08008856   0x08008856   0x00000002   PAD
    0x08008858   0x08008858   0x0000002c   Code   RO          131    .text.xEventGroupCreate  event_groups.o
    0x08008884   0x08008884   0x00000128   Code   RO          135    .text.xEventGroupSetBits  event_groups.o
    0x080089ac   0x080089ac   0x00000024   Code   RO          153    .text.xEventGroupSetBitsFromISR  event_groups.o
    0x080089d0   0x080089d0   0x000001d6   Code   RO          137    .text.xEventGroupWaitBits  event_groups.o
    0x08008ba6   0x08008ba6   0x00000002   PAD
    0x08008ba8   0x08008ba8   0x0000017c   Code   RO          554    .text.xPortStartScheduler  port.o
    0x08008d24   0x08008d24   0x00000072   Code   RO          187    .text.xQueueGenericCreate  queue.o
    0x08008d96   0x08008d96   0x00000002   PAD
    0x08008d98   0x08008d98   0x000000c2   Code   RO          185    .text.xQueueGenericReset  queue.o
    0x08008e5a   0x08008e5a   0x00000002   PAD
    0x08008e5c   0x08008e5c   0x0000024a   Code   RO          197    .text.xQueueGenericSend  queue.o
    0x080090a6   0x080090a6   0x00000002   PAD
    0x080090a8   0x080090a8   0x0000015c   Code   RO          211    .text.xQueueGenericSendFromISR  queue.o
    0x08009204   0x08009204   0x000001fe   Code   RO          215    .text.xQueueReceive  queue.o
    0x08009402   0x08009402   0x00000002   PAD
    0x08009404   0x08009404   0x000000d2   Code   RO          406    .text.xTaskCheckForTimeOut  tasks.o
    0x080094d6   0x080094d6   0x00000002   PAD
    0x080094d8   0x080094d8   0x000000a8   Code   RO          320    .text.xTaskCreate   tasks.o
    0x08009580   0x08009580   0x0000003c   Code   RO          420    .text.xTaskGetSchedulerState  tasks.o
    0x080095bc   0x080095bc   0x00000014   Code   RO          368    .text.xTaskGetTickCount  tasks.o
    0x080095d0   0x080095d0   0x000001c8   Code   RO          366    .text.xTaskIncrementTick  tasks.o
    0x08009798   0x08009798   0x00000128   Code   RO          424    .text.xTaskPriorityDisinherit  tasks.o
    0x080098c0   0x080098c0   0x000000ca   Code   RO          398    .text.xTaskRemoveFromEventList  tasks.o
    0x0800998a   0x0800998a   0x00000002   PAD
    0x0800998c   0x0800998c   0x0000018c   Code   RO          338    .text.xTaskResumeAll  tasks.o
    0x08009b18   0x08009b18   0x00000070   Code   RO          480    .text.xTimerCreateTimerTask  timers.o
    0x08009b88   0x08009b88   0x000000b6   Code   RO          490    .text.xTimerGenericCommand  timers.o
    0x08009c3e   0x08009c3e   0x00000002   PAD
    0x08009c40   0x08009c40   0x0000003a   Code   RO          510    .text.xTimerPendFunctionCallFromISR  timers.o
    0x08009c7a   0x08009c7a   0x00000026   Code   RO         2625    i.__ARM_fpclassifyf  m_wm.l(fpclassifyf.o)
    0x08009ca0   0x08009ca0   0x0000012c   Code   RO         2514    i.__hardfp_asinf    m_wm.l(asinf.o)
    0x08009dcc   0x08009dcc   0x000002ac   Code   RO         2526    i.__hardfp_atan2f   m_wm.l(atan2f.o)
    0x0800a078   0x0800a078   0x00000006   Code   RO         2628    i.__mathlib_flt_infnan  m_wm.l(funder.o)
    0x0800a07e   0x0800a07e   0x00000006   Code   RO         2629    i.__mathlib_flt_infnan2  m_wm.l(funder.o)
    0x0800a084   0x0800a084   0x00000010   Code   RO         2630    i.__mathlib_flt_invalid  m_wm.l(funder.o)
    0x0800a094   0x0800a094   0x00000010   Code   RO         2633    i.__mathlib_flt_underflow  m_wm.l(funder.o)
    0x0800a0a4   0x0800a0a4   0x0000000e   Code   RO         2702    i.__scatterload_copy  mc_w.l(handlers.o)
    0x0800a0b2   0x0800a0b2   0x00000002   Code   RO         2703    i.__scatterload_null  mc_w.l(handlers.o)
    0x0800a0b4   0x0800a0b4   0x0000000e   Code   RO         2704    i.__scatterload_zeroinit  mc_w.l(handlers.o)
    0x0800a0c2   0x0800a0c2   0x00000002   PAD
    0x0800a0c4   0x0800a0c4   0x0000000c   Code   RO         2682    i.__set_errno       mc_w.l(errno.o)
    0x0800a0d0   0x0800a0d0   0x0000003e   Code   RO         2643    i.sqrtf             m_wm.l(sqrtf.o)
    0x0800a10e   0x0800a10e   0x00000010   Data   RO         2194    .rodata.AHBPrescTable  system_stm32f4xx.o
    0x0800a11e   0x0800a11e   0x00000008   Data   RO         2195    .rodata.APBPrescTable  system_stm32f4xx.o
    0x0800a126   0x0800a126   0x00000002   PAD
    0x0800a128   0x0800a128   0x00000014   Data   RO         2260    .rodata.SD_Driver   sd_diskio.o
    0x0800a13c   0x0800a13c   0x00000008   Data   RO          778    .rodata.cst8        daq_can.o
    0x0800a144   0x0800a144   0x00000005   Data   RO          464    .rodata.str1.1      tasks.o
    0x0800a149   0x0800a149   0x0000000d   Data   RO          533    .rodata.str1.1      timers.o
    0x0800a156   0x0800a156   0x00000024   Data   RO          690    .rodata.str1.1      daq_tasks.o
    0x0800a17a   0x0800a17a   0x00000002   PAD
    0x0800a17c   0x0800a17c   0x00000020   Data   RO         2701    Region$$Table       anon$$obj.o


    Execution Region RW_IRAM1 (Exec base: 0x20000000, Load base: 0x0800a1a0, Size: 0x00008b10, Max: 0x00020000, ABSOLUTE)

    Exec Addr    Load Addr    Size         Type   Attr      Idx    E Section Name        Object

    0x20000000   0x0800a1a0   0x00000004   Data   RW         2683    .data               mc_w.l(errno.o)
    0x20000004   0x0800a1a4   0x00000004   PAD
    0x20000008   0x0800a1a8   0x00000018   Data   RW          688    .data.LinAcc        daq_tasks.o
    0x20000020   0x0800a1c0   0x00000001   Data   RW         2261    .data.Stat          sd_diskio.o
    0x20000021   0x0800a1c1   0x00000001   PAD
    0x20000022   0x0800a1c2   0x00000002   Data   RW          779    .data.SteeringAngle  daq_can.o
    0x20000024   0x0800a1c4   0x00000004   Data   RW         2193    .data.SystemCoreClock  system_stm32f4xx.o
    0x20000028   0x0800a1c8   0x00000004   Data   RW          780    .data.TimeStamp     daq_can.o
    0x2000002c   0x0800a1cc   0x00000004   Data   RW          741    .data.TimerChannelsEventBit  indproximity.o
    0x20000030   0x0800a1d0   0x00000004   Data   RW          685    .data.VehicleSpeed  daq_tasks.o
    0x20000034   0x0800a1d4   0x00000001   Data   RW         1352    .data.uwTickFreq    stm32f4xx_hal.o
    0x20000035   0x0800a1d5   0x00000003   PAD
    0x20000038   0x0800a1d8   0x00000004   Data   RW         1351    .data.uwTickPrio    stm32f4xx_hal.o
    0x2000003c   0x0800a1dc   0x00000004   Data   RW          576    .data.uxCriticalNesting  port.o
    0x20000040        -       0x00000010   Zero   RW          623    .bss.ADC_val        sus_travel.o
    0x20000050        -       0x00000001   Zero   RW          693    .bss.AccelCalib     daq_tasks.o
    0x20000051   0x0800a1e0   0x00000003   PAD
    0x20000054        -       0x00000018   Zero   RW          776    .bss.CanMessageImuAngles  daq_can.o
    0x2000006c        -       0x00000018   Zero   RW          777    .bss.CanMessageImuCalibration  daq_can.o
    0x20000084        -       0x00000018   Zero   RW          774    .bss.CanMessageImuLinearAccelration  daq_can.o
    0x2000009c        -       0x00000018   Zero   RW          772    .bss.CanMessageStrAngle_Speed_TimStamp  daq_can.o
    0x200000b4        -       0x00000018   Zero   RW          775    .bss.CanMessageSusTravel  daq_can.o
    0x200000cc        -       0x00000018   Zero   RW          773    .bss.CanMessageWheelsRPM  daq_can.o
    0x200000e4        -       0x00000001   Zero   RW          653    .bss.Co             adafruit_bno055.o
    0x200000e5   0x0800a1e0   0x00000003   PAD
    0x200000e8        -       0x00000060   Zero   RW          695    .bss.DataAcquisition  daq_tasks.o
    0x20000148        -       0x00000004   Zero   RW          652    .bss.GlobalConfig   adafruit_bno055.o
    0x2000014c        -       0x00000004   Zero   RW          715    .bss.GlobalConfig   encoder.o
    0x20000150        -       0x00000004   Zero   RW          736    .bss.GlobalConfig   indproximity.o
    0x20000154   0x0800a1e0   0x00000004   PAD
    0x20000158        -       0x00000018   Zero   RW          689    .bss.GyroBuffer     daq_tasks.o
    0x20000170        -       0x00000001   Zero   RW          692    .bss.GyroCalib      daq_tasks.o
    0x20000171   0x0800a1e0   0x00000007   PAD
    0x20000178        -       0x00000008   Zero   RW          738    .bss.ICFreq         indproximity.o
    0x20000180        -       0x00000008   Zero   RW          739    .bss.ICResolution   indproximity.o
    0x20000188        -       0x0000000c   Zero   RW          687    .bss.ImuAngles      daq_tasks.o
    0x20000194        -       0x00000001   Zero   RW          686    .bss.MgCalib        daq_tasks.o
    0x20000195        -       0x00000004   Zero   RW         2275    .bss.SDPath         fatfs.o
    0x20000199        -       0x00000001   Zero   RW          691    .bss.SystemCalib    daq_tasks.o
    0x2000019a   0x0800a1e0   0x00000002   PAD
    0x2000019c        -       0x00000004   Zero   RW          678    .bss.TASK1_Handler  daq_tasks.o
    0x200001a0        -       0x00000004   Zero   RW          679    .bss.TASK2_Handler  daq_tasks.o
    0x200001a4        -       0x00000004   Zero   RW          680    .bss.TASK3_Handler  daq_tasks.o
    0x200001a8        -       0x00000004   Zero   RW          681    .bss.TASK4_Handler  daq_tasks.o
    0x200001ac        -       0x00000004   Zero   RW          682    .bss.TASK5_Handler  daq_tasks.o
    0x200001b0        -       0x00000004   Zero   RW          683    .bss.TASK6_Handler  daq_tasks.o
    0x200001b4        -       0x00000010   Zero   RW          743    .bss.TimerChannelsCaptureDiff  indproximity.o
    0x200001c4        -       0x00000020   Zero   RW          742    .bss.TimerChannelsCaptureValue  indproximity.o
    0x200001e4        -       0x00000004   Zero   RW          737    .bss.TimerChannelsGroup  indproximity.o
    0x200001e8        -       0x00000008   Zero   RW          740    .bss.WheelRPM       indproximity.o
    0x200001f0        -       0x00000020   Zero   RW          745    .bss.WheelSignalFreq  indproximity.o
    0x20000210        -       0x00000020   Zero   RW          744    .bss.WheelSignalPeriod  indproximity.o
    0x20000230        -       0x00000001   Zero   RW          651    .bss._address       adafruit_bno055.o
    0x20000231        -       0x00000001   Zero   RW          654    .bss._mode          adafruit_bno055.o
    0x20000232   0x0800a1e0   0x00000002   PAD
    0x20000234        -       0x00000004   Zero   RW          650    .bss._sensorID      adafruit_bno055.o
    0x20000238        -       0x0000000c   Zero   RW         2457    .bss.disk           ff_gen_drv.o
    0x20000244        -       0x0000000c   Zero   RW          655    .bss.euler          adafruit_bno055.o
    0x20000250        -       0x00000048   Zero   RW           43    .bss.hadc1          main.o
    0x20000298        -       0x00000028   Zero   RW           45    .bss.hcan1          main.o
    0x200002c0        -       0x00000060   Zero   RW           44    .bss.hdma_adc1      main.o
    0x20000320        -       0x00000054   Zero   RW           42    .bss.hi2c1          main.o
    0x20000374        -       0x00000084   Zero   RW           46    .bss.hsd            main.o
    0x200003f8        -       0x00000048   Zero   RW           40    .bss.htim1          main.o
    0x20000440        -       0x00000048   Zero   RW           41    .bss.htim2          main.o
    0x20000488        -       0x00000048   Zero   RW          121    .bss.htim6          stm32f4xx_hal_timebase_tim.o
    0x200004d0        -       0x00000004   Zero   RW          537    .bss.prvSampleTimeNow.xLastTime  timers.o
    0x200004d4        -       0x00000004   Zero   RW          450    .bss.pxCurrentTCB   tasks.o
    0x200004d8        -       0x00000004   Zero   RW          535    .bss.pxCurrentTimerList  timers.o
    0x200004dc        -       0x00000004   Zero   RW          460    .bss.pxDelayedTaskList  tasks.o
    0x200004e0        -       0x00000004   Zero   RW          601    .bss.pxEnd          heap_4.o
    0x200004e4        -       0x00000004   Zero   RW          461    .bss.pxOverflowDelayedTaskList  tasks.o
    0x200004e8        -       0x00000004   Zero   RW          536    .bss.pxOverflowTimerList  timers.o
    0x200004ec        -       0x000000c8   Zero   RW          451    .bss.pxReadyTasksLists  tasks.o
    0x200005b4   0x0800a1e0   0x00000004   PAD
    0x200005b8        -       0x00000020   Zero   RW          694    .bss.q              daq_tasks.o
    0x200005d8        -       0x00000001   Zero   RW         2276    .bss.retSD          fatfs.o
    0x200005d9        -       0x00004400   Zero   RW          608    .bss.ucHeap         heap_4.o
    0x200049d9        -       0x00000001   Zero   RW          574    .bss.ucMaxSysCallPriority  port.o
    0x200049da   0x0800a1e0   0x00000002   PAD
    0x200049dc        -       0x00000004   Zero   RW          575    .bss.ulMaxPRIGROUPValue  port.o
    0x200049e0        -       0x00000004   Zero   RW         1353    .bss.uwTick         stm32f4xx_hal.o
    0x200049e4        -       0x00000004   Zero   RW          456    .bss.uxCurrentNumberOfTasks  tasks.o
    0x200049e8        -       0x00000004   Zero   RW          455    .bss.uxDeletedTasksWaitingCleanUp  tasks.o
    0x200049ec        -       0x00000004   Zero   RW          458    .bss.uxSchedulerSuspended  tasks.o
    0x200049f0        -       0x00000004   Zero   RW          453    .bss.uxTaskNumber   tasks.o
    0x200049f4        -       0x00000004   Zero   RW          452    .bss.uxTopReadyPriority  tasks.o
    0x200049f8        -       0x00000014   Zero   RW          538    .bss.xActiveTimerList1  timers.o
    0x20004a0c        -       0x00000014   Zero   RW          539    .bss.xActiveTimerList2  timers.o
    0x20004a20        -       0x00000004   Zero   RW          602    .bss.xBlockAllocatedBit  heap_4.o
    0x20004a24        -       0x00000014   Zero   RW          470    .bss.xDelayedTaskList1  tasks.o
    0x20004a38        -       0x00000014   Zero   RW          471    .bss.xDelayedTaskList2  tasks.o
    0x20004a4c        -       0x00000004   Zero   RW          603    .bss.xFreeBytesRemaining  heap_4.o
    0x20004a50        -       0x00000004   Zero   RW          746    .bss.xHigherPriorityTaskWoken  indproximity.o
    0x20004a54        -       0x00000004   Zero   RW          465    .bss.xIdleTaskHandle  tasks.o
    0x20004a58        -       0x00000004   Zero   RW          605    .bss.xMinimumEverFreeBytesRemaining  heap_4.o
    0x20004a5c        -       0x00000004   Zero   RW          466    .bss.xNextTaskUnblockTime  tasks.o
    0x20004a60        -       0x00000004   Zero   RW          469    .bss.xNumOfOverflows  tasks.o
    0x20004a64        -       0x00000004   Zero   RW          606    .bss.xNumberOfSuccessfulAllocations  heap_4.o
    0x20004a68        -       0x00000004   Zero   RW          607    .bss.xNumberOfSuccessfulFrees  heap_4.o
    0x20004a6c        -       0x00000004   Zero   RW          468    .bss.xPendedTicks   tasks.o
    0x20004a70        -       0x00000014   Zero   RW          463    .bss.xPendingReadyList  tasks.o
    0x20004a84        -       0x00000040   Zero   RW          255    .bss.xQueueRegistry  queue.o
    0x20004ac4        -       0x00000004   Zero   RW          747    .bss.xResult        indproximity.o
    0x20004ac8        -       0x00000004   Zero   RW          457    .bss.xSchedulerRunning  tasks.o
    0x20004acc        -       0x00000008   Zero   RW          604    .bss.xStart         heap_4.o
    0x20004ad4        -       0x00000014   Zero   RW          462    .bss.xSuspendedTaskList  tasks.o
    0x20004ae8        -       0x00000014   Zero   RW          454    .bss.xTasksWaitingTermination  tasks.o
    0x20004afc        -       0x00000004   Zero   RW          459    .bss.xTickCount     tasks.o
    0x20004b00        -       0x00000004   Zero   RW          532    .bss.xTimerQueue    timers.o
    0x20004b04        -       0x00000004   Zero   RW          534    .bss.xTimerTaskHandle  timers.o
    0x20004b08        -       0x00000004   Zero   RW          467    .bss.xYieldPending  tasks.o
    0x20004b0c   0x0800a1e0   0x00000004   PAD
    0x20004b10        -       0x00004000   Zero   RW            1    STACK               startup_stm32f446xx.o


==============================================================================

Image component sizes


      Code (inc. data)   RO Data    RW Data    ZI Data      Debug   Object Name

      2998        126          0          0         23      11486   adafruit_bno055.o
       190          0          0          0          0       6532   bsp_driver_sd.o
      1346         44          8          6        144       4209   daq_can.o
       850          0         36         28        192       3428   daq_tasks.o
       206          0          0          0          4       4384   encoder.o
       934          0          0          0          0       6478   event_groups.o
        34          0          0          0          5       1811   fatfs.o
        86          0          0          0         12       2426   ff_gen_drv.o
      1108          0          0          0      17440       4294   heap_4.o
      1446         60          0          4        152       6127   indproximity.o
       298          0          0          0          0       2088   list.o
      1538          0          0          0        568      14529   main.o
      1178         16          0          4          5       3815   port.o
      2586          0          0          0         64      15032   queue.o
       232          4         20          1          0       3098   sd_diskio.o
        36          8        452          0      16384        840   startup_stm32f446xx.o
       132          0          0          5          4       7432   stm32f4xx_hal.o
      1112          0          0          0          0      10328   stm32f4xx_hal_adc.o
       542          0          0          0          0      12142   stm32f4xx_hal_can.o
       198          0          0          0          0       9870   stm32f4xx_hal_cortex.o
       502         12          0          0          0       8540   stm32f4xx_hal_dma.o
       436          0          0          0          0       5086   stm32f4xx_hal_gpio.o
      2324          0          0          0          0      36795   stm32f4xx_hal_i2c.o
      1354          0          0          0          0      15600   stm32f4xx_hal_msp.o
       462          0          0          0          0       7279   stm32f4xx_hal_rcc.o
      2148          4          0          0          0      10416   stm32f4xx_hal_rcc_ex.o
      2604          0          0          0          0      22534   stm32f4xx_hal_sd.o
      2194         20          0          0          0      39938   stm32f4xx_hal_tim.o
       188          0          0          0          0      17270   stm32f4xx_hal_tim_ex.o
       192          0          0          0         72       7159   stm32f4xx_hal_timebase_tim.o
        56          0          0          0          0       1063   stm32f4xx_it.o
      1870          0          0          0          0      12852   stm32f4xx_ll_sdmmc.o
       194          0          0          0         16       3595   sus_travel.o
        26          0         24          4          0       2669   system_stm32f4xx.o
      4348          0          5          0        360      23847   tasks.o
      1770         10         13          0         60       9525   timers.o

    ----------------------------------------------------------------------
     37986        308        594         56      35536     354517   Object Totals
         0          0         32          0          0          0   (incl. Generated)
       268          4          4          4         31          0   (incl. Padding)

    ----------------------------------------------------------------------

      Code (inc. data)   RO Data    RW Data    ZI Data      Debug   Library Member Name

       300         42          0          0          0        176   asinf.o
       684         90          0          0          0        208   atan2f.o
        38          0          0          0          0        116   fpclassifyf.o
        44         12          0          0          0        464   funder.o
        62          0          0          0          0        136   sqrtf.o
         0          0          0          0          0          0   entry.o
         0          0          0          0          0          0   entry10a.o
         0          0          0          0          0          0   entry11a.o
         8          4          0          0          0          0   entry2.o
         4          0          0          0          0          0   entry5.o
         0          0          0          0          0          0   entry7b.o
         0          0          0          0          0          0   entry8b.o
         8          4          0          0          0          0   entry9a.o
        12          6          0          4          0         68   errno.o
        30          0          0          0          0          0   handlers.o
        36          8          0          0          0         68   init.o
         0          0          0          0          0          0   iusefp.o
        30          0          0          0          0         68   llshl.o
        36          0          0          0          0         68   llsshr.o
        32          0          0          0          0         68   llushr.o
        36          0          0          0          0         68   memcpya.o
        36          0          0          0          0        108   memseta.o
        98          0          0          0          0         92   uldiv.o
        56          0          0          0          0         88   d2f.o
       334          0          0          0          0        148   dadd.o
       222          0          0          0          0        100   ddiv.o
       186          0          0          0          0        176   depilogue.o
        62          0          0          0          0         80   dfixi.o
        34          0          0          0          0         76   dflti.o
        26          0          0          0          0         76   dfltui.o
       228          0          0          0          0         96   dmul.o
        38          0          0          0          0         68   f2d.o
       110          0          0          0          0        168   fepilogue.o

    ----------------------------------------------------------------------
      2792        166          0          8          0       2784   Library Totals
         2          0          0          4          0          0   (incl. Padding)

    ----------------------------------------------------------------------

      Code (inc. data)   RO Data    RW Data    ZI Data      Debug   Library Name

      1128        144          0          0          0       1100   m_wm.l
       366         22          0          4          0        608   mc_w.l
      1296          0          0          0          0       1076   mf_w.l

    ----------------------------------------------------------------------
      2792        166          0          8          0       2784   Library Totals

    ----------------------------------------------------------------------

==============================================================================


      Code (inc. data)   RO Data    RW Data    ZI Data      Debug   

     40778        474        594         64      35536     355481   Grand Totals
     40778        474        594         64      35536     355481   ELF Image Totals
     40778        474        594         64          0          0   ROM Totals

==============================================================================

    Total RO  Size (Code + RO Data)                41372 (  40.40kB)
    Total RW  Size (RW Data + ZI Data)             35600 (  34.77kB)
    Total ROM Size (Code + RO Data + RW Data)      41436 (  40.46kB)

==============================================================================

