Component: ARM Compiler 6.14 Tool: armlink [5db06800]

==============================================================================

Section Cross References

    startup_stm32f103xb.o(RESET) refers to startup_stm32f103xb.o(STACK) for __initial_sp
    startup_stm32f103xb.o(RESET) refers to startup_stm32f103xb.o(.text) for Reset_Handler
    startup_stm32f103xb.o(RESET) refers to stm32f1xx_it.o(.text.NMI_Handler) for NMI_Handler
    startup_stm32f103xb.o(RESET) refers to stm32f1xx_it.o(.text.HardFault_Handler) for HardFault_Handler
    startup_stm32f103xb.o(RESET) refers to stm32f1xx_it.o(.text.MemManage_Handler) for MemManage_Handler
    startup_stm32f103xb.o(RESET) refers to stm32f1xx_it.o(.text.BusFault_Handler) for BusFault_Handler
    startup_stm32f103xb.o(RESET) refers to stm32f1xx_it.o(.text.UsageFault_Handler) for UsageFault_Handler
    startup_stm32f103xb.o(RESET) refers to port.o(.text.SVC_Handler) for SVC_Handler
    startup_stm32f103xb.o(RESET) refers to stm32f1xx_it.o(.text.DebugMon_Handler) for DebugMon_Handler
    startup_stm32f103xb.o(RESET) refers to port.o(.text.PendSV_Handler) for PendSV_Handler
    startup_stm32f103xb.o(RESET) refers to port.o(.text.SysTick_Handler) for SysTick_Handler
    startup_stm32f103xb.o(RESET) refers to stm32f1xx_it.o(.text.TIM1_CC_IRQHandler) for TIM1_CC_IRQHandler
    startup_stm32f103xb.o(RESET) refers to stm32f1xx_it.o(.text.TIM2_IRQHandler) for TIM2_IRQHandler
    startup_stm32f103xb.o(.text) refers to system_stm32f1xx.o(.text.SystemInit) for SystemInit
    startup_stm32f103xb.o(.text) refers to entry.o(.ARM.Collect$$$$00000000) for __main
    main.o(.text.main) refers to stm32f1xx_hal.o(.text.HAL_Init) for HAL_Init
    main.o(.text.main) refers to main.o(.text.SystemClock_Config) for SystemClock_Config
    main.o(.text.main) refers to main.o(.text.MX_GPIO_Init) for MX_GPIO_Init
    main.o(.text.main) refers to main.o(.text.MX_USART1_UART_Init) for MX_USART1_UART_Init
    main.o(.text.main) refers to main.o(.text.MX_TIM1_Init) for MX_TIM1_Init
    main.o(.text.main) refers to main.o(.text.MX_I2C1_Init) for MX_I2C1_Init
    main.o(.text.main) refers to main.o(.bss.hi2c1) for hi2c1
    main.o(.text.main) refers to mpu6050.o(.text.MPU_Init) for MPU_Init
    main.o(.text.main) refers to main.o(.text.IMU_GetError) for IMU_GetError
    main.o(.text.main) refers to main.o(.text.Kalman_Setup) for Kalman_Setup
    main.o(.text.main) refers to main.o(.text.Kalman_MainFunction) for Kalman_MainFunction
    main.o(.ARM.exidx.text.main) refers to main.o(.text.main) for [Anonymous Symbol]
    main.o(.text.SystemClock_Config) refers to memseta.o(.text) for __aeabi_memclr4
    main.o(.text.SystemClock_Config) refers to stm32f1xx_hal_rcc.o(.text.HAL_RCC_OscConfig) for HAL_RCC_OscConfig
    main.o(.text.SystemClock_Config) refers to main.o(.text.Error_Handler) for Error_Handler
    main.o(.text.SystemClock_Config) refers to stm32f1xx_hal_rcc.o(.text.HAL_RCC_ClockConfig) for HAL_RCC_ClockConfig
    main.o(.ARM.exidx.text.SystemClock_Config) refers to main.o(.text.SystemClock_Config) for [Anonymous Symbol]
    main.o(.text.MX_GPIO_Init) refers to stm32f1xx_hal_gpio.o(.text.HAL_GPIO_WritePin) for HAL_GPIO_WritePin
    main.o(.text.MX_GPIO_Init) refers to stm32f1xx_hal_gpio.o(.text.HAL_GPIO_Init) for HAL_GPIO_Init
    main.o(.ARM.exidx.text.MX_GPIO_Init) refers to main.o(.text.MX_GPIO_Init) for [Anonymous Symbol]
    main.o(.text.MX_USART1_UART_Init) refers to main.o(.bss.huart1) for huart1
    main.o(.text.MX_USART1_UART_Init) refers to stm32f1xx_hal_uart.o(.text.HAL_UART_Init) for HAL_UART_Init
    main.o(.text.MX_USART1_UART_Init) refers to main.o(.text.Error_Handler) for Error_Handler
    main.o(.ARM.exidx.text.MX_USART1_UART_Init) refers to main.o(.text.MX_USART1_UART_Init) for [Anonymous Symbol]
    main.o(.text.MX_TIM1_Init) refers to main.o(.bss.htim1) for htim1
    main.o(.text.MX_TIM1_Init) refers to stm32f1xx_hal_tim.o(.text.HAL_TIM_IC_Init) for HAL_TIM_IC_Init
    main.o(.text.MX_TIM1_Init) refers to main.o(.text.Error_Handler) for Error_Handler
    main.o(.text.MX_TIM1_Init) refers to stm32f1xx_hal_tim_ex.o(.text.HAL_TIMEx_MasterConfigSynchronization) for HAL_TIMEx_MasterConfigSynchronization
    main.o(.text.MX_TIM1_Init) refers to stm32f1xx_hal_tim.o(.text.HAL_TIM_IC_ConfigChannel) for HAL_TIM_IC_ConfigChannel
    main.o(.ARM.exidx.text.MX_TIM1_Init) refers to main.o(.text.MX_TIM1_Init) for [Anonymous Symbol]
    main.o(.text.MX_I2C1_Init) refers to main.o(.bss.hi2c1) for hi2c1
    main.o(.text.MX_I2C1_Init) refers to stm32f1xx_hal_i2c.o(.text.HAL_I2C_Init) for HAL_I2C_Init
    main.o(.text.MX_I2C1_Init) refers to main.o(.text.Error_Handler) for Error_Handler
    main.o(.ARM.exidx.text.MX_I2C1_Init) refers to main.o(.text.MX_I2C1_Init) for [Anonymous Symbol]
    main.o(.text.IMU_GetError) refers to main.o(.bss.hi2c1) for hi2c1
    main.o(.text.IMU_GetError) refers to stm32f1xx_hal_i2c.o(.text.HAL_I2C_Mem_Read) for HAL_I2C_Mem_Read
[...]
    Removing indproximity.o(.ARM.exidx.text.IndProximity_GetWheelsRPM), (8 bytes).
    Removing indproximity.o(.text.IndProximity_MainFunction), (24 bytes).
    Removing indproximity.o(.ARM.exidx.text.IndProximity_MainFunction), (8 bytes).
    Removing indproximity.o(.ARM.exidx.text.HAL_TIM_IC_CaptureCallback), (8 bytes).
    Removing indproximity.o(.bss.GlobalConfig), (4 bytes).
    Removing indproximity.o(.bss.ICFreq), (8 bytes).
    Removing indproximity.o(.bss.ICResolution), (8 bytes).
    Removing indproximity.o(.bss.WheelRPM), (8 bytes).
    Removing indproximity.o(.bss.BreakSwitch), (1 bytes).
    Removing mpu6050.o(.text), (0 bytes).
    Removing mpu6050.o(.ARM.exidx.text.MPU_Init), (8 bytes).
    Removing mpu6050.o(.text.MPU_AccelRead), (190 bytes).
    Removing mpu6050.o(.ARM.exidx.text.MPU_AccelRead), (8 bytes).
    Removing mpu6050.o(.text.MPU_GyroRead), (190 bytes).
    Removing mpu6050.o(.ARM.exidx.text.MPU_GyroRead), (8 bytes).
    Removing mpu6050.o(.text.MPU_ReadAll), (304 bytes).
    Removing mpu6050.o(.ARM.exidx.text.MPU_ReadAll), (8 bytes).
    Removing mpu6050.o(.text.MPU_ReadRawData), (236 bytes).
    Removing mpu6050.o(.ARM.exidx.text.MPU_ReadRawData), (8 bytes).
    Removing fir.o(.text), (0 bytes).
    Removing fir.o(.text.Filter_MpuMainFunction), (248 bytes).
    Removing fir.o(.ARM.exidx.text.Filter_MpuMainFunction), (8 bytes).
    Removing fir.o(.text.Filter_MainFunction), (266 bytes).
    Removing fir.o(.ARM.exidx.text.Filter_MainFunction), (8 bytes).
    Removing fir.o(.bss.MPUFilterReadings), (48 bytes).
    Removing fir.o(.bss.FilterReadings), (3624 bytes).
    Removing kalman.o(.text), (0 bytes).
    Removing kalman.o(.ARM.exidx.text.Kalamn_InitAngle), (8 bytes).
    Removing kalman.o(.ARM.exidx.text.Kalman_getAngle), (8 bytes).
    Removing kalman.o(.ARM.exidx.text.Kalman_setAngle), (8 bytes).
    Removing dfltui.o(.text), (26 bytes).

1244 unused section(s) (total 114912 bytes) removed from the image.

==============================================================================

Image Symbol Table

    Local Symbols

    Symbol Name                              Value     Ov Type        Size  Object(Section)

    ../clib/microlib/errno.c                 0x00000000   Number         0  errno.o ABSOLUTE
    ../clib/microlib/init/entry.s            0x00000000   Number         0  entry.o ABSOLUTE
    ../clib/microlib/init/entry.s            0x00000000   Number         0  entry2.o ABSOLUTE
    ../clib/microlib/init/entry.s            0x00000000   Number         0  entry5.o ABSOLUTE
    ../clib/microlib/init/entry.s            0x00000000   Number         0  entry7a.o ABSOLUTE
    ../clib/microlib/init/entry.s            0x00000000   Number         0  entry7b.o ABSOLUTE
    ../clib/microlib/init/entry.s            0x00000000   Number         0  entry8a.o ABSOLUTE
    ../clib/microlib/init/entry.s            0x00000000   Number         0  entry8b.o ABSOLUTE
    ../clib/microlib/init/entry.s            0x00000000   Number         0  entry9a.o ABSOLUTE
    ../clib/microlib/init/entry.s            0x00000000   Number         0  entry9b.o ABSOLUTE
    ../clib/microlib/init/entry.s            0x00000000   Number         0  entry10a.o ABSOLUTE
    ../clib/microlib/init/entry.s            0x00000000   Number         0  entry10b.o ABSOLUTE
    ../clib/microlib/init/entry.s            0x00000000   Number         0  entry11a.o ABSOLUTE
    ../clib/microlib/init/entry.s            0x00000000   Number         0  entry11b.o ABSOLUTE
    ../clib/microlib/longlong.c              0x00000000   Number         0  llshl.o ABSOLUTE
    ../clib/microlib/longlong.c              0x00000000   Number         0  llsshr.o ABSOLUTE
    ../clib/microlib/longlong.c              0x00000000   Number         0  llushr.o ABSOLUTE
    ../clib/microlib/string/memcpy.c         0x00000000   Number         0  memcpya.o ABSOLUTE
    ../clib/microlib/string/memcpy.c         0x00000000   Number         0  memcpyb.o ABSOLUTE
    ../clib/microlib/string/memset.c         0x00000000   Number         0  memseta.o ABSOLUTE
    ../clib/microlib/stubs.s                 0x00000000   Number         0  iusefp.o ABSOLUTE
    ../fplib/microlib/d2f.c                  0x00000000   Number         0  d2f.o ABSOLUTE
    ../fplib/microlib/f2d.c                  0x00000000   Number         0  f2d.o ABSOLUTE
    ../fplib/microlib/fpadd.c                0x00000000   Number         0  fadd.o ABSOLUTE
    ../fplib/microlib/fpadd.c                0x00000000   Number         0  dadd.o ABSOLUTE
    ../fplib/microlib/fpcmp.c                0x00000000   Number         0  fcmpge.o ABSOLUTE
    ../fplib/microlib/fpcmp.c                0x00000000   Number         0  fcmpgt.o ABSOLUTE
    ../fplib/microlib/fpcmp.c                0x00000000   Number         0  dcmple.o ABSOLUTE
    ../fplib/microlib/fpcmp.c                0x00000000   Number         0  dcmplt.o ABSOLUTE
    ../fplib/microlib/fpcmp.c                0x00000000   Number         0  dcmpge.o ABSOLUTE
    ../fplib/microlib/fpdiv.c                0x00000000   Number         0  fdiv.o ABSOLUTE
    ../fplib/microlib/fpdiv.c                0x00000000   Number         0  ddiv.o ABSOLUTE
    ../fplib/microlib/fpepilogue.c           0x00000000   Number         0  fepilogue.o ABSOLUTE
    ../fplib/microlib/fpepilogue.c           0x00000000   Number         0  depilogue.o ABSOLUTE
    ../fplib/microlib/fpflt.c                0x00000000   Number         0  fflti.o ABSOLUTE
    ../fplib/microlib/fpflt.c                0x00000000   Number         0  ffltui.o ABSOLUTE
    ../fplib/microlib/fpflt.c                0x00000000   Number         0  dflti.o ABSOLUTE
    ../fplib/microlib/fpflt.c                0x00000000   Number         0  dfltui.o ABSOLUTE
    ../fplib/microlib/fpmul.c                0x00000000   Number         0  fmul.o ABSOLUTE
    ../fplib/microlib/fpmul.c                0x00000000   Number         0  dmul.o ABSOLUTE
    ../fplib/microlib/fpscalb.c              0x00000000   Number         0  dscalb.o ABSOLUTE
    ../fplib/microlib/fpsqrt.c               0x00000000   Number         0  dsqrt.o ABSOLUTE
    ../mathlib/atan.c                        0x00000000   Number         0  atan.o ABSOLUTE
    ../mathlib/atan.c                        0x00000000   Number         0  atan_x.o ABSOLUTE
    ../mathlib/atan2.c                       0x00000000   Number         0  atan2.o ABSOLUTE
    ../mathlib/atan2.c                       0x00000000   Number         0  atan2_x.o ABSOLUTE
    ../mathlib/dunder.c                      0x00000000   Number         0  dunder.o ABSOLUTE
    ../mathlib/fpclassify.c                  0x00000000   Number         0  fpclassify.o ABSOLUTE
    ../mathlib/poly.c                        0x00000000   Number         0  poly.o ABSOLUTE
    ../mathlib/qnan.c                        0x00000000   Number         0  qnan.o ABSOLUTE
    ../mathlib/sqrt.c                        0x00000000   Number         0  sqrt.o ABSOLUTE
    ../mathlib/sqrt.c                        0x00000000   Number         0  sqrt_x.o ABSOLUTE
    FIR.c                                    0x00000000   Number         0  fir.o ABSOLUTE
    IndProximity.c                           0x00000000   Number         0  indproximity.o ABSOLUTE
    Kalman.c                                 0x00000000   Number         0  kalman.o ABSOLUTE
    MPU6050.c                                0x00000000   Number         0  mpu6050.o ABSOLUTE
    cdcmple.s                                0x00000000   Number         0  cdcmple.o ABSOLUTE
    dc.s                                     0x00000000   Number         0  dc.o ABSOLUTE
    event_groups.c                           0x00000000   Number         0  event_groups.o ABSOLUTE
    handlers.s                               0x00000000   Number         0  handlers.o ABSOLUTE
    heap_4.c                                 0x00000000   Number         0  heap_4.o ABSOLUTE
    init.s                                   0x00000000   Number         0  init.o ABSOLUTE
    list.c                                   0x00000000   Number         0  list.o ABSOLUTE
    main.c                                   0x00000000   Number         0  main.o ABSOLUTE
    port.c                                   0x00000000   Number         0  port.o ABSOLUTE
    queue.c                                  0x00000000   Number         0  queue.o ABSOLUTE
    startup_stm32f103xb.s                    0x00000000   Number         0  startup_stm32f103xb.o ABSOLUTE
    stm32f1xx_hal.c                          0x00000000   Number         0  stm32f1xx_hal.o ABSOLUTE
    stm32f1xx_hal_cortex.c                   0x00000000   Number         0  stm32f1xx_hal_cortex.o ABSOLUTE
    stm32f1xx_hal_dma.c                      0x00000000   Number         0  stm32f1xx_hal_dma.o ABSOLUTE
    stm32f1xx_hal_exti.c                     0x00000000   Number         0  stm32f1xx_hal_exti.o ABSOLUTE
    stm32f1xx_hal_flash.c                    0x00000000   Number         0  stm32f1xx_hal_flash.o ABSOLUTE
    stm32f1xx_hal_flash_ex.c                 0x00000000   Number         0  stm32f1xx_hal_flash_ex.o ABSOLUTE
    stm32f1xx_hal_gpio.c                     0x00000000   Number         0  stm32f1xx_hal_gpio.o ABSOLUTE
    stm32f1xx_hal_gpio_ex.c                  0x00000000   Number         0  stm32f1xx_hal_gpio_ex.o ABSOLUTE
    stm32f1xx_hal_i2c.c                      0x00000000   Number         0  stm32f1xx_hal_i2c.o ABSOLUTE
    stm32f1xx_hal_msp.c                      0x00000000   Number         0  stm32f1xx_hal_msp.o ABSOLUTE
    stm32f1xx_hal_pwr.c                      0x00000000   Number         0  stm32f1xx_hal_pwr.o ABSOLUTE
    stm32f1xx_hal_rcc.c                      0x00000000   Number         0  stm32f1xx_hal_rcc.o ABSOLUTE
    stm32f1xx_hal_rcc_ex.c                   0x00000000   Number         0  stm32f1xx_hal_rcc_ex.o ABSOLUTE
    stm32f1xx_hal_tim.c                      0x00000000   Number         0  stm32f1xx_hal_tim.o ABSOLUTE
    stm32f1xx_hal_tim_ex.c                   0x00000000   Number         0  stm32f1xx_hal_tim_ex.o ABSOLUTE
    stm32f1xx_hal_timebase_tim.c             0x00000000   Number         0  stm32f1xx_hal_timebase_tim.o ABSOLUTE
    stm32f1xx_hal_uart.c                     0x00000000   Number         0  stm32f1xx_hal_uart.o ABSOLUTE
    stm32f1xx_it.c                           0x00000000   Number         0  stm32f1xx_it.o ABSOLUTE
    system_stm32f1xx.c                       0x00000000   Number         0  system_stm32f1xx.o ABSOLUTE
    tasks.c                                  0x00000000   Number         0  tasks.o ABSOLUTE
    timers.c                                 0x00000000   Number         0  timers.o ABSOLUTE
    RESET                                    0x08000000   Section      236  startup_stm32f103xb.o(RESET)
    .ARM.Collect$$$$00000000                 0x080000ec   Section        0  entry.o(.ARM.Collect$$$$00000000)
    .ARM.Collect$$$$00000001                 0x080000ec   Section        4  entry2.o(.ARM.Collect$$$$00000001)
    .ARM.Collect$$$$00000004                 0x080000f0   Section        4  entry5.o(.ARM.Collect$$$$00000004)
    .ARM.Collect$$$$00000008                 0x080000f4   Section        0  entry7b.o(.ARM.Collect$$$$00000008)
    .ARM.Collect$$$$0000000A                 0x080000f4   Section        0  entry8b.o(.ARM.Collect$$$$0000000A)
    .ARM.Collect$$$$0000000B                 0x080000f4   Section        8  entry9a.o(.ARM.Collect$$$$0000000B)
    __lit__00000000                          0x080000fc   Data           4  entry2.o(.ARM.Collect$$$$00002712)
    .ARM.Collect$$$$0000000D                 0x080000fc   Section        0  entry10a.o(.ARM.Collect$$$$0000000D)
    .ARM.Collect$$$$0000000F                 0x080000fc   Section        0  entry11a.o(.ARM.Collect$$$$0000000F)
    .ARM.Collect$$$$00002712                 0x080000fc   Section        4  entry2.o(.ARM.Collect$$$$00002712)
    .text                                    0x08000100   Section       36  startup_stm32f103xb.o(.text)
    .text                                    0x08000124   Section        0  memcpya.o(.text)
    .text                                    0x08000148   Section        0  memseta.o(.text)
    .text                                    0x0800016c   Section        0  fadd.o(.text)
    .text                                    0x0800021c   Section        0  fmul.o(.text)
    .text                                    0x08000280   Section        0  fdiv.o(.text)
    .text                                    0x080002fc   Section        0  dadd.o(.text)
    .text                                    0x0800044a   Section        0  dmul.o(.text)
    .text                                    0x0800052e   Section        0  ddiv.o(.text)
    .text                                    0x0800060c   Section        0  fcmpge.o(.text)
    .text                                    0x08000628   Section        0  fcmpgt.o(.text)
    .text                                    0x08000644   Section        0  dcmple.o(.text)
    .text                                    0x0800067a   Section        0  dcmplt.o(.text)
    .text                                    0x080006b0   Section        0  dcmpge.o(.text)
    .text                                    0x080006e6   Section        0  fflti.o(.text)
    .text                                    0x080006f8   Section        0  ffltui.o(.text)
    .text                                    0x08000702   Section        0  dflti.o(.text)
    .text                                    0x08000724   Section        0  f2d.o(.text)
    .text                                    0x0800074a   Section        0  d2f.o(.text)
    .text                                    0x08000782   Section        0  llshl.o(.text)
    .text                                    0x080007a0   Section        0  llsshr.o(.text)
    .text                                    0x080007c4   Section        0  iusefp.o(.text)
    .text                                    0x080007c4   Section        0  fepilogue.o(.text)
    .text                                    0x08000832   Section        0  depilogue.o(.text)
    .text                                    0x080008ec   Section        0  dscalb.o(.text)
    .text                                    0x0800091a   Section        0  dsqrt.o(.text)
    .text                                    0x080009bc   Section       48  cdcmple.o(.text)
    .text                                    0x080009ec   Section       36  init.o(.text)
    .text                                    0x08000a10   Section        0  llushr.o(.text)
    [Anonymous Symbol]                       0x08000a30   Section        0  stm32f1xx_it.o(.text.BusFault_Handler)
    [Anonymous Symbol]                       0x08000a34   Section        0  stm32f1xx_it.o(.text.DebugMon_Handler)
    [Anonymous Symbol]                       0x08000a38   Section        0  main.o(.text.Error_Handler)
    [Anonymous Symbol]                       0x08000a48   Section        0  stm32f1xx_hal_gpio.o(.text.HAL_GPIO_Init)
    [Anonymous Symbol]                       0x08000d78   Section        0  stm32f1xx_hal_gpio.o(.text.HAL_GPIO_WritePin)
    [Anonymous Symbol]                       0x08000dac   Section        0  stm32f1xx_hal.o(.text.HAL_GetTick)
    [Anonymous Symbol]                       0x08000db8   Section        0  stm32f1xx_hal_i2c.o(.text.HAL_I2C_Init)
    [Anonymous Symbol]                       0x08001074   Section        0  stm32f1xx_hal_i2c.o(.text.HAL_I2C_Mem_Read)
    [Anonymous Symbol]                       0x08001560   Section        0  stm32f1xx_hal_i2c.o(.text.HAL_I2C_Mem_Write)
    [Anonymous Symbol]                       0x08001790   Section        0  stm32f1xx_hal_msp.o(.text.HAL_I2C_MspInit)
    [Anonymous Symbol]                       0x08001834   Section        0  stm32f1xx_hal.o(.text.HAL_IncTick)
    [Anonymous Symbol]                       0x08001850   Section        0  stm32f1xx_hal.o(.text.HAL_Init)
    [Anonymous Symbol]                       0x08001880   Section        0  stm32f1xx_hal_timebase_tim.o(.text.HAL_InitTick)
    [Anonymous Symbol]                       0x08001938   Section        0  stm32f1xx_hal_msp.o(.text.HAL_MspInit)
    [Anonymous Symbol]                       0x0800199c   Section        0  stm32f1xx_hal_cortex.o(.text.HAL_NVIC_EnableIRQ)
    [Anonymous Symbol]                       0x080019b4   Section        0  stm32f1xx_hal_cortex.o(.text.HAL_NVIC_SetPriority)
    [Anonymous Symbol]                       0x080019f4   Section        0  stm32f1xx_hal_cortex.o(.text.HAL_NVIC_SetPriorityGrouping)
    [Anonymous Symbol]                       0x08001a04   Section        0  stm32f1xx_hal_rcc.o(.text.HAL_RCC_ClockConfig)
    [Anonymous Symbol]                       0x08001c5c   Section        0  stm32f1xx_hal_rcc.o(.text.HAL_RCC_GetClockConfig)
    [Anonymous Symbol]                       0x08001cb0   Section        0  stm32f1xx_hal_rcc.o(.text.HAL_RCC_GetHCLKFreq)
    [Anonymous Symbol]                       0x08001cbc   Section        0  stm32f1xx_hal_rcc.o(.text.HAL_RCC_GetPCLK1Freq)
    [Anonymous Symbol]                       0x08001ce0   Section        0  stm32f1xx_hal_rcc.o(.text.HAL_RCC_GetPCLK2Freq)
    [Anonymous Symbol]                       0x08001d04   Section        0  stm32f1xx_hal_rcc.o(.text.HAL_RCC_GetSysClockFreq)
    [Anonymous Symbol]                       0x08001dec   Section        0  stm32f1xx_hal_rcc.o(.text.HAL_RCC_OscConfig)
    [Anonymous Symbol]                       0x08002478   Section        0  stm32f1xx_hal_tim_ex.o(.text.HAL_TIMEx_BreakCallback)
    [Anonymous Symbol]                       0x08002480   Section        0  stm32f1xx_hal_tim_ex.o(.text.HAL_TIMEx_CommutCallback)
    [Anonymous Symbol]                       0x08002488   Section        0  stm32f1xx_hal_tim_ex.o(.text.HAL_TIMEx_MasterConfigSynchronization)
    [Anonymous Symbol]                       0x08002564   Section        0  stm32f1xx_hal_tim.o(.text.HAL_TIM_Base_Init)
    [Anonymous Symbol]                       0x0800260c   Section        0  stm32f1xx_hal_tim.o(.text.HAL_TIM_Base_MspInit)
    [Anonymous Symbol]                       0x08002614   Section        0  stm32f1xx_hal_tim.o(.text.HAL_TIM_Base_Start_IT)
    [Anonymous Symbol]                       0x080026c4   Section        0  indproximity.o(.text.HAL_TIM_IC_CaptureCallback)
    [Anonymous Symbol]                       0x080028d0   Section        0  stm32f1xx_hal_tim.o(.text.HAL_TIM_IC_ConfigChannel)
    [Anonymous Symbol]                       0x08002a08   Section        0  stm32f1xx_hal_tim.o(.text.HAL_TIM_IC_Init)
    [Anonymous Symbol]                       0x08002ab0   Section        0  stm32f1xx_hal_msp.o(.text.HAL_TIM_IC_MspInit)
    [Anonymous Symbol]                       0x08002b48   Section        0  stm32f1xx_hal_tim.o(.text.HAL_TIM_IRQHandler)
    [Anonymous Symbol]                       0x08002dcc   Section        0  stm32f1xx_hal_tim.o(.text.HAL_TIM_OC_DelayElapsedCallback)
    [Anonymous Symbol]                       0x08002dd4   Section        0  stm32f1xx_hal_tim.o(.text.HAL_TIM_PWM_PulseFinishedCallback)
    [Anonymous Symbol]                       0x08002ddc   Section        0  main.o(.text.HAL_TIM_PeriodElapsedCallback)
    [Anonymous Symbol]                       0x08002df8   Section        0  stm32f1xx_hal_tim.o(.text.HAL_TIM_TriggerCallback)
    [Anonymous Symbol]                       0x08002e00   Section        0  stm32f1xx_hal_uart.o(.text.HAL_UART_Init)
    [Anonymous Symbol]                       0x08002ea0   Section        0  stm32f1xx_hal_msp.o(.text.HAL_UART_MspInit)
    [Anonymous Symbol]                       0x08002f58   Section        0  stm32f1xx_it.o(.text.HardFault_Handler)
    I2C_IsAcknowledgeFailed                  0x08002f5d   Thumb Code   100  stm32f1xx_hal_i2c.o(.text.I2C_IsAcknowledgeFailed)
    [Anonymous Symbol]                       0x08002f5c   Section        0  stm32f1xx_hal_i2c.o(.text.I2C_IsAcknowledgeFailed)
    I2C_RequestMemoryRead                    0x08002fc1   Thumb Code   516  stm32f1xx_hal_i2c.o(.text.I2C_RequestMemoryRead)
    [Anonymous Symbol]                       0x08002fc0   Section        0  stm32f1xx_hal_i2c.o(.text.I2C_RequestMemoryRead)
    I2C_RequestMemoryWrite                   0x080031c5   Thumb Code   342  stm32f1xx_hal_i2c.o(.text.I2C_RequestMemoryWrite)
    [Anonymous Symbol]                       0x080031c4   Section        0  stm32f1xx_hal_i2c.o(.text.I2C_RequestMemoryWrite)
    I2C_WaitOnBTFFlagUntilTimeout            0x0800331d   Thumb Code   156  stm32f1xx_hal_i2c.o(.text.I2C_WaitOnBTFFlagUntilTimeout)
    [Anonymous Symbol]                       0x0800331c   Section        0  stm32f1xx_hal_i2c.o(.text.I2C_WaitOnBTFFlagUntilTimeout)
    I2C_WaitOnFlagUntilTimeout               0x080033b9   Thumb Code   196  stm32f1xx_hal_i2c.o(.text.I2C_WaitOnFlagUntilTimeout)
    [Anonymous Symbol]                       0x080033b8   Section        0  stm32f1xx_hal_i2c.o(.text.I2C_WaitOnFlagUntilTimeout)
    I2C_WaitOnMasterAddressFlagUntilTimeout  0x0800347d   Thumb Code   276  stm32f1xx_hal_i2c.o(.text.I2C_WaitOnMasterAddressFlagUntilTimeout)
    [Anonymous Symbol]                       0x0800347c   Section        0  stm32f1xx_hal_i2c.o(.text.I2C_WaitOnMasterAddressFlagUntilTimeout)
    I2C_WaitOnRXNEFlagUntilTimeout           0x08003591   Thumb Code   200  stm32f1xx_hal_i2c.o(.text.I2C_WaitOnRXNEFlagUntilTimeout)
    [Anonymous Symbol]                       0x08003590   Section        0  stm32f1xx_hal_i2c.o(.text.I2C_WaitOnRXNEFlagUntilTimeout)
    I2C_WaitOnTXEFlagUntilTimeout            0x08003659   Thumb Code   154  stm32f1xx_hal_i2c.o(.text.I2C_WaitOnTXEFlagUntilTimeout)
    [Anonymous Symbol]                       0x08003658   Section        0  stm32f1xx_hal_i2c.o(.text.I2C_WaitOnTXEFlagUntilTimeout)
    [Anonymous Symbol]                       0x080036f4   Section        0  main.o(.text.IMU_GetError)
    [Anonymous Symbol]                       0x080039f8   Section        0  kalman.o(.text.Kalamn_InitAngle)
    [Anonymous Symbol]                       0x08003a44   Section        0  main.o(.text.Kalman_MainFunction)
    [Anonymous Symbol]                       0x08004194   Section        0  main.o(.text.Kalman_Setup)
    [Anonymous Symbol]                       0x080044c4   Section        0  kalman.o(.text.Kalman_getAngle)
    [Anonymous Symbol]                       0x080046c0   Section        0  kalman.o(.text.Kalman_setAngle)
    [Anonymous Symbol]                       0x080046d4   Section        0  mpu6050.o(.text.MPU_Init)
    MX_GPIO_Init                             0x08004915   Thumb Code   232  main.o(.text.MX_GPIO_Init)
    [Anonymous Symbol]                       0x08004914   Section        0  main.o(.text.MX_GPIO_Init)
    MX_I2C1_Init                             0x080049fd   Thumb Code    68  main.o(.text.MX_I2C1_Init)
    [Anonymous Symbol]                       0x080049fc   Section        0  main.o(.text.MX_I2C1_Init)
    MX_TIM1_Init                             0x08004a41   Thumb Code   238  main.o(.text.MX_TIM1_Init)
    [Anonymous Symbol]                       0x08004a40   Section        0  main.o(.text.MX_TIM1_Init)
    MX_USART1_UART_Init                      0x08004b31   Thumb Code    60  main.o(.text.MX_USART1_UART_Init)
    [Anonymous Symbol]                       0x08004b30   Section        0  main.o(.text.MX_USART1_UART_Init)
    [Anonymous Symbol]                       0x08004b6c   Section        0  stm32f1xx_it.o(.text.MemManage_Handler)
    [Anonymous Symbol]                       0x08004b70   Section        0  stm32f1xx_it.o(.text.NMI_Handler)
    NVIC_EncodePriority                      0x08004b75   Thumb Code   110  stm32f1xx_hal_cortex.o(.text.NVIC_EncodePriority)
    [Anonymous Symbol]                       0x08004b74   Section        0  stm32f1xx_hal_cortex.o(.text.NVIC_EncodePriority)
    [Anonymous Symbol]                       0x08004bf0   Section        0  port.o(.text.PendSV_Handler)
    pxCurrentTCBConst                        0x08004c30   Number         0  port.o(.text.PendSV_Handler)
    RCC_Delay                                0x08004c35   Thumb Code    58  stm32f1xx_hal_rcc.o(.text.RCC_Delay)
    [Anonymous Symbol]                       0x08004c34   Section        0  stm32f1xx_hal_rcc.o(.text.RCC_Delay)
    [Anonymous Symbol]                       0x08004c70   Section        0  port.o(.text.SVC_Handler)
    pxCurrentTCBConst2                       0x08004c90   Number         0  port.o(.text.SVC_Handler)
    [Anonymous Symbol]                       0x08004c94   Section        0  port.o(.text.SysTick_Handler)
    [Anonymous Symbol]                       0x08004cd4   Section        0  main.o(.text.SystemClock_Config)
    [Anonymous Symbol]                       0x08004d4c   Section        0  system_stm32f1xx.o(.text.SystemInit)
    [Anonymous Symbol]                       0x08004d50   Section        0  stm32f1xx_it.o(.text.TIM1_CC_IRQHandler)
    [Anonymous Symbol]                       0x08004d60   Section        0  stm32f1xx_it.o(.text.TIM2_IRQHandler)
    [Anonymous Symbol]                       0x08004d70   Section        0  stm32f1xx_hal_tim.o(.text.TIM_Base_SetConfig)
    [Anonymous Symbol]                       0x08004e60   Section        0  stm32f1xx_hal_tim.o(.text.TIM_TI1_SetConfig)
    TIM_TI2_SetConfig                        0x08004f2d   Thumb Code   108  stm32f1xx_hal_tim.o(.text.TIM_TI2_SetConfig)
    [Anonymous Symbol]                       0x08004f2c   Section        0  stm32f1xx_hal_tim.o(.text.TIM_TI2_SetConfig)
    TIM_TI3_SetConfig                        0x08004f99   Thumb Code   106  stm32f1xx_hal_tim.o(.text.TIM_TI3_SetConfig)
    [Anonymous Symbol]                       0x08004f98   Section        0  stm32f1xx_hal_tim.o(.text.TIM_TI3_SetConfig)
    TIM_TI4_SetConfig                        0x08005005   Thumb Code   108  stm32f1xx_hal_tim.o(.text.TIM_TI4_SetConfig)
    [Anonymous Symbol]                       0x08005004   Section        0  stm32f1xx_hal_tim.o(.text.TIM_TI4_SetConfig)
    UART_SetConfig                           0x08005071   Thumb Code   194  stm32f1xx_hal_uart.o(.text.UART_SetConfig)
    [Anonymous Symbol]                       0x08005070   Section        0  stm32f1xx_hal_uart.o(.text.UART_SetConfig)
    [Anonymous Symbol]                       0x08005134   Section        0  stm32f1xx_it.o(.text.UsageFault_Handler)
    __NVIC_EnableIRQ                         0x08005139   Thumb Code    52  stm32f1xx_hal_cortex.o(.text.__NVIC_EnableIRQ)
    [Anonymous Symbol]                       0x08005138   Section        0  stm32f1xx_hal_cortex.o(.text.__NVIC_EnableIRQ)
    __NVIC_GetPriorityGrouping               0x0800516d   Thumb Code    16  stm32f1xx_hal_cortex.o(.text.__NVIC_GetPriorityGrouping)
    [Anonymous Symbol]                       0x0800516c   Section        0  stm32f1xx_hal_cortex.o(.text.__NVIC_GetPriorityGrouping)
    __NVIC_SetPriority                       0x0800517d   Thumb Code    68  stm32f1xx_hal_cortex.o(.text.__NVIC_SetPriority)
    [Anonymous Symbol]                       0x0800517c   Section        0  stm32f1xx_hal_cortex.o(.text.__NVIC_SetPriority)
    __NVIC_SetPriorityGrouping               0x080051c1   Thumb Code    60  stm32f1xx_hal_cortex.o(.text.__NVIC_SetPriorityGrouping)
    [Anonymous Symbol]                       0x080051c0   Section        0  stm32f1xx_hal_cortex.o(.text.__NVIC_SetPriorityGrouping)
    [Anonymous Symbol]                       0x080051fc   Section        0  main.o(.text.main)
    prvCopyDataToQueue                       0x08005241   Thumb Code   194  queue.o(.text.prvCopyDataToQueue)
    [Anonymous Symbol]                       0x08005240   Section        0  queue.o(.text.prvCopyDataToQueue)
    prvResetNextTaskUnblockTime              0x08005305   Thumb Code    72  tasks.o(.text.prvResetNextTaskUnblockTime)
    [Anonymous Symbol]                       0x08005304   Section        0  tasks.o(.text.prvResetNextTaskUnblockTime)
    [Anonymous Symbol]                       0x0800534c   Section        0  list.o(.text.uxListRemove)
    [Anonymous Symbol]                       0x08005394   Section        0  event_groups.o(.text.vEventGroupSetBitsCallback)
    [Anonymous Symbol]                       0x080053a8   Section        0  list.o(.text.vListInsertEnd)
    [Anonymous Symbol]                       0x080053e4   Section        0  port.o(.text.vPortEnterCritical)
    [Anonymous Symbol]                       0x08005414   Section        0  port.o(.text.vPortExitCritical)
    [Anonymous Symbol]                       0x0800543c   Section        0  tasks.o(.text.vTaskRemoveFromUnorderedEventList)
    [Anonymous Symbol]                       0x080054c4   Section        0  tasks.o(.text.vTaskSuspendAll)
    [Anonymous Symbol]                       0x080054d4   Section        0  tasks.o(.text.vTaskSwitchContext)
    [Anonymous Symbol]                       0x08005568   Section        0  event_groups.o(.text.xEventGroupSetBits)
    [Anonymous Symbol]                       0x08005654   Section        0  queue.o(.text.xQueueGenericSendFromISR)
    [Anonymous Symbol]                       0x0800571c   Section        0  tasks.o(.text.xTaskIncrementTick)
    [Anonymous Symbol]                       0x080058bc   Section        0  tasks.o(.text.xTaskRemoveFromEventList)
    [Anonymous Symbol]                       0x08005968   Section        0  tasks.o(.text.xTaskResumeAll)
    [Anonymous Symbol]                       0x08005ad0   Section        0  timers.o(.text.xTimerPendFunctionCallFromISR)
    i.__ARM_fpclassify                       0x08005b0a   Section        0  fpclassify.o(i.__ARM_fpclassify)
    i.__kernel_poly                          0x08005b32   Section        0  poly.o(i.__kernel_poly)
    i.__mathlib_dbl_infnan                   0x08005bdc   Section        0  dunder.o(i.__mathlib_dbl_infnan)
    i.__mathlib_dbl_infnan2                  0x08005be2   Section        0  dunder.o(i.__mathlib_dbl_infnan2)
    i.__mathlib_dbl_underflow                0x08005be8   Section        0  dunder.o(i.__mathlib_dbl_underflow)
    i.__scatterload_copy                     0x08005bf8   Section       14  handlers.o(i.__scatterload_copy)
    i.__scatterload_null                     0x08005c06   Section        2  handlers.o(i.__scatterload_null)
    i.__scatterload_zeroinit                 0x08005c08   Section       14  handlers.o(i.__scatterload_zeroinit)
    i.__set_errno                            0x08005c18   Section        0  errno.o(i.__set_errno)
    i.atan                                   0x08005c24   Section        0  atan.o(i.atan)
    i.atan2                                  0x08005e44   Section        0  atan2.o(i.atan2)
    i.sqrt                                   0x08005fe0   Section        0  sqrt.o(i.sqrt)
    atanhi                                   0x08006030   Data          32  atan.o(.constdata)
    .constdata                               0x08006030   Section      152  atan.o(.constdata)
    atanlo                                   0x08006050   Data          32  atan.o(.constdata)
    aTodd                                    0x08006070   Data          40  atan.o(.constdata)
    aTeven                                   0x08006098   Data          48  atan.o(.constdata)
    .constdata                               0x080060c8   Section        8  qnan.o(.constdata)
    _errno                                   0x20000000   Data           4  errno.o(.data)
    .data                                    0x20000000   Section        4  errno.o(.data)
    TimerChannelsEventBit                    0x2000000c   Data           4  indproximity.o(.data.TimerChannelsEventBit)
    [Anonymous Symbol]                       0x2000000c   Section        0  indproximity.o(.data.TimerChannelsEventBit)
    uxCriticalNesting                        0x20000018   Data           4  port.o(.data.uxCriticalNesting)
    [Anonymous Symbol]                       0x20000018   Section        0  port.o(.data.uxCriticalNesting)
    AccelDivider                             0x20000020   Data           4  mpu6050.o(.bss.AccelDivider)
    [Anonymous Symbol]                       0x20000020   Section        0  mpu6050.o(.bss.AccelDivider)
    GlobalConfig                             0x2000007c   Data           4  mpu6050.o(.bss.GlobalConfig)
    [Anonymous Symbol]                       0x2000007c   Section        0  mpu6050.o(.bss.GlobalConfig)
    GyroDivider                              0x20000080   Data           4  mpu6050.o(.bss.GyroDivider)
    [Anonymous Symbol]                       0x20000080   Section        0  mpu6050.o(.bss.GyroDivider)
    MpuModuleState                           0x20000084   Data           1  mpu6050.o(.bss.MpuModuleState)
    [Anonymous Symbol]                       0x20000084   Section        0  mpu6050.o(.bss.MpuModuleState)
    TimerChannelsCaptureValue                0x20000088   Data          32  indproximity.o(.bss.TimerChannelsCaptureValue)
    [Anonymous Symbol]                       0x20000088   Section        0  indproximity.o(.bss.TimerChannelsCaptureValue)
    TimerChannelsGroup                       0x200000a8   Data           4  indproximity.o(.bss.TimerChannelsGroup)
    [Anonymous Symbol]                       0x200000a8   Section        0  indproximity.o(.bss.TimerChannelsGroup)
    pxDelayedTaskList                        0x2000024c   Data           4  tasks.o(.bss.pxDelayedTaskList)
    [Anonymous Symbol]                       0x2000024c   Section        0  tasks.o(.bss.pxDelayedTaskList)
    pxOverflowDelayedTaskList                0x20000250   Data           4  tasks.o(.bss.pxOverflowDelayedTaskList)
    [Anonymous Symbol]                       0x20000250   Section        0  tasks.o(.bss.pxOverflowDelayedTaskList)
    pxReadyTasksLists                        0x20000254   Data         100  tasks.o(.bss.pxReadyTasksLists)
    [Anonymous Symbol]                       0x20000254   Section        0  tasks.o(.bss.pxReadyTasksLists)
    uxCurrentNumberOfTasks                   0x200002c4   Data           4  tasks.o(.bss.uxCurrentNumberOfTasks)
    [Anonymous Symbol]                       0x200002c4   Section        0  tasks.o(.bss.uxCurrentNumberOfTasks)
    uxSchedulerSuspended                     0x200002c8   Data           4  tasks.o(.bss.uxSchedulerSuspended)
    [Anonymous Symbol]                       0x200002c8   Section        0  tasks.o(.bss.uxSchedulerSuspended)
    uxTopReadyPriority                       0x200002cc   Data           4  tasks.o(.bss.uxTopReadyPriority)
    [Anonymous Symbol]                       0x200002cc   Section        0  tasks.o(.bss.uxTopReadyPriority)
    xNextTaskUnblockTime                     0x200002d4   Data           4  tasks.o(.bss.xNextTaskUnblockTime)
    [Anonymous Symbol]                       0x200002d4   Section        0  tasks.o(.bss.xNextTaskUnblockTime)
    xNumOfOverflows                          0x200002d8   Data           4  tasks.o(.bss.xNumOfOverflows)
    [Anonymous Symbol]                       0x200002d8   Section        0  tasks.o(.bss.xNumOfOverflows)
    xPendedTicks                             0x200002dc   Data           4  tasks.o(.bss.xPendedTicks)
    [Anonymous Symbol]                       0x200002dc   Section        0  tasks.o(.bss.xPendedTicks)
    xPendingReadyList                        0x200002e0   Data          20  tasks.o(.bss.xPendingReadyList)
    [Anonymous Symbol]                       0x200002e0   Section        0  tasks.o(.bss.xPendingReadyList)
    xTickCount                               0x200002f8   Data           4  tasks.o(.bss.xTickCount)
    [Anonymous Symbol]                       0x200002f8   Section        0  tasks.o(.bss.xTickCount)
    xTimerQueue                              0x200002fc   Data           4  timers.o(.bss.xTimerQueue)
    [Anonymous Symbol]                       0x200002fc   Section        0  timers.o(.bss.xTimerQueue)
    xYieldPending                            0x20000300   Data           4  tasks.o(.bss.xYieldPending)
    [Anonymous Symbol]                       0x20000300   Section        0  tasks.o(.bss.xYieldPending)
    STACK                                    0x20000308   Section     1024  startup_stm32f103xb.o(STACK)

    Global Symbols

    Symbol Name                              Value     Ov Type        Size  Object(Section)

    BuildAttributes$$THM_ISAv4$P$D$K$B$S$PE$A:L22UL41UL21$X:L11$S22US41US21$IEEE1$IW$~IW$USESV6$~STKCKD$USESV7$~SHL$OTIME$ROPI$IEEEX$EBA8$MICROLIB$REQ8$PRES8$EABIv2 0x00000000   Number         0  anon$$obj.o ABSOLUTE
    __cpp_initialize__aeabi_                  - Undefined Weak Reference
    __cxa_finalize                            - Undefined Weak Reference
    __decompress                              - Undefined Weak Reference
    _clock_init                               - Undefined Weak Reference
    _microlib_exit                            - Undefined Weak Reference
    __Vectors_Size                           0x000000ec   Number         0  startup_stm32f103xb.o ABSOLUTE
    __Vectors                                0x08000000   Data           4  startup_stm32f103xb.o(RESET)
    __Vectors_End                            0x080000ec   Data           0  startup_stm32f103xb.o(RESET)
    __main                                   0x080000ed   Thumb Code     0  entry.o(.ARM.Collect$$$$00000000)
    _main_stk                                0x080000ed   Thumb Code     0  entry2.o(.ARM.Collect$$$$00000001)
    _main_scatterload                        0x080000f1   Thumb Code     0  entry5.o(.ARM.Collect$$$$00000004)
    __main_after_scatterload                 0x080000f5   Thumb Code     0  entry5.o(.ARM.Collect$$$$00000004)
    _main_clock                              0x080000f5   Thumb Code     0  entry7b.o(.ARM.Collect$$$$00000008)
    _main_cpp_init                           0x080000f5   Thumb Code     0  entry8b.o(.ARM.Collect$$$$0000000A)
    _main_init                               0x080000f5   Thumb Code     0  entry9a.o(.ARM.Collect$$$$0000000B)
    __rt_final_cpp                           0x080000fd   Thumb Code     0  entry10a.o(.ARM.Collect$$$$0000000D)
    __rt_final_exit                          0x080000fd   Thumb Code     0  entry11a.o(.ARM.Collect$$$$0000000F)
    Reset_Handler                            0x08000101   Thumb Code     8  startup_stm32f103xb.o(.text)
    ADC1_2_IRQHandler                        0x0800011b   Thumb Code     0  startup_stm32f103xb.o(.text)
    CAN1_RX1_IRQHandler                      0x0800011b   Thumb Code     0  startup_stm32f103xb.o(.text)
    CAN1_SCE_IRQHandler                      0x0800011b   Thumb Code     0  startup_stm32f103xb.o(.text)
    DMA1_Channel1_IRQHandler                 0x0800011b   Thumb Code     0  startup_stm32f103xb.o(.text)
    DMA1_Channel2_IRQHandler                 0x0800011b   Thumb Code     0  startup_stm32f103xb.o(.text)
    DMA1_Channel3_IRQHandler                 0x0800011b   Thumb Code     0  startup_stm32f103xb.o(.text)
    DMA1_Channel4_IRQHandler                 0x0800011b   Thumb Code     0  startup_stm32f103xb.o(.text)
    DMA1_Channel5_IRQHandler                 0x0800011b   Thumb Code     0  startup_stm32f103xb.o(.text)
    DMA1_Channel6_IRQHandler                 0x0800011b   Thumb Code     0  startup_stm32f103xb.o(.text)
    DMA1_Channel7_IRQHandler                 0x0800011b   Thumb Code     0  startup_stm32f103xb.o(.text)
    EXTI0_IRQHandler                         0x0800011b   Thumb Code     0  startup_stm32f103xb.o(.text)
    EXTI15_10_IRQHandler                     0x0800011b   Thumb Code     0  startup_stm32f103xb.o(.text)
    EXTI1_IRQHandler                         0x0800011b   Thumb Code     0  startup_stm32f103xb.o(.text)
    EXTI2_IRQHandler                         0x0800011b   Thumb Code     0  startup_stm32f103xb.o(.text)
    EXTI3_IRQHandler                         0x0800011b   Thumb Code     0  startup_stm32f103xb.o(.text)
    EXTI4_IRQHandler                         0x0800011b   Thumb Code     0  startup_stm32f103xb.o(.text)
    EXTI9_5_IRQHandler                       0x0800011b   Thumb Code     0  startup_stm32f103xb.o(.text)
    FLASH_IRQHandler                         0x0800011b   Thumb Code     0  startup_stm32f103xb.o(.text)
    I2C1_ER_IRQHandler                       0x0800011b   Thumb Code     0  startup_stm32f103xb.o(.text)
    I2C1_EV_IRQHandler                       0x0800011b   Thumb Code     0  startup_stm32f103xb.o(.text)
    I2C2_ER_IRQHandler                       0x0800011b   Thumb Code     0  startup_stm32f103xb.o(.text)
    I2C2_EV_IRQHandler                       0x0800011b   Thumb Code     0  startup_stm32f103xb.o(.text)
    PVD_IRQHandler                           0x0800011b   Thumb Code     0  startup_stm32f103xb.o(.text)
    RCC_IRQHandler                           0x0800011b   Thumb Code     0  startup_stm32f103xb.o(.text)
    RTC_Alarm_IRQHandler                     0x0800011b   Thumb Code     0  startup_stm32f103xb.o(.text)
    RTC_IRQHandler                           0x0800011b   Thumb Code     0  startup_stm32f103xb.o(.text)
    SPI1_IRQHandler                          0x0800011b   Thumb Code     0  startup_stm32f103xb.o(.text)
    SPI2_IRQHandler                          0x0800011b   Thumb Code     0  startup_stm32f103xb.o(.text)
    TAMPER_IRQHandler                        0x0800011b   Thumb Code     0  startup_stm32f103xb.o(.text)
    TIM1_BRK_IRQHandler                      0x0800011b   Thumb Code     0  startup_stm32f103xb.o(.text)
    TIM1_TRG_COM_IRQHandler                  0x0800011b   Thumb Code     0  startup_stm32f103xb.o(.text)
    TIM1_UP_IRQHandler                       0x0800011b   Thumb Code     0  startup_stm32f103xb.o(.text)
    TIM3_IRQHandler                          0x0800011b   Thumb Code     0  startup_stm32f103xb.o(.text)
    TIM4_IRQHandler                          0x0800011b   Thumb Code     0  startup_stm32f103xb.o(.text)
    USART1_IRQHandler                        0x0800011b   Thumb Code     0  startup_stm32f103xb.o(.text)
    USART2_IRQHandler                        0x0800011b   Thumb Code     0  startup_stm32f103xb.o(.text)
    USART3_IRQHandler                        0x0800011b   Thumb Code     0  startup_stm32f103xb.o(.text)
    USBWakeUp_IRQHandler                     0x0800011b   Thumb Code     0  startup_stm32f103xb.o(.text)
    USB_HP_CAN1_TX_IRQHandler                0x0800011b   Thumb Code     0  startup_stm32f103xb.o(.text)
    USB_LP_CAN1_RX0_IRQHandler               0x0800011b   Thumb Code     0  startup_stm32f103xb.o(.text)
    WWDG_IRQHandler                          0x0800011b   Thumb Code     0  startup_stm32f103xb.o(.text)
    __aeabi_memcpy                           0x08000125   Thumb Code    36  memcpya.o(.text)
    __aeabi_memcpy4                          0x08000125   Thumb Code     0  memcpya.o(.text)
    __aeabi_memcpy8                          0x08000125   Thumb Code     0  memcpya.o(.text)
    __aeabi_memset                           0x08000149   Thumb Code    14  memseta.o(.text)
    __aeabi_memset4                          0x08000149   Thumb Code     0  memseta.o(.text)
    __aeabi_memset8                          0x08000149   Thumb Code     0  memseta.o(.text)
    __aeabi_memclr                           0x08000157   Thumb Code     4  memseta.o(.text)
    __aeabi_memclr4                          0x08000157   Thumb Code     0  memseta.o(.text)
    __aeabi_memclr8                          0x08000157   Thumb Code     0  memseta.o(.text)
    _memset$wrapper                          0x0800015b   Thumb Code    18  memseta.o(.text)
    __aeabi_fadd                             0x0800016d   Thumb Code   164  fadd.o(.text)
    __aeabi_fsub                             0x08000211   Thumb Code     6  fadd.o(.text)
    __aeabi_frsub                            0x08000217   Thumb Code     6  fadd.o(.text)
    __aeabi_fmul                             0x0800021d   Thumb Code   100  fmul.o(.text)
    __aeabi_fdiv                             0x08000281   Thumb Code   124  fdiv.o(.text)
    __aeabi_dadd                             0x080002fd   Thumb Code   322  dadd.o(.text)
    __aeabi_dsub                             0x0800043f   Thumb Code     6  dadd.o(.text)
    __aeabi_drsub                            0x08000445   Thumb Code     6  dadd.o(.text)
    __aeabi_dmul                             0x0800044b   Thumb Code   228  dmul.o(.text)
    __aeabi_ddiv                             0x0800052f   Thumb Code   222  ddiv.o(.text)
    __aeabi_fcmpge                           0x0800060d   Thumb Code    28  fcmpge.o(.text)
    __aeabi_fcmpgt                           0x08000629   Thumb Code    28  fcmpgt.o(.text)
    __aeabi_dcmple                           0x08000645   Thumb Code    54  dcmple.o(.text)
    __aeabi_dcmplt                           0x0800067b   Thumb Code    54  dcmplt.o(.text)
    __aeabi_dcmpge                           0x080006b1   Thumb Code    54  dcmpge.o(.text)
    __aeabi_i2f                              0x080006e7   Thumb Code    18  fflti.o(.text)
    __aeabi_ui2f                             0x080006f9   Thumb Code    10  ffltui.o(.text)
    __aeabi_i2d                              0x08000703   Thumb Code    34  dflti.o(.text)
    __aeabi_f2d                              0x08000725   Thumb Code    38  f2d.o(.text)
    __aeabi_d2f                              0x0800074b   Thumb Code    56  d2f.o(.text)
    __aeabi_llsl                             0x08000783   Thumb Code    30  llshl.o(.text)
    _ll_shift_l                              0x08000783   Thumb Code     0  llshl.o(.text)
    __aeabi_lasr                             0x080007a1   Thumb Code    36  llsshr.o(.text)
    _ll_sshift_r                             0x080007a1   Thumb Code     0  llsshr.o(.text)
    __I$use$fp                               0x080007c5   Thumb Code     0  iusefp.o(.text)
    _float_round                             0x080007c5   Thumb Code    18  fepilogue.o(.text)
    _float_epilogue                          0x080007d7   Thumb Code    92  fepilogue.o(.text)
    _double_round                            0x08000833   Thumb Code    30  depilogue.o(.text)
    _double_epilogue                         0x08000851   Thumb Code   156  depilogue.o(.text)
    __ARM_scalbn                             0x080008ed   Thumb Code    46  dscalb.o(.text)
    scalbn                                   0x080008ed   Thumb Code     0  dscalb.o(.text)
    _dsqrt                                   0x0800091b   Thumb Code   162  dsqrt.o(.text)
    __aeabi_cdcmpeq                          0x080009bd   Thumb Code     0  cdcmple.o(.text)
    __aeabi_cdcmple                          0x080009bd   Thumb Code    48  cdcmple.o(.text)
    __scatterload                            0x080009ed   Thumb Code    28  init.o(.text)
    __scatterload_rt2                        0x080009ed   Thumb Code     0  init.o(.text)
    __aeabi_llsr                             0x08000a11   Thumb Code    32  llushr.o(.text)
    _ll_ushift_r                             0x08000a11   Thumb Code     0  llushr.o(.text)
    BusFault_Handler                         0x08000a31   Thumb Code     4  stm32f1xx_it.o(.text.BusFault_Handler)
    DebugMon_Handler                         0x08000a35   Thumb Code     2  stm32f1xx_it.o(.text.DebugMon_Handler)
    Error_Handler                            0x08000a39   Thumb Code    14  main.o(.text.Error_Handler)
    HAL_GPIO_Init                            0x08000a49   Thumb Code   814  stm32f1xx_hal_gpio.o(.text.HAL_GPIO_Init)
    HAL_GPIO_WritePin                        0x08000d79   Thumb Code    52  stm32f1xx_hal_gpio.o(.text.HAL_GPIO_WritePin)
    HAL_GetTick                              0x08000dad   Thumb Code    12  stm32f1xx_hal.o(.text.HAL_GetTick)
    HAL_I2C_Init                             0x08000db9   Thumb Code   698  stm32f1xx_hal_i2c.o(.text.HAL_I2C_Init)
    HAL_I2C_Mem_Read                         0x08001075   Thumb Code  1258  stm32f1xx_hal_i2c.o(.text.HAL_I2C_Mem_Read)
    HAL_I2C_Mem_Write                        0x08001561   Thumb Code   558  stm32f1xx_hal_i2c.o(.text.HAL_I2C_Mem_Write)
    HAL_I2C_MspInit                          0x08001791   Thumb Code   162  stm32f1xx_hal_msp.o(.text.HAL_I2C_MspInit)
    HAL_IncTick                              0x08001835   Thumb Code    26  stm32f1xx_hal.o(.text.HAL_IncTick)
    HAL_Init                                 0x08001851   Thumb Code    46  stm32f1xx_hal.o(.text.HAL_Init)
    HAL_InitTick                             0x08001881   Thumb Code   184  stm32f1xx_hal_timebase_tim.o(.text.HAL_InitTick)
    HAL_MspInit                              0x08001939   Thumb Code   100  stm32f1xx_hal_msp.o(.text.HAL_MspInit)
    HAL_NVIC_EnableIRQ                       0x0800199d   Thumb Code    24  stm32f1xx_hal_cortex.o(.text.HAL_NVIC_EnableIRQ)
    HAL_NVIC_SetPriority                     0x080019b5   Thumb Code    64  stm32f1xx_hal_cortex.o(.text.HAL_NVIC_SetPriority)
    HAL_NVIC_SetPriorityGrouping             0x080019f5   Thumb Code    16  stm32f1xx_hal_cortex.o(.text.HAL_NVIC_SetPriorityGrouping)
    HAL_RCC_ClockConfig                      0x08001a05   Thumb Code   600  stm32f1xx_hal_rcc.o(.text.HAL_RCC_ClockConfig)
    HAL_RCC_GetClockConfig                   0x08001c5d   Thumb Code    84  stm32f1xx_hal_rcc.o(.text.HAL_RCC_GetClockConfig)
    HAL_RCC_GetHCLKFreq                      0x08001cb1   Thumb Code    12  stm32f1xx_hal_rcc.o(.text.HAL_RCC_GetHCLKFreq)
    HAL_RCC_GetPCLK1Freq                     0x08001cbd   Thumb Code    34  stm32f1xx_hal_rcc.o(.text.HAL_RCC_GetPCLK1Freq)
    HAL_RCC_GetPCLK2Freq                     0x08001ce1   Thumb Code    34  stm32f1xx_hal_rcc.o(.text.HAL_RCC_GetPCLK2Freq)
    HAL_RCC_GetSysClockFreq                  0x08001d05   Thumb Code   232  stm32f1xx_hal_rcc.o(.text.HAL_RCC_GetSysClockFreq)
    HAL_RCC_OscConfig                        0x08001ded   Thumb Code  1674  stm32f1xx_hal_rcc.o(.text.HAL_RCC_OscConfig)
    HAL_TIMEx_BreakCallback                  0x08002479   Thumb Code     8  stm32f1xx_hal_tim_ex.o(.text.HAL_TIMEx_BreakCallback)
    HAL_TIMEx_CommutCallback                 0x08002481   Thumb Code     8  stm32f1xx_hal_tim_ex.o(.text.HAL_TIMEx_CommutCallback)
    HAL_TIMEx_MasterConfigSynchronization    0x08002489   Thumb Code   220  stm32f1xx_hal_tim_ex.o(.text.HAL_TIMEx_MasterConfigSynchronization)
    HAL_TIM_Base_Init                        0x08002565   Thumb Code   166  stm32f1xx_hal_tim.o(.text.HAL_TIM_Base_Init)
    HAL_TIM_Base_MspInit                     0x0800260d   Thumb Code     8  stm32f1xx_hal_tim.o(.text.HAL_TIM_Base_MspInit)
    HAL_TIM_Base_Start_IT                    0x08002615   Thumb Code   176  stm32f1xx_hal_tim.o(.text.HAL_TIM_Base_Start_IT)
    HAL_TIM_IC_CaptureCallback               0x080026c5   Thumb Code   522  indproximity.o(.text.HAL_TIM_IC_CaptureCallback)
    HAL_TIM_IC_ConfigChannel                 0x080028d1   Thumb Code   312  stm32f1xx_hal_tim.o(.text.HAL_TIM_IC_ConfigChannel)
    HAL_TIM_IC_Init                          0x08002a09   Thumb Code   166  stm32f1xx_hal_tim.o(.text.HAL_TIM_IC_Init)
    HAL_TIM_IC_MspInit                       0x08002ab1   Thumb Code   150  stm32f1xx_hal_msp.o(.text.HAL_TIM_IC_MspInit)
    HAL_TIM_IRQHandler                       0x08002b49   Thumb Code   642  stm32f1xx_hal_tim.o(.text.HAL_TIM_IRQHandler)
    HAL_TIM_OC_DelayElapsedCallback          0x08002dcd   Thumb Code     8  stm32f1xx_hal_tim.o(.text.HAL_TIM_OC_DelayElapsedCallback)
    HAL_TIM_PWM_PulseFinishedCallback        0x08002dd5   Thumb Code     8  stm32f1xx_hal_tim.o(.text.HAL_TIM_PWM_PulseFinishedCallback)
    HAL_TIM_PeriodElapsedCallback            0x08002ddd   Thumb Code    28  main.o(.text.HAL_TIM_PeriodElapsedCallback)
    HAL_TIM_TriggerCallback                  0x08002df9   Thumb Code     8  stm32f1xx_hal_tim.o(.text.HAL_TIM_TriggerCallback)
    HAL_UART_Init                            0x08002e01   Thumb Code   160  stm32f1xx_hal_uart.o(.text.HAL_UART_Init)
    HAL_UART_MspInit                         0x08002ea1   Thumb Code   182  stm32f1xx_hal_msp.o(.text.HAL_UART_MspInit)
    HardFault_Handler                        0x08002f59   Thumb Code     4  stm32f1xx_it.o(.text.HardFault_Handler)
    IMU_GetError                             0x080036f5   Thumb Code   772  main.o(.text.IMU_GetError)
    Kalamn_InitAngle                         0x080039f9   Thumb Code    74  kalman.o(.text.Kalamn_InitAngle)
    Kalman_MainFunction                      0x08003a45   Thumb Code  1872  main.o(.text.Kalman_MainFunction)
    Kalman_Setup                             0x08004195   Thumb Code   814  main.o(.text.Kalman_Setup)
    Kalman_getAngle                          0x080044c5   Thumb Code   508  kalman.o(.text.Kalman_getAngle)
    Kalman_setAngle                          0x080046c1   Thumb Code    18  kalman.o(.text.Kalman_setAngle)
    MPU_Init                                 0x080046d5   Thumb Code   576  mpu6050.o(.text.MPU_Init)
    MemManage_Handler                        0x08004b6d   Thumb Code     4  stm32f1xx_it.o(.text.MemManage_Handler)
    NMI_Handler                              0x08004b71   Thumb Code     4  stm32f1xx_it.o(.text.NMI_Handler)
    PendSV_Handler                           0x08004bf1   Thumb Code    68  port.o(.text.PendSV_Handler)
    SVC_Handler                              0x08004c71   Thumb Code    36  port.o(.text.SVC_Handler)
    SysTick_Handler                          0x08004c95   Thumb Code    62  port.o(.text.SysTick_Handler)
    SystemClock_Config                       0x08004cd5   Thumb Code   118  main.o(.text.SystemClock_Config)
    SystemInit                               0x08004d4d   Thumb Code     2  system_stm32f1xx.o(.text.SystemInit)
    TIM1_CC_IRQHandler                       0x08004d51   Thumb Code    16  stm32f1xx_it.o(.text.TIM1_CC_IRQHandler)
    TIM2_IRQHandler                          0x08004d61   Thumb Code    16  stm32f1xx_it.o(.text.TIM2_IRQHandler)
    TIM_Base_SetConfig                       0x08004d71   Thumb Code   240  stm32f1xx_hal_tim.o(.text.TIM_Base_SetConfig)
    TIM_TI1_SetConfig                        0x08004e61   Thumb Code   202  stm32f1xx_hal_tim.o(.text.TIM_TI1_SetConfig)
    UsageFault_Handler                       0x08005135   Thumb Code     4  stm32f1xx_it.o(.text.UsageFault_Handler)
    main                                     0x080051fd   Thumb Code    68  main.o(.text.main)
    uxListRemove                             0x0800534d   Thumb Code    72  list.o(.text.uxListRemove)
    vEventGroupSetBitsCallback               0x08005395   Thumb Code    20  event_groups.o(.text.vEventGroupSetBitsCallback)
    vListInsertEnd                           0x080053a9   Thumb Code    58  list.o(.text.vListInsertEnd)
    vPortEnterCritical                       0x080053e5   Thumb Code    48  port.o(.text.vPortEnterCritical)
    vPortExitCritical                        0x08005415   Thumb Code    40  port.o(.text.vPortExitCritical)
    vTaskRemoveFromUnorderedEventList        0x0800543d   Thumb Code   136  tasks.o(.text.vTaskRemoveFromUnorderedEventList)
    vTaskSuspendAll                          0x080054c5   Thumb Code    16  tasks.o(.text.vTaskSuspendAll)
    vTaskSwitchContext                       0x080054d5   Thumb Code   148  tasks.o(.text.vTaskSwitchContext)
    xEventGroupSetBits                       0x08005569   Thumb Code   234  event_groups.o(.text.xEventGroupSetBits)
    xQueueGenericSendFromISR                 0x08005655   Thumb Code   198  queue.o(.text.xQueueGenericSendFromISR)
    xTaskIncrementTick                       0x0800571d   Thumb Code   416  tasks.o(.text.xTaskIncrementTick)
    xTaskRemoveFromEventList                 0x080058bd   Thumb Code   172  tasks.o(.text.xTaskRemoveFromEventList)
    xTaskResumeAll                           0x08005969   Thumb Code   358  tasks.o(.text.xTaskResumeAll)
    xTimerPendFunctionCallFromISR            0x08005ad1   Thumb Code    58  timers.o(.text.xTimerPendFunctionCallFromISR)
    __ARM_fpclassify                         0x08005b0b   Thumb Code    40  fpclassify.o(i.__ARM_fpclassify)
    __kernel_poly                            0x08005b33   Thumb Code   170  poly.o(i.__kernel_poly)
    __mathlib_dbl_infnan                     0x08005bdd   Thumb Code     6  dunder.o(i.__mathlib_dbl_infnan)
    __mathlib_dbl_infnan2                    0x08005be3   Thumb Code     4  dunder.o(i.__mathlib_dbl_infnan2)
    __mathlib_dbl_underflow                  0x08005be9   Thumb Code    10  dunder.o(i.__mathlib_dbl_underflow)
    __scatterload_copy                       0x08005bf9   Thumb Code    14  handlers.o(i.__scatterload_copy)
    __scatterload_null                       0x08005c07   Thumb Code     2  handlers.o(i.__scatterload_null)
    __scatterload_zeroinit                   0x08005c09   Thumb Code    14  handlers.o(i.__scatterload_zeroinit)
    __set_errno                              0x08005c19   Thumb Code     6  errno.o(i.__set_errno)
    atan                                     0x08005c25   Thumb Code   474  atan.o(i.atan)
    atan2                                    0x08005e45   Thumb Code   374  atan2.o(i.atan2)
    sqrt                                     0x08005fe1   Thumb Code    76  sqrt.o(i.sqrt)
    __mathlib_zero                           0x080060c8   Data           8  qnan.o(.constdata)
    AHBPrescTable                            0x080060d0   Data          16  system_stm32f1xx.o(.rodata.AHBPrescTable)
    APBPrescTable                            0x080060e0   Data           8  system_stm32f1xx.o(.rodata.APBPrescTable)
    Region$$Table$$Base                      0x080060e8   Number         0  anon$$obj.o(Region$$Table)
    Region$$Table$$Limit                     0x08006108   Number         0  anon$$obj.o(Region$$Table)
    RAD_TO_DEG                               0x20000004   Data           4  main.o(.data.RAD_TO_DEG)
    SystemCoreClock                          0x20000008   Data           4  system_stm32f1xx.o(.data.SystemCoreClock)
    uwTickFreq                               0x20000010   Data           1  stm32f1xx_hal.o(.data.uwTickFreq)
    uwTickPrio                               0x20000014   Data           4  stm32f1xx_hal.o(.data.uwTickPrio)
    Angle_Pitch                              0x20000024   Data          40  main.o(.bss.Angle_Pitch)
    Angle_Roll                               0x2000004c   Data          40  main.o(.bss.Angle_Roll)
    ErrorAX                                  0x20000074   Data           4  main.o(.bss.ErrorAX)
    ErrorAY                                  0x20000078   Data           4  main.o(.bss.ErrorAY)
    accX                                     0x200000b0   Data           8  main.o(.bss.accX)
    accY                                     0x200000b8   Data           8  main.o(.bss.accY)
    accZ                                     0x200000c0   Data           8  main.o(.bss.accZ)
    compAngleX                               0x200000c8   Data           8  main.o(.bss.compAngleX)
    compAngleY                               0x200000d0   Data           8  main.o(.bss.compAngleY)
    elapsedTime                              0x200000d8   Data           4  main.o(.bss.elapsedTime)
    gyroX                                    0x200000e0   Data           8  main.o(.bss.gyroX)
    gyroXangle                               0x200000e8   Data           8  main.o(.bss.gyroXangle)
    gyroY                                    0x200000f0   Data           8  main.o(.bss.gyroY)
    gyroYangle                               0x200000f8   Data           8  main.o(.bss.gyroYangle)
    gyroZ                                    0x20000100   Data           8  main.o(.bss.gyroZ)
    gyroZangle                               0x20000108   Data           8  main.o(.bss.gyroZangle)
    gyro_x_cal                               0x20000110   Data           4  main.o(.bss.gyro_x_cal)
    gyro_y_cal                               0x20000114   Data           4  main.o(.bss.gyro_y_cal)
    gyro_z_cal                               0x20000118   Data           4  main.o(.bss.gyro_z_cal)
    hi2c1                                    0x2000011c   Data          84  main.o(.bss.hi2c1)
    htim1                                    0x20000170   Data          72  main.o(.bss.htim1)
    htim2                                    0x200001b8   Data          72  stm32f1xx_hal_timebase_tim.o(.bss.htim2)
    huart1                                   0x20000200   Data          64  main.o(.bss.huart1)
    kalAngleX                                0x20000240   Data           4  main.o(.bss.kalAngleX)
    kalAngleY                                0x20000244   Data           4  main.o(.bss.kalAngleY)
    pxCurrentTCB                             0x20000248   Data           4  tasks.o(.bss.pxCurrentTCB)
    time                                     0x200002b8   Data           4  main.o(.bss.time)
    timePrev                                 0x200002bc   Data           4  main.o(.bss.timePrev)
    uwTick                                   0x200002c0   Data           4  stm32f1xx_hal.o(.bss.uwTick)
    xHigherPriorityTaskWoken                 0x200002d0   Data           4  indproximity.o(.bss.xHigherPriorityTaskWoken)
    xResult                                  0x200002f4   Data           4  indproximity.o(.bss.xResult)
    __initial_sp                             0x20000708   Data           0  startup_stm32f103xb.o(STACK)



==============================================================================

Memory Map of the image

  Image Entry point : 0x080000ed

  Load Region LR_IROM1 (Base: 0x08000000, Size: 0x00006128, Max: 0x00010000, ABSOLUTE)

    Execution Region ER_IROM1 (Exec base: 0x08000000, Load base: 0x08000000, Size: 0x00006108, Max: 0x00010000, ABSOLUTE)

    Exec Addr    Load Addr    Size         Type   Attr      Idx    E Section Name        Object

    0x08000000   0x08000000   0x000000ec   Data   RO            3    RESET               startup_stm32f103xb.o
    0x080000ec   0x080000ec   0x00000000   Code   RO         1622  * .ARM.Collect$$$$00000000  mc_w.l(entry.o)
    0x080000ec   0x080000ec   0x00000004   Code   RO         1684    .ARM.Collect$$$$00000001  mc_w.l(entry2.o)
    0x080000f0   0x080000f0   0x00000004   Code   RO         1687    .ARM.Collect$$$$00000004  mc_w.l(entry5.o)
    0x080000f4   0x080000f4   0x00000000   Code   RO         1689    .ARM.Collect$$$$00000008  mc_w.l(entry7b.o)
    0x080000f4   0x080000f4   0x00000000   Code   RO         1691    .ARM.Collect$$$$0000000A  mc_w.l(entry8b.o)
    0x080000f4   0x080000f4   0x00000008   Code   RO         1692    .ARM.Collect$$$$0000000B  mc_w.l(entry9a.o)
    0x080000fc   0x080000fc   0x00000000   Code   RO         1694    .ARM.Collect$$$$0000000D  mc_w.l(entry10a.o)
    0x080000fc   0x080000fc   0x00000000   Code   RO         1696    .ARM.Collect$$$$0000000F  mc_w.l(entry11a.o)
    0x080000fc   0x080000fc   0x00000004   Code   RO         1685    .ARM.Collect$$$$00002712  mc_w.l(entry2.o)
    0x08000100   0x08000100   0x00000024   Code   RO            4    .text               startup_stm32f103xb.o
    0x08000124   0x08000124   0x00000024   Code   RO         1625    .text               mc_w.l(memcpya.o)
    0x08000148   0x08000148   0x00000024   Code   RO         1627    .text               mc_w.l(memseta.o)
    0x0800016c   0x0800016c   0x000000b0   Code   RO         1631    .text               mf_w.l(fadd.o)
    0x0800021c   0x0800021c   0x00000064   Code   RO         1633    .text               mf_w.l(fmul.o)
    0x08000280   0x08000280   0x0000007c   Code   RO         1635    .text               mf_w.l(fdiv.o)
    0x080002fc   0x080002fc   0x0000014e   Code   RO         1637    .text               mf_w.l(dadd.o)
    0x0800044a   0x0800044a   0x000000e4   Code   RO         1639    .text               mf_w.l(dmul.o)
    0x0800052e   0x0800052e   0x000000de   Code   RO         1641    .text               mf_w.l(ddiv.o)
    0x0800060c   0x0800060c   0x0000001c   Code   RO         1643    .text               mf_w.l(fcmpge.o)
    0x08000628   0x08000628   0x0000001c   Code   RO         1645    .text               mf_w.l(fcmpgt.o)
    0x08000644   0x08000644   0x00000036   Code   RO         1647    .text               mf_w.l(dcmple.o)
    0x0800067a   0x0800067a   0x00000036   Code   RO         1649    .text               mf_w.l(dcmplt.o)
    0x080006b0   0x080006b0   0x00000036   Code   RO         1651    .text               mf_w.l(dcmpge.o)
    0x080006e6   0x080006e6   0x00000012   Code   RO         1653    .text               mf_w.l(fflti.o)
    0x080006f8   0x080006f8   0x0000000a   Code   RO         1655    .text               mf_w.l(ffltui.o)
    0x08000702   0x08000702   0x00000022   Code   RO         1657    .text               mf_w.l(dflti.o)
    0x08000724   0x08000724   0x00000026   Code   RO         1661    .text               mf_w.l(f2d.o)
    0x0800074a   0x0800074a   0x00000038   Code   RO         1663    .text               mf_w.l(d2f.o)
    0x08000782   0x08000782   0x0000001e   Code   RO         1698    .text               mc_w.l(llshl.o)
    0x080007a0   0x080007a0   0x00000024   Code   RO         1700    .text               mc_w.l(llsshr.o)
    0x080007c4   0x080007c4   0x00000000   Code   RO         1709    .text               mc_w.l(iusefp.o)
    0x080007c4   0x080007c4   0x0000006e   Code   RO         1710    .text               mf_w.l(fepilogue.o)
    0x08000832   0x08000832   0x000000ba   Code   RO         1712    .text               mf_w.l(depilogue.o)
    0x080008ec   0x080008ec   0x0000002e   Code   RO         1714    .text               mf_w.l(dscalb.o)
    0x0800091a   0x0800091a   0x000000a2   Code   RO         1716    .text               mf_w.l(dsqrt.o)
    0x080009bc   0x080009bc   0x00000030   Code   RO         1718    .text               mf_w.l(cdcmple.o)
    0x080009ec   0x080009ec   0x00000024   Code   RO         1720    .text               mc_w.l(init.o)
    0x08000a10   0x08000a10   0x00000020   Code   RO         1722    .text               mc_w.l(llushr.o)
    0x08000a30   0x08000a30   0x00000004   Code   RO           96    .text.BusFault_Handler  stm32f1xx_it.o
    0x08000a34   0x08000a34   0x00000002   Code   RO          100    .text.DebugMon_Handler  stm32f1xx_it.o
    0x08000a36   0x08000a36   0x00000002   PAD
    0x08000a38   0x08000a38   0x0000000e   Code   RO           29    .text.Error_Handler  main.o
    0x08000a46   0x08000a46   0x00000002   PAD
    0x08000a48   0x08000a48   0x0000032e   Code   RO          444    .text.HAL_GPIO_Init  stm32f1xx_hal_gpio.o
    0x08000d76   0x08000d76   0x00000002   PAD
    0x08000d78   0x08000d78   0x00000034   Code   RO          450    .text.HAL_GPIO_WritePin  stm32f1xx_hal_gpio.o
    0x08000dac   0x08000dac   0x0000000c   Code   RO          342    .text.HAL_GetTick   stm32f1xx_hal.o
    0x08000db8   0x08000db8   0x000002ba   Code   RO          161    .text.HAL_I2C_Init  stm32f1xx_hal_i2c.o
    0x08001072   0x08001072   0x00000002   PAD
    0x08001074   0x08001074   0x000004ea   Code   RO          215    .text.HAL_I2C_Mem_Read  stm32f1xx_hal_i2c.o
    0x0800155e   0x0800155e   0x00000002   PAD
    0x08001560   0x08001560   0x0000022e   Code   RO          211    .text.HAL_I2C_Mem_Write  stm32f1xx_hal_i2c.o
    0x0800178e   0x0800178e   0x00000002   PAD
    0x08001790   0x08001790   0x000000a2   Code   RO          115    .text.HAL_I2C_MspInit  stm32f1xx_hal_msp.o
    0x08001832   0x08001832   0x00000002   PAD
    0x08001834   0x08001834   0x0000001a   Code   RO          340    .text.HAL_IncTick   stm32f1xx_hal.o
    0x0800184e   0x0800184e   0x00000002   PAD
    0x08001850   0x08001850   0x0000002e   Code   RO          330    .text.HAL_Init      stm32f1xx_hal.o
    0x0800187e   0x0800187e   0x00000002   PAD
    0x08001880   0x08001880   0x000000b8   Code   RO          134    .text.HAL_InitTick  stm32f1xx_hal_timebase_tim.o
    0x08001938   0x08001938   0x00000064   Code   RO          113    .text.HAL_MspInit   stm32f1xx_hal_msp.o
    0x0800199c   0x0800199c   0x00000018   Code   RO          512    .text.HAL_NVIC_EnableIRQ  stm32f1xx_hal_cortex.o
    0x080019b4   0x080019b4   0x00000040   Code   RO          504    .text.HAL_NVIC_SetPriority  stm32f1xx_hal_cortex.o
    0x080019f4   0x080019f4   0x00000010   Code   RO          500    .text.HAL_NVIC_SetPriorityGrouping  stm32f1xx_hal_cortex.o
    0x08001a04   0x08001a04   0x00000258   Code   RO          396    .text.HAL_RCC_ClockConfig  stm32f1xx_hal_rcc.o
    0x08001c5c   0x08001c5c   0x00000054   Code   RO          414    .text.HAL_RCC_GetClockConfig  stm32f1xx_hal_rcc.o
    0x08001cb0   0x08001cb0   0x0000000c   Code   RO          406    .text.HAL_RCC_GetHCLKFreq  stm32f1xx_hal_rcc.o
    0x08001cbc   0x08001cbc   0x00000022   Code   RO          408    .text.HAL_RCC_GetPCLK1Freq  stm32f1xx_hal_rcc.o
    0x08001cde   0x08001cde   0x00000002   PAD
    0x08001ce0   0x08001ce0   0x00000022   Code   RO          410    .text.HAL_RCC_GetPCLK2Freq  stm32f1xx_hal_rcc.o
    0x08001d02   0x08001d02   0x00000002   PAD
    0x08001d04   0x08001d04   0x000000e8   Code   RO          398    .text.HAL_RCC_GetSysClockFreq  stm32f1xx_hal_rcc.o
    0x08001dec   0x08001dec   0x0000068a   Code   RO          392    .text.HAL_RCC_OscConfig  stm32f1xx_hal_rcc.o
    0x08002476   0x08002476   0x00000002   PAD
    0x08002478   0x08002478   0x00000008   Code   RO         1031    .text.HAL_TIMEx_BreakCallback  stm32f1xx_hal_tim_ex.o
    0x08002480   0x08002480   0x00000008   Code   RO         1027    .text.HAL_TIMEx_CommutCallback  stm32f1xx_hal_tim_ex.o
    0x08002488   0x08002488   0x000000dc   Code   RO         1021    .text.HAL_TIMEx_MasterConfigSynchronization  stm32f1xx_hal_tim_ex.o
    0x08002564   0x08002564   0x000000a6   Code   RO          708    .text.HAL_TIM_Base_Init  stm32f1xx_hal_tim.o
    0x0800260a   0x0800260a   0x00000002   PAD
    0x0800260c   0x0800260c   0x00000008   Code   RO          710    .text.HAL_TIM_Base_MspInit  stm32f1xx_hal_tim.o
    0x08002614   0x08002614   0x000000b0   Code   RO          722    .text.HAL_TIM_Base_Start_IT  stm32f1xx_hal_tim.o
    0x080026c4   0x080026c4   0x0000020a   Code   RO         1531    .text.HAL_TIM_IC_CaptureCallback  indproximity.o
    0x080028ce   0x080028ce   0x00000002   PAD
    0x080028d0   0x080028d0   0x00000138   Code   RO          864    .text.HAL_TIM_IC_ConfigChannel  stm32f1xx_hal_tim.o
    0x08002a08   0x08002a08   0x000000a6   Code   RO          782    .text.HAL_TIM_IC_Init  stm32f1xx_hal_tim.o
    0x08002aae   0x08002aae   0x00000002   PAD
    0x08002ab0   0x08002ab0   0x00000096   Code   RO          119    .text.HAL_TIM_IC_MspInit  stm32f1xx_hal_msp.o
    0x08002b46   0x08002b46   0x00000002   PAD
    0x08002b48   0x08002b48   0x00000282   Code   RO          842    .text.HAL_TIM_IRQHandler  stm32f1xx_hal_tim.o
    0x08002dca   0x08002dca   0x00000002   PAD
    0x08002dcc   0x08002dcc   0x00000008   Code   RO          846    .text.HAL_TIM_OC_DelayElapsedCallback  stm32f1xx_hal_tim.o
    0x08002dd4   0x08002dd4   0x00000008   Code   RO          848    .text.HAL_TIM_PWM_PulseFinishedCallback  stm32f1xx_hal_tim.o
    0x08002ddc   0x08002ddc   0x0000001c   Code   RO           31    .text.HAL_TIM_PeriodElapsedCallback  main.o
    0x08002df8   0x08002df8   0x00000008   Code   RO          852    .text.HAL_TIM_TriggerCallback  stm32f1xx_hal_tim.o
    0x08002e00   0x08002e00   0x000000a0   Code   RO         1044    .text.HAL_UART_Init  stm32f1xx_hal_uart.o
    0x08002ea0   0x08002ea0   0x000000b6   Code   RO          123    .text.HAL_UART_MspInit  stm32f1xx_hal_msp.o
    0x08002f56   0x08002f56   0x00000002   PAD
    0x08002f58   0x08002f58   0x00000004   Code   RO           92    .text.HardFault_Handler  stm32f1xx_it.o
    0x08002f5c   0x08002f5c   0x00000064   Code   RO          321    .text.I2C_IsAcknowledgeFailed  stm32f1xx_hal_i2c.o
    0x08002fc0   0x08002fc0   0x00000204   Code   RO          217    .text.I2C_RequestMemoryRead  stm32f1xx_hal_i2c.o
    0x080031c4   0x080031c4   0x00000156   Code   RO          213    .text.I2C_RequestMemoryWrite  stm32f1xx_hal_i2c.o
    0x0800331a   0x0800331a   0x00000002   PAD
    0x0800331c   0x0800331c   0x0000009c   Code   RO          177    .text.I2C_WaitOnBTFFlagUntilTimeout  stm32f1xx_hal_i2c.o
    0x080033b8   0x080033b8   0x000000c4   Code   RO          171    .text.I2C_WaitOnFlagUntilTimeout  stm32f1xx_hal_i2c.o
    0x0800347c   0x0800347c   0x00000114   Code   RO          319    .text.I2C_WaitOnMasterAddressFlagUntilTimeout  stm32f1xx_hal_i2c.o
    0x08003590   0x08003590   0x000000c8   Code   RO          183    .text.I2C_WaitOnRXNEFlagUntilTimeout  stm32f1xx_hal_i2c.o
    0x08003658   0x08003658   0x0000009a   Code   RO          175    .text.I2C_WaitOnTXEFlagUntilTimeout  stm32f1xx_hal_i2c.o
    0x080036f2   0x080036f2   0x00000002   PAD
    0x080036f4   0x080036f4   0x00000304   Code   RO           23    .text.IMU_GetError  main.o
    0x080039f8   0x080039f8   0x0000004a   Code   RO         1584    .text.Kalamn_InitAngle  kalman.o
    0x08003a42   0x08003a42   0x00000002   PAD
    0x08003a44   0x08003a44   0x00000750   Code   RO           27    .text.Kalman_MainFunction  main.o
    0x08004194   0x08004194   0x0000032e   Code   RO           25    .text.Kalman_Setup  main.o
    0x080044c2   0x080044c2   0x00000002   PAD
    0x080044c4   0x080044c4   0x000001fc   Code   RO         1586    .text.Kalman_getAngle  kalman.o
    0x080046c0   0x080046c0   0x00000012   Code   RO         1588    .text.Kalman_setAngle  kalman.o
    0x080046d2   0x080046d2   0x00000002   PAD
    0x080046d4   0x080046d4   0x00000240   Code   RO         1550    .text.MPU_Init      mpu6050.o
    0x08004914   0x08004914   0x000000e8   Code   RO           15    .text.MX_GPIO_Init  main.o
    0x080049fc   0x080049fc   0x00000044   Code   RO           21    .text.MX_I2C1_Init  main.o
    0x08004a40   0x08004a40   0x000000ee   Code   RO           19    .text.MX_TIM1_Init  main.o
    0x08004b2e   0x08004b2e   0x00000002   PAD
    0x08004b30   0x08004b30   0x0000003c   Code   RO           17    .text.MX_USART1_UART_Init  main.o
    0x08004b6c   0x08004b6c   0x00000004   Code   RO           94    .text.MemManage_Handler  stm32f1xx_it.o
    0x08004b70   0x08004b70   0x00000004   Code   RO           90    .text.NMI_Handler   stm32f1xx_it.o
    0x08004b74   0x08004b74   0x0000006e   Code   RO          510    .text.NVIC_EncodePriority  stm32f1xx_hal_cortex.o
    0x08004be2   0x08004be2   0x0000000e   PAD
    0x08004bf0   0x08004bf0   0x00000044   Code   RO         1388    .text.PendSV_Handler  port.o
    0x08004c34   0x08004c34   0x0000003a   Code   RO          394    .text.RCC_Delay     stm32f1xx_hal_rcc.o
    0x08004c6e   0x08004c6e   0x00000002   PAD
    0x08004c70   0x08004c70   0x00000024   Code   RO         1374    .text.SVC_Handler   port.o
    0x08004c94   0x08004c94   0x0000003e   Code   RO         1390    .text.SysTick_Handler  port.o
    0x08004cd2   0x08004cd2   0x00000002   PAD
    0x08004cd4   0x08004cd4   0x00000076   Code   RO           13    .text.SystemClock_Config  main.o
    0x08004d4a   0x08004d4a   0x00000002   PAD
    0x08004d4c   0x08004d4c   0x00000002   Code   RO         1161    .text.SystemInit    system_stm32f1xx.o
    0x08004d4e   0x08004d4e   0x00000002   PAD
    0x08004d50   0x08004d50   0x00000010   Code   RO          102    .text.TIM1_CC_IRQHandler  stm32f1xx_it.o
    0x08004d60   0x08004d60   0x00000010   Code   RO          104    .text.TIM2_IRQHandler  stm32f1xx_it.o
    0x08004d70   0x08004d70   0x000000f0   Code   RO          712    .text.TIM_Base_SetConfig  stm32f1xx_hal_tim.o
    0x08004e60   0x08004e60   0x000000ca   Code   RO          866    .text.TIM_TI1_SetConfig  stm32f1xx_hal_tim.o
    0x08004f2a   0x08004f2a   0x00000002   PAD
    0x08004f2c   0x08004f2c   0x0000006c   Code   RO          868    .text.TIM_TI2_SetConfig  stm32f1xx_hal_tim.o
    0x08004f98   0x08004f98   0x0000006a   Code   RO          870    .text.TIM_TI3_SetConfig  stm32f1xx_hal_tim.o
    0x08005002   0x08005002   0x00000002   PAD
    0x08005004   0x08005004   0x0000006c   Code   RO          872    .text.TIM_TI4_SetConfig  stm32f1xx_hal_tim.o
    0x08005070   0x08005070   0x000000c2   Code   RO         1048    .text.UART_SetConfig  stm32f1xx_hal_uart.o
    0x08005132   0x08005132   0x00000002   PAD
    0x08005134   0x08005134   0x00000004   Code   RO           98    .text.UsageFault_Handler  stm32f1xx_it.o
    0x08005138   0x08005138   0x00000034   Code   RO          514    .text.__NVIC_EnableIRQ  stm32f1xx_hal_cortex.o
    0x0800516c   0x0800516c   0x00000010   Code   RO          506    .text.__NVIC_GetPriorityGrouping  stm32f1xx_hal_cortex.o
    0x0800517c   0x0800517c   0x00000044   Code   RO          508    .text.__NVIC_SetPriority  stm32f1xx_hal_cortex.o
    0x080051c0   0x080051c0   0x0000003c   Code   RO          502    .text.__NVIC_SetPriorityGrouping  stm32f1xx_hal_cortex.o
    0x080051fc   0x080051fc   0x00000044   Code   RO           11    .text.main          main.o
    0x08005240   0x08005240   0x000000c2   Code   RO         1200    .text.prvCopyDataToQueue  queue.o
    0x08005302   0x08005302   0x00000002   PAD
    0x08005304   0x08005304   0x00000048   Code   RO         1255    .text.prvResetNextTaskUnblockTime  tasks.o
    0x0800534c   0x0800534c   0x00000048   Code   RO         1183    .text.uxListRemove  list.o
    0x08005394   0x08005394   0x00000014   Code   RO         1447    .text.vEventGroupSetBitsCallback  event_groups.o
    0x080053a8   0x080053a8   0x0000003a   Code   RO         1179    .text.vListInsertEnd  list.o
    0x080053e2   0x080053e2   0x00000002   PAD
    0x080053e4   0x080053e4   0x00000030   Code   RO         1384    .text.vPortEnterCritical  port.o
    0x08005414   0x08005414   0x00000028   Code   RO         1386    .text.vPortExitCritical  port.o
    0x0800543c   0x0800543c   0x00000088   Code   RO         1309    .text.vTaskRemoveFromUnorderedEventList  tasks.o
    0x080054c4   0x080054c4   0x00000010   Code   RO         1259    .text.vTaskSuspendAll  tasks.o
    0x080054d4   0x080054d4   0x00000094   Code   RO         1275    .text.vTaskSwitchContext  tasks.o
    0x08005568   0x08005568   0x000000ea   Code   RO         1435    .text.xEventGroupSetBits  event_groups.o
    0x08005652   0x08005652   0x00000002   PAD
    0x08005654   0x08005654   0x000000c6   Code   RO         1206    .text.xQueueGenericSendFromISR  queue.o
    0x0800571a   0x0800571a   0x00000002   PAD
    0x0800571c   0x0800571c   0x000001a0   Code   RO         1289    .text.xTaskIncrementTick  tasks.o
    0x080058bc   0x080058bc   0x000000ac   Code   RO         1307    .text.xTaskRemoveFromEventList  tasks.o
    0x08005968   0x08005968   0x00000166   Code   RO         1263    .text.xTaskResumeAll  tasks.o
    0x08005ace   0x08005ace   0x00000002   PAD
    0x08005ad0   0x08005ad0   0x0000003a   Code   RO         1488    .text.xTimerPendFunctionCallFromISR  timers.o
    0x08005b0a   0x08005b0a   0x00000028   Code   RO         1679    i.__ARM_fpclassify  m_ws.l(fpclassify.o)
    0x08005b32   0x08005b32   0x000000aa   Code   RO         1681    i.__kernel_poly     m_ws.l(poly.o)
    0x08005bdc   0x08005bdc   0x00000006   Code   RO         1666    i.__mathlib_dbl_infnan  m_ws.l(dunder.o)
    0x08005be2   0x08005be2   0x00000004   Code   RO         1667    i.__mathlib_dbl_infnan2  m_ws.l(dunder.o)
    0x08005be6   0x08005be6   0x00000002   PAD
    0x08005be8   0x08005be8   0x00000010   Code   RO         1671    i.__mathlib_dbl_underflow  m_ws.l(dunder.o)
    0x08005bf8   0x08005bf8   0x0000000e   Code   RO         1726    i.__scatterload_copy  mc_w.l(handlers.o)
    0x08005c06   0x08005c06   0x00000002   Code   RO         1727    i.__scatterload_null  mc_w.l(handlers.o)
    0x08005c08   0x08005c08   0x0000000e   Code   RO         1728    i.__scatterload_zeroinit  mc_w.l(handlers.o)
    0x08005c16   0x08005c16   0x00000002   PAD
    0x08005c18   0x08005c18   0x0000000c   Code   RO         1704    i.__set_errno       mc_w.l(errno.o)
    0x08005c24   0x08005c24   0x00000220   Code   RO         1597    i.atan              m_ws.l(atan.o)
    0x08005e44   0x08005e44   0x0000019c   Code   RO         1607    i.atan2             m_ws.l(atan2.o)
    0x08005fe0   0x08005fe0   0x0000004c   Code   RO         1615    i.sqrt              m_ws.l(sqrt.o)
    0x0800602c   0x0800602c   0x00000004   PAD
    0x08006030   0x08006030   0x00000098   Data   RO         1598    .constdata          m_ws.l(atan.o)
    0x080060c8   0x080060c8   0x00000008   Data   RO         1683    .constdata          m_ws.l(qnan.o)
    0x080060d0   0x080060d0   0x00000010   Data   RO         1166    .rodata.AHBPrescTable  system_stm32f1xx.o
    0x080060e0   0x080060e0   0x00000008   Data   RO         1167    .rodata.APBPrescTable  system_stm32f1xx.o
    0x080060e8   0x080060e8   0x00000020   Data   RO         1725    Region$$Table       anon$$obj.o


    Execution Region RW_IRAM1 (Exec base: 0x20000000, Load base: 0x08006108, Size: 0x00000708, Max: 0x00005000, ABSOLUTE)

    Exec Addr    Load Addr    Size         Type   Attr      Idx    E Section Name        Object

    0x20000000   0x08006108   0x00000004   Data   RW         1705    .data               mc_w.l(errno.o)
    0x20000004   0x0800610c   0x00000004   Data   RW           35    .data.RAD_TO_DEG    main.o
    0x20000008   0x08006110   0x00000004   Data   RW         1165    .data.SystemCoreClock  system_stm32f1xx.o
    0x2000000c   0x08006114   0x00000004   Data   RW         1541    .data.TimerChannelsEventBit  indproximity.o
    0x20000010   0x08006118   0x00000001   Data   RW          381    .data.uwTickFreq    stm32f1xx_hal.o
    0x20000011   0x08006119   0x00000003   PAD
    0x20000014   0x0800611c   0x00000004   Data   RW          380    .data.uwTickPrio    stm32f1xx_hal.o
    0x20000018   0x08006120   0x00000004   Data   RW         1392    .data.uxCriticalNesting  port.o
    0x2000001c   0x08006124   0x00000004   PAD
    0x20000020        -       0x00000004   Zero   RW         1562    .bss.AccelDivider   mpu6050.o
    0x20000024        -       0x00000028   Zero   RW           39    .bss.Angle_Pitch    main.o
    0x2000004c        -       0x00000028   Zero   RW           40    .bss.Angle_Roll     main.o
    0x20000074        -       0x00000004   Zero   RW           33    .bss.ErrorAX        main.o
    0x20000078        -       0x00000004   Zero   RW           34    .bss.ErrorAY        main.o
    0x2000007c        -       0x00000004   Zero   RW         1561    .bss.GlobalConfig   mpu6050.o
    0x20000080        -       0x00000004   Zero   RW         1563    .bss.GyroDivider    mpu6050.o
    0x20000084        -       0x00000001   Zero   RW         1560    .bss.MpuModuleState  mpu6050.o
    0x20000085   0x08006124   0x00000003   PAD
    0x20000088        -       0x00000020   Zero   RW         1540    .bss.TimerChannelsCaptureValue  indproximity.o
    0x200000a8        -       0x00000004   Zero   RW         1534    .bss.TimerChannelsGroup  indproximity.o
    0x200000ac   0x08006124   0x00000004   PAD
    0x200000b0        -       0x00000008   Zero   RW           41    .bss.accX           main.o
    0x200000b8        -       0x00000008   Zero   RW           42    .bss.accY           main.o
    0x200000c0        -       0x00000008   Zero   RW           43    .bss.accZ           main.o
    0x200000c8        -       0x00000008   Zero   RW           52    .bss.compAngleX     main.o
    0x200000d0        -       0x00000008   Zero   RW           53    .bss.compAngleY     main.o
    0x200000d8        -       0x00000004   Zero   RW           56    .bss.elapsedTime    main.o
    0x200000dc   0x08006124   0x00000004   PAD
    0x200000e0        -       0x00000008   Zero   RW           44    .bss.gyroX          main.o
    0x200000e8        -       0x00000008   Zero   RW           50    .bss.gyroXangle     main.o
    0x200000f0        -       0x00000008   Zero   RW           45    .bss.gyroY          main.o
    0x200000f8        -       0x00000008   Zero   RW           51    .bss.gyroYangle     main.o
    0x20000100        -       0x00000008   Zero   RW           46    .bss.gyroZ          main.o
    0x20000108        -       0x00000008   Zero   RW           57    .bss.gyroZangle     main.o
    0x20000110        -       0x00000004   Zero   RW           47    .bss.gyro_x_cal     main.o
    0x20000114        -       0x00000004   Zero   RW           48    .bss.gyro_y_cal     main.o
    0x20000118        -       0x00000004   Zero   RW           49    .bss.gyro_z_cal     main.o
    0x2000011c        -       0x00000054   Zero   RW           38    .bss.hi2c1          main.o
    0x20000170        -       0x00000048   Zero   RW           60    .bss.htim1          main.o
    0x200001b8        -       0x00000048   Zero   RW          140    .bss.htim2          stm32f1xx_hal_timebase_tim.o
    0x20000200        -       0x00000040   Zero   RW           61    .bss.huart1         main.o
    0x20000240        -       0x00000004   Zero   RW           59    .bss.kalAngleX      main.o
    0x20000244        -       0x00000004   Zero   RW           58    .bss.kalAngleY      main.o
    0x20000248        -       0x00000004   Zero   RW         1341    .bss.pxCurrentTCB   tasks.o
    0x2000024c        -       0x00000004   Zero   RW         1358    .bss.pxDelayedTaskList  tasks.o
    0x20000250        -       0x00000004   Zero   RW         1359    .bss.pxOverflowDelayedTaskList  tasks.o
    0x20000254        -       0x00000064   Zero   RW         1342    .bss.pxReadyTasksLists  tasks.o
    0x200002b8        -       0x00000004   Zero   RW           54    .bss.time           main.o
    0x200002bc        -       0x00000004   Zero   RW           55    .bss.timePrev       main.o
    0x200002c0        -       0x00000004   Zero   RW          382    .bss.uwTick         stm32f1xx_hal.o
    0x200002c4        -       0x00000004   Zero   RW         1347    .bss.uxCurrentNumberOfTasks  tasks.o
    0x200002c8        -       0x00000004   Zero   RW         1351    .bss.uxSchedulerSuspended  tasks.o
    0x200002cc        -       0x00000004   Zero   RW         1343    .bss.uxTopReadyPriority  tasks.o
    0x200002d0        -       0x00000004   Zero   RW         1539    .bss.xHigherPriorityTaskWoken  indproximity.o
    0x200002d4        -       0x00000004   Zero   RW         1355    .bss.xNextTaskUnblockTime  tasks.o
    0x200002d8        -       0x00000004   Zero   RW         1360    .bss.xNumOfOverflows  tasks.o
    0x200002dc        -       0x00000004   Zero   RW         1357    .bss.xPendedTicks   tasks.o
    0x200002e0        -       0x00000014   Zero   RW         1352    .bss.xPendingReadyList  tasks.o
    0x200002f4        -       0x00000004   Zero   RW         1542    .bss.xResult        indproximity.o
    0x200002f8        -       0x00000004   Zero   RW         1349    .bss.xTickCount     tasks.o
    0x200002fc        -       0x00000004   Zero   RW         1506    .bss.xTimerQueue    timers.o
    0x20000300        -       0x00000004   Zero   RW         1356    .bss.xYieldPending  tasks.o
    0x20000304   0x08006124   0x00000004   PAD
    0x20000308        -       0x00000400   Zero   RW            1    STACK               startup_stm32f103xb.o


==============================================================================

Image component sizes


      Code (inc. data)   RO Data    RW Data    ZI Data      Debug   Object Name

       254          0          0          0          0       5037   event_groups.o
       522          0          0          4         44       5520   indproximity.o
       600          0          0          0          0       1633   kalman.o
       130          0          0          0          0       2062   list.o
      4284          0          0          4        428      12496   main.o
       576          8          0          0         13       5485   mpu6050.o
       254          8          0          4          0       2520   port.o
       392          0          0          0          0      10113   queue.o
        36          8        236          0       1024        780   startup_stm32f103xb.o
        84          0          0          5          4       5584   stm32f1xx_hal.o
       410          0          0          0          0       7529   stm32f1xx_hal_cortex.o
       866          0          0          0          0       4207   stm32f1xx_hal_gpio.o
      4454          0          0          0          0      36593   stm32f1xx_hal_i2c.o
       594          0          0          0          0       8814   stm32f1xx_hal_msp.o
      2728          0          0          0          0       7391   stm32f1xx_hal_rcc.o
      2258          0          0          0          0      34673   stm32f1xx_hal_tim.o
       236          0          0          0          0      14723   stm32f1xx_hal_tim_ex.o
       184          0          0          0         72       5518   stm32f1xx_hal_timebase_tim.o
       354          0          0          0          0      15228   stm32f1xx_hal_uart.o
        54          0          0          0          0        950   stm32f1xx_it.o
         2          0         24          4          0       1544   system_stm32f1xx.o
      1318          0          0          0        164      16390   tasks.o
        58          0          0          0          4       8175   timers.o

    ----------------------------------------------------------------------
     20734         24        292         24       1772     212965   Object Totals
         0          0         32          0          0          0   (incl. Generated)
        86          0          0          3         19          0   (incl. Padding)

    ----------------------------------------------------------------------

      Code (inc. data)   RO Data    RW Data    ZI Data      Debug   Library Member Name

       544         70        152          0          0        124   atan.o
       412         38          0          0          0        144   atan2.o
        26          6          0          0          0        204   dunder.o
        40          0          0          0          0         68   fpclassify.o
       170          0          0          0          0         96   poly.o
         0          0          8          0          0          0   qnan.o
        76          0          0          0          0         84   sqrt.o
         0          0          0          0          0          0   entry.o
         0          0          0          0          0          0   entry10a.o
         0          0          0          0          0          0   entry11a.o
         8          4          0          0          0          0   entry2.o
         4          0          0          0          0          0   entry5.o
         0          0          0          0          0          0   entry7b.o
         0          0          0          0          0          0   entry8b.o
         8          4          0          0          0          0   entry9a.o
        12          6          0          4          0         68   errno.o
        30          0          0          0          0          0   handlers.o
        36          8          0          0          0         68   init.o
         0          0          0          0          0          0   iusefp.o
        30          0          0          0          0         68   llshl.o
        36          0          0          0          0         68   llsshr.o
        32          0          0          0          0         68   llushr.o
        36          0          0          0          0         68   memcpya.o
        36          0          0          0          0        108   memseta.o
        48          0          0          0          0         68   cdcmple.o
        56          0          0          0          0         88   d2f.o
       334          0          0          0          0        148   dadd.o
        54          0          0          0          0         80   dcmpge.o
        54          0          0          0          0         80   dcmple.o
        54          0          0          0          0         80   dcmplt.o
       222          0          0          0          0        100   ddiv.o
       186          0          0          0          0        176   depilogue.o
        34          0          0          0          0         76   dflti.o
       228          0          0          0          0         96   dmul.o
        46          0          0          0          0         80   dscalb.o
       162          0          0          0          0        100   dsqrt.o
        38          0          0          0          0         68   f2d.o
       176          0          0          0          0        140   fadd.o
        28          0          0          0          0         68   fcmpge.o
        28          0          0          0          0         68   fcmpgt.o
       124          0          0          0          0         88   fdiv.o
       110          0          0          0          0        168   fepilogue.o
        18          0          0          0          0         68   fflti.o
        10          0          0          0          0         68   ffltui.o
       100          0          0          0          0         76   fmul.o

    ----------------------------------------------------------------------
      3654        136        160          4          0       3220   Library Totals
         8          0          0          0          0          0   (incl. Padding)

    ----------------------------------------------------------------------

      Code (inc. data)   RO Data    RW Data    ZI Data      Debug   Library Name

      1268        114        160          0          0        720   m_ws.l
       268         22          0          4          0        516   mc_w.l
      2110          0          0          0          0       1984   mf_w.l

    ----------------------------------------------------------------------
      3654        136        160          4          0       3220   Library Totals

    ----------------------------------------------------------------------

==============================================================================


      Code (inc. data)   RO Data    RW Data    ZI Data      Debug   

     24388        160        452         28       1772     214285   Grand Totals
     24388        160        452         28       1772     214285   ELF Image Totals
     24388        160        452         28          0          0   ROM Totals

==============================================================================

    Total RO  Size (Code + RO Data)                24840 (  24.26kB)
    Total RW  Size (RW Data + ZI Data)              1800 (   1.76kB)
    Total ROM Size (Code + RO Data + RW Data)      24868 (  24.29kB)

==============================================================================

